2000 symbols, ADX_aged := ADX21>25 & age>=6
  0/2000
  400/2000
  800/2000
  1200/2000
  1600/2000

############### DEPTH-CONTROLLED ADX AMPLIFIER TEST (NW R-lift vs regime random) ###############
  within each dislocation-depth bucket: does ADX-persistence (withADX) beat its absence (noADX)?
  GAP = withADX − noADX.  consistent +GAP across buckets => real conditioner; ~0/erratic => depth proxy.

  === RSI  regime=nonbull ===  (deeper bucket → down the list)
    bucket            ALL-in-bucket              withADX                noADX     GAP(w−n)
    rsi27-30    +0.072R t+4.2 n9769  -0.008R t-0.2 n1812  +0.060R t+2.9 n6668      -0.068R
    rsi24-27    +0.060R t+2.7 n5945  -0.018R t-0.3 n1108  +0.034R t+1.2 n3638      -0.052R
    rsi20-24    -0.010R t-0.4 n4282  -0.085R t-1.6 n1007  -0.054R t-1.5 n2295      -0.030R
    rsi<20      -0.138R t-3.6 n2272   -0.162R t-2.4 n787   -0.260R t-4.5 n970      +0.098R

  === RSI  regime=all ===  (deeper bucket → down the list)
    bucket            ALL-in-bucket              withADX                noADX     GAP(w−n)
    rsi27-30   +0.076R t+7.7 n31171  +0.041R t+2.0 n7018 +0.078R t+6.9 n23260      -0.037R
    rsi24-27   +0.068R t+5.4 n18560  -0.029R t-1.1 n4462 +0.072R t+4.8 n12969      -0.101R
    rsi20-24   +0.060R t+3.8 n12315  -0.017R t-0.6 n3333  +0.046R t+2.4 n7914      -0.064R
    rsi<20      +0.008R t+0.3 n5907  -0.015R t-0.4 n2000  -0.051R t-1.6 n3165      +0.036R

  === CLOUD_DIST  regime=nonbull ===  (deeper bucket → down the list)
    bucket            ALL-in-bucket              withADX                noADX     GAP(w−n)
    0-1atr     +0.040R t+3.5 n33954  +0.008R t+0.2 n1838 +0.038R t+3.2 n31226      -0.030R
    1-2atr     +0.018R t+1.5 n33496  +0.059R t+1.7 n3181 +0.009R t+0.8 n29439      +0.049R
    2-4atr     +0.053R t+5.7 n60427 +0.084R t+4.2 n12131 +0.043R t+4.1 n47703      +0.040R
    4+atr      +0.098R t+10.5 n61148 +0.130R t+9.3 n28013 +0.068R t+5.5 n32798      +0.061R

  === CLOUD_DIST  regime=all ===  (deeper bucket → down the list)
    bucket            ALL-in-bucket              withADX                noADX     GAP(w−n)
    0-1atr     +0.009R t+1.6 n143811  +0.009R t+0.4 n8669 +0.008R t+1.4 n134248      +0.001R
    1-2atr     +0.006R t+1.0 n129804 +0.028R t+1.5 n10881 +0.003R t+0.5 n118208      +0.025R
    2-4atr     +0.026R t+5.0 n198412 +0.053R t+4.1 n30382 +0.021R t+3.7 n167712      +0.032R
    4+atr      +0.055R t+9.4 n175756 +0.071R t+7.6 n69563 +0.043R t+5.9 n105981      +0.028R

  === CLOUD_AGE  regime=nonbull ===  (deeper bucket → down the list)
    bucket            ALL-in-bucket              withADX                noADX     GAP(w−n)
    age1-5     -0.030R t-2.5 n27921  -0.171R t-3.1 n1377 -0.024R t-1.9 n26148      -0.147R
    age6-25    +0.030R t+3.3 n68854 +0.043R t+2.2 n11952 +0.026R t+2.6 n56543      +0.017R
    age26+     +0.129R t+14.6 n83357 +0.154R t+11.2 n32749 +0.111R t+9.9 n50275      +0.043R

  === CLOUD_AGE  regime=all ===  (deeper bucket → down the list)
    bucket            ALL-in-bucket              withADX                noADX     GAP(w−n)
    age1-5     +0.002R t+0.3 n114722  -0.030R t-1.2 n6337 +0.002R t+0.3 n107939      -0.032R
    age6-25    +0.014R t+2.7 n242499 +0.031R t+2.3 n31021 +0.011R t+2.0 n211171      +0.020R
    age26+     +0.057R t+10.8 n249595 +0.078R t+8.6 n80782 +0.046R t+7.4 n168615      +0.031R

done.
