2000 syms, adx_diDown gauntlet hold10 2:1, deep-age>=6
  0/2000
  300/2000
  600/2000
  900/2000
  1200/2000
  1500/2000
  1800/2000

################ CUMULATIVE FRICTION — regime=all (de-overlapped, clustered) ################
       scenario |                 adx  win% |           adx_aged6  win% |         adx_x_known |             known |            rand
       S0_ideal | +0.1407R t+10.8 n40424   42% | +0.1590R t+10.7 n24115   43% | +0.1545R t+11.4 n32277 | +0.0960R t+8.9 n94476 | +0.0682R t+10.4 n1760313
    S1_nextopen | +0.1207R t+9.2 n40424   42% | +0.1283R t+8.7 n24115   42% | +0.1242R t+9.3 n32277 | +0.0827R t+7.9 n94476 | +0.0471R t+7.5 n1760313
     S2_gapstop | +0.0917R t+6.8 n40424   42% | +0.0951R t+6.1 n24115   42% | +0.0938R t+6.7 n32277 | +0.0503R t+4.6 n94476 | +0.0151R t+2.4 n1760313
      S3_cost25 | +0.0022R t+0.2 n40424   41% | +0.0127R t+0.8 n24115   41% | +0.0108R t+0.8 n32277 | -0.0406R t-3.9 n94476 | -0.0883R t-15.2 n1760313
   S4_realistic | +0.0352R t+2.6 n40424   41% | +0.0446R t+2.9 n24115   41% | +0.0420R t+3.0 n32277 | -0.0084R t-0.8 n94476 | -0.0509R t-8.5 n1760313

################ CUMULATIVE FRICTION — regime=nonbull (de-overlapped, clustered) ################
       scenario |                 adx  win% |           adx_aged6  win% |         adx_x_known |             known |            rand
       S0_ideal | +0.2237R t+13.2 n14193   45% | +0.2667R t+13.7 n9390   46% | +0.2303R t+12.9 n12613 | +0.1623R t+13.6 n30619 | +0.1880R t+22.2 n405297
    S1_nextopen | +0.2021R t+11.8 n14193   44% | +0.2262R t+12.0 n9390   45% | +0.2037R t+11.4 n12613 | +0.1528R t+12.2 n30619 | +0.1819R t+21.5 n405297
     S2_gapstop | +0.1775R t+10.2 n14193   44% | +0.1911R t+9.9 n9390   45% | +0.1785R t+9.8 n12613 | +0.1243R t+9.8 n30619 | +0.1489R t+17.3 n405297
      S3_cost25 | +0.1022R t+5.9 n14193   44% | +0.1202R t+6.3 n9390   44% | +0.1056R t+5.9 n12613 | +0.0459R t+3.7 n30619 | +0.0662R t+8.0 n405297
   S4_realistic | +0.1319R t+7.6 n14193   44% | +0.1491R t+7.8 n9390   44% | +0.1346R t+7.4 n12613 | +0.0756R t+6.1 n30619 | +0.0974R t+11.7 n405297

################ S4 REALISTIC — year by year (absolute R) ################
    year |            adx (all) |          adx (nonbull) |    adx_aged6 (nonbull)
    2016 | +0.518R t+13.4 n2334 |   +0.648R t+15.2 n1688 |     +0.253R t+4.3 n784
    2017 |  +0.175R t+5.1 n2446 |                 (thin) |                 (thin)
    2018 |  -0.068R t-2.6 n4521 |    -0.097R t-2.2 n1584 |    +0.098R t+2.0 n1110
    2019 |  +0.231R t+7.3 n2888 |    +1.020R t+17.5 n506 |    +1.100R t+16.0 n334
    2020 |  +0.031R t+1.2 n3563 |    +0.111R t+3.2 n1981 |    +0.110R t+3.0 n1551
    2021 |  +0.120R t+4.1 n3980 |                 (thin) |                 (thin)
    2022 |  +0.012R t+0.5 n5727 |    +0.038R t+1.6 n4918 |    +0.068R t+2.3 n3182
    2023 |  +0.076R t+2.8 n4212 |    +0.176R t+4.2 n1531 |     +0.324R t+6.0 n906
    2024 |  +0.163R t+5.9 n4202 |                 (thin) |                 (thin)
    2025 |  +0.161R t+6.5 n4890 |    +0.336R t+8.8 n1671 |   +0.418R t+10.2 n1275
    2026 |  +0.161R t+4.0 n1661 |     +0.068R t+0.9 n314 |     +0.054R t+0.6 n248

################ S4 REALISTIC — by liquidity tier (nonbull) ################
  -- adx --
          <1M |       +0.1027R t+0.9 | n 225
         1-5M |       +0.1575R t+4.1 | n 2755
        5-25M |       +0.1298R t+4.3 | n 4560
         >25M |       +0.1405R t+5.4 | n 6653
  -- adx_aged6 --
          <1M |       +0.1975R t+1.4 | n 150
         1-5M |       +0.1584R t+3.7 | n 1811
        5-25M |       +0.1344R t+3.9 | n 3031
         >25M |       +0.1741R t+6.0 | n 4398

done.
