2000 syms (PINNED); DeepOS(rsi<30 age>=3) entry-morning-gap gauntlet, hold10 2:1
  0/2000
  300/2000
/root/BlueHorseshoe/research/indicator_screen/deepos_gap_gauntlet.py:92: RuntimeWarning: divide by zero encountered in divide
  cost_flat=(25.0/1e4)/(SL_ATR*atr_pct)
/root/BlueHorseshoe/research/indicator_screen/deepos_gap_gauntlet.py:93: RuntimeWarning: divide by zero encountered in divide
  cost_tier=np.array([dv_cost_bp(x) for x in np.nan_to_num(dv20)])/1e4/(SL_ATR*atr_pct)
/root/BlueHorseshoe/research/indicator_screen/deepos_gap_gauntlet.py:92: RuntimeWarning: divide by zero encountered in divide
  cost_flat=(25.0/1e4)/(SL_ATR*atr_pct)
/root/BlueHorseshoe/research/indicator_screen/deepos_gap_gauntlet.py:93: RuntimeWarning: divide by zero encountered in divide
  cost_tier=np.array([dv_cost_bp(x) for x in np.nan_to_num(dv20)])/1e4/(SL_ATR*atr_pct)
  600/2000
  900/2000
/root/BlueHorseshoe/research/indicator_screen/deepos_gap_gauntlet.py:92: RuntimeWarning: divide by zero encountered in divide
  cost_flat=(25.0/1e4)/(SL_ATR*atr_pct)
/root/BlueHorseshoe/research/indicator_screen/deepos_gap_gauntlet.py:93: RuntimeWarning: divide by zero encountered in divide
  cost_tier=np.array([dv_cost_bp(x) for x in np.nan_to_num(dv20)])/1e4/(SL_ATR*atr_pct)
  1200/2000
/root/BlueHorseshoe/research/indicator_screen/deepos_gap_gauntlet.py:92: RuntimeWarning: divide by zero encountered in divide
  cost_flat=(25.0/1e4)/(SL_ATR*atr_pct)
/root/BlueHorseshoe/research/indicator_screen/deepos_gap_gauntlet.py:93: RuntimeWarning: divide by zero encountered in divide
  cost_tier=np.array([dv_cost_bp(x) for x in np.nan_to_num(dv20)])/1e4/(SL_ATR*atr_pct)
  1500/2000
/root/BlueHorseshoe/research/indicator_screen/deepos_gap_gauntlet.py:92: RuntimeWarning: divide by zero encountered in divide
  cost_flat=(25.0/1e4)/(SL_ATR*atr_pct)
/root/BlueHorseshoe/research/indicator_screen/deepos_gap_gauntlet.py:93: RuntimeWarning: divide by zero encountered in divide
  cost_tier=np.array([dv_cost_bp(x) for x in np.nan_to_num(dv20)])/1e4/(SL_ATR*atr_pct)
  1800/2000

################ CUMULATIVE FRICTION — regime=all (de-overlapped, clustered) ################
       scenario |          DEEPOS abs R win% |           FILT3 abs R win% |              GAPPED3 |             RAND |  filt-base
       S0_ideal | +0.2512R t+12.0 n9071  44% | +0.2958R t+13.9 n9006  45% | -0.6293R t-22.9 n1173 | +0.0752R t+11.6 n1762510 |   +0.0446R
    S1_nextopen | +0.2372R t+11.0 n9071  43% | +0.2325R t+10.9 n9006  43% | +0.0363R t+0.9 n1173 | +0.0505R t+8.1 n1762510 |   -0.0047R
     S2_gapstop |  +0.2128R t+9.7 n9071  43% |  +0.2091R t+9.6 n9006  43% | -0.0047R t-0.1 n1173 | +0.0163R t+2.6 n1762510 |   -0.0038R
      S3_cost25 |  +0.1369R t+6.3 n9071  43% |  +0.1333R t+6.1 n9006  42% | -0.0480R t-1.1 n1173 | -0.0869R t-15.0 n1762510 |   -0.0036R
   S4_realistic |  +0.1676R t+7.6 n9071  43% |  +0.1639R t+7.5 n9006  43% | -0.0261R t-0.6 n1173 | -0.0496R t-8.3 n1762510 |   -0.0037R

################ CUMULATIVE FRICTION — regime=nonbull (de-overlapped, clustered) ################
       scenario |          DEEPOS abs R win% |           FILT3 abs R win% |              GAPPED3 |             RAND |  filt-base
       S0_ideal | +0.3569R t+12.8 n4130  47% | +0.4251R t+15.1 n4083  50% | -0.6560R t-18.7 n669 | +0.2027R t+24.2 n408588 |   +0.0683R
    S1_nextopen | +0.3338R t+11.9 n4130  47% | +0.3090R t+11.1 n4083  46% |  +0.0031R t+0.1 n669 | +0.1923R t+23.1 n408588 |   -0.0248R
     S2_gapstop | +0.3154R t+11.1 n4130  47% | +0.2902R t+10.2 n4083  46% |  -0.0603R t-1.0 n669 | +0.1587R t+18.7 n408588 |   -0.0252R
      S3_cost25 |  +0.2466R t+8.7 n4130  46% |  +0.2216R t+7.8 n4083  46% |  -0.1055R t-1.8 n669 | +0.0762R t+9.3 n408588 |   -0.0250R
   S4_realistic |  +0.2764R t+9.7 n4130  46% |  +0.2512R t+8.9 n4083  46% |  -0.0838R t-1.4 n669 | +0.1073R t+13.0 n408588 |   -0.0251R

################ THRESHOLD SWEEP — S4 filt lift over bare DeepOS (filt_x - deepos) ################
       all [deepos +0.1676R]  2%:-0.0186(filt +0.149,n8953)  3%:-0.0037(filt +0.164,n9006)  5%:-0.0053(filt +0.162,n9048)
   nonbull [deepos +0.2764R]  2%:-0.0369(filt +0.239,n4044)  3%:-0.0251(filt +0.251,n4083)  5%:-0.0158(filt +0.261,n4110)

################ S4 REALISTIC — year by year: bare DeepOS vs FILT3 (lift = filt-base) ################
    year |         nonbull deepos |          nonbull filt3 | lift
    2016 |    +0.2712R t+3.4 n349 |    +0.2696R t+3.4 n346 | -0.0015
    2017 |                 (thin) |                 (thin) | --
    2018 |    +0.2068R t+3.1 n594 |    +0.2090R t+3.2 n593 | +0.0022
    2019 |     +0.8990R t+6.8 n95 |     +0.8990R t+6.8 n95 | +0.0000
    2020 |    +0.1045R t+1.7 n679 |    -0.0031R t-0.1 n656 | -0.1076
    2021 |                 (thin) |                 (thin) | --
    2022 |   +0.2266R t+5.1 n1319 |   +0.2276R t+5.1 n1309 | +0.0010
    2023 |    +0.1320R t+1.9 n468 |    +0.1387R t+2.0 n463 | +0.0067
    2024 |                 (thin) |                 (thin) | --
    2025 |   +0.7485R t+12.0 n559 |   +0.7472R t+11.9 n554 | -0.0013
    2026 |     +0.4361R t+2.7 n67 |     +0.4361R t+2.7 n67 | +0.0000

################ S4 REALISTIC — FILT3 by liquidity tier (nonbull) ################
       <1M |       +0.0385R t+0.2 | n 63
      1-5M |       +0.1188R t+2.1 | n 875
     5-25M |       +0.2343R t+4.8 | n 1337
      >25M |       +0.2854R t+7.0 | n 1808

done.
