news table: 322580 relevant articles, 896 symbols
  P1 0/2000
  P1 200/2000
  P1 400/2000
  P1 600/2000
  P1 800/2000
  P1 1000/2000
  P1 1200/2000
  P1 1400/2000
  P1 1600/2000
  P1 1800/2000
covered nonbull fires: 1666 | mean_s q33=+0.027 q67=+0.290 median=+0.133
  P2 0/2000
  P2 200/2000
/root/BlueHorseshoe/research/indicator_screen/deepos_news_gauntlet.py:142: RuntimeWarning: divide by zero encountered in divide
  rg,_=run(nxo,atr,o,h,l,c,True); ctier=np.array([dv_cost_bp(x) for x in np.nan_to_num(dv20)])/1e4/(SL_ATR*atr_pct)
  P2 400/2000
  P2 600/2000
  P2 800/2000
  P2 1000/2000
  P2 1200/2000
  P2 1400/2000
  P2 1600/2000
  P2 1800/2000

############ NEWS SPLIT (S4, fires 2022-03-01+) — regime=nonbull  [base +0.191R t+8.1 n7375] ############
   coverage: nocov +0.177R t+6.7 n5724 | cov_benign +0.227R t+4.4 n1350 | cov_neg +0.296R t+2.8 n301
   toxic cell cov_heavyneg(n>=3): +0.305R t+1.3 n64
   covered terciles: sq_low +0.241R t+3.2 n554 | sq_mid +0.254R t+3.2 n551 | sq_high +0.222R t+2.7 n546
   deployable Df_dropneg (skip covered-negative): +0.187R t+7.8 n7074  lift -0.004  vol 96%

############ NEWS SPLIT (S4, fires 2022-03-01+) — regime=all  [base +0.142R t+9.3 n19518] ############
   coverage: nocov +0.150R t+8.6 n14575 | cov_benign +0.110R t+3.3 n3880 | cov_neg +0.155R t+2.5 n1063
   toxic cell cov_heavyneg(n>=3): +0.177R t+1.8 n376
   covered terciles: sq_low +0.134R t+2.9 n1850 | sq_mid +0.118R t+2.3 n1634 | sq_high +0.103R t+2.0 n1459
   deployable Df_dropneg (skip covered-negative): +0.142R t+9.1 n18455  lift -0.001  vol 95%

   coverage-confound check (median $vol20, nonbull): nocov $13M | cov_benign $75M | cov_neg $57M

############ YEAR-BY-YEAR (nonbull S4) ############
    year |         deepos |         nocov |    cov_benign |       cov_neg |     Df_dropneg
    2022 |   +0.021 n3666 |  -0.011 n3018 |   +0.191 n358 |    +0.125 n65 |   +0.018 n3512
    2023 |   -0.017 n1097 |   -0.044 n807 |   +0.041 n149 |    +0.417 n11 |   -0.018 n1071
    2024 |         (thin) |        (thin) |        (thin) |        (thin) |         (thin)
    2025 |    +0.202 n704 |   +0.211 n392 |   -0.232 n140 |    +0.243 n11 |    +0.188 n646
    2026 |     -0.160 n57 |        (thin) |    -0.154 n48 |        (thin) |     -0.154 n48

done.
