fires from parquet: 40155 | covered(atm_iv): 29619 | valid skew: 20380
nonbull cuts: atm_iv 0.508/0.888 | iv_pctile 0.354/0.690 | skew +0.049/+0.107 | skew(q) +0.049/+0.098 | pcr 0.73/3.01
  0/1241
  200/1241
  400/1241
  600/1241
/root/BlueHorseshoe/research/indicator_screen/deepos_options_gauntlet.py:134: RuntimeWarning: divide by zero encountered in divide
  rg,_=run(nxo,atr,o,h,l,c,True); ctier=np.array([dv_cost_bp(x) for x in np.nan_to_num(dv20)])/1e4/(SL_ATR*atr_pct)
  800/1241
/root/BlueHorseshoe/research/indicator_screen/deepos_options_gauntlet.py:134: RuntimeWarning: divide by zero encountered in divide
  rg,_=run(nxo,atr,o,h,l,c,True); ctier=np.array([dv_cost_bp(x) for x in np.nan_to_num(dv20)])/1e4/(SL_ATR*atr_pct)
  1000/1241
  1200/1241

############ OPTIONS-IV SPLIT (S4, fires 2016-01-01+) — regime=nonbull  [base +0.132R t+7.8 n14948] ############
   coverage: nochain +0.157R t+4.9 n4089   [median $vol: nochain $7M vs covered-mid $24M]
   atm_iv terciles (raw level):   aiv_low +0.183R t+5.9 n3627 | aiv_mid +0.105R t+3.3 n3619 | aiv_high +0.078R t+2.4 n3613
   iv_pctile terciles (x-sec):    ivp_low +0.157R t+5.2 n3621 | ivp_mid +0.111R t+3.6 n3628 | ivp_high +0.098R t+3.0 n3610
   skew_25d terciles:             sk_low  +0.150R t+4.3 n2538 | sk_mid  +0.149R t+4.2 n2460 | sk_high  +0.061R t+1.6 n2493
   skew terciles, spread<=0.5:    skq_low +0.166R t+3.8 n1712 | skq_mid +0.146R t+3.3 n1529 | skq_high +0.071R t+1.4 n1585
   pcr_oi terciles:               pc_low  +0.128R t+3.6 n2884 | pc_mid  +0.135R t+3.8 n2897 | pc_high  +0.124R t+3.6 n2897

############ OPTIONS-IV SPLIT (S4, fires 2016-01-01+) — regime=all  [base +0.107R t+10.0 n39926] ############
   coverage: nochain +0.146R t+7.0 n10461   [median $vol: nochain $7M vs covered-mid $24M]
   atm_iv terciles (raw level):   aiv_low +0.077R t+4.3 n12979 | aiv_mid +0.100R t+4.9 n9128 | aiv_high +0.114R t+4.8 n7358
   iv_pctile terciles (x-sec):    ivp_low +0.115R t+5.8 n9346 | ivp_mid +0.081R t+4.3 n9838 | ivp_high +0.086R t+4.3 n10281
   skew_25d terciles:             sk_low  +0.099R t+5.2 n10012 | sk_mid  +0.059R t+2.6 n6135 | sk_high  +0.112R t+3.7 n4130
   skew terciles, spread<=0.5:    skq_low +0.075R t+3.5 n7948 | skq_mid +0.069R t+2.5 n3936 | skq_high +0.095R t+2.5 n2662
   pcr_oi terciles:               pc_low  +0.080R t+4.0 n9797 | pc_mid  +0.085R t+4.1 n8925 | pc_high  +0.098R t+4.2 n6670

############ YEAR-BY-YEAR (nonbull S4) ############
    year |         deepos |       ivp_low |      ivp_high |        sk_low |       sk_high
    2016 |   +0.017 n1213 |   +0.107 n178 |   -0.105 n289 |   +0.036 n209 |    -0.011 n40
    2017 |         (thin) |        (thin) |        (thin) |        (thin) |        (thin)
    2018 |   +0.161 n1547 |   +0.010 n313 |   +0.253 n300 |   +0.063 n181 |    -0.216 n42
    2019 |     +0.173 n73 |        (thin) |    +0.250 n18 |        (thin) |        (thin)
    2020 |   -0.284 n2665 |   -0.184 n478 |   -0.388 n508 |    -0.452 n38 |   -0.266 n699
    2021 |         (thin) |        (thin) |        (thin) |        (thin) |        (thin)
    2022 |   +0.045 n4095 |   -0.015 n688 |   -0.045 n759 |   -0.047 n419 |   +0.017 n215
    2023 |   -0.017 n1097 |   +0.110 n171 |   -0.158 n259 |    -0.070 n63 |    -0.796 n70
    2024 |         (thin) |        (thin) |        (thin) |        (thin) |        (thin)
    2025 |    +0.202 n704 |    -0.008 n73 |   +0.243 n108 |    -0.344 n51 |    +0.026 n11
    2026 |     -0.160 n57 |    -0.356 n16 |    +0.093 n23 |        (thin) |        (thin)

done.
