fires: 40155 | covered: 29619 | valid skew: 20380
cuts (nonbull): ivlow ivp<=0.354 | skhigh sk>+0.107
  P1 0/1241
  P1 200/1241
  P1 400/1241
  P1 600/1241
  P1 800/1241
  P1 1000/1241
  P1 1200/1241
covered nonbull fires: 10881 | RSI cuts 22.3/25.8 | DD10 cuts 3.28/4.68
  depth sanity — corr(ivp,rsi)=-0.031  corr(ivp,dd10)=-0.105
  depth sanity — corr(sk,rsi)=-0.057  corr(sk,dd10)=+0.070
  P2 0/1241
  P2 200/1241
  P2 400/1241
  P2 600/1241
/root/BlueHorseshoe/research/indicator_screen/deepos_options_depth_control.py:127: RuntimeWarning: divide by zero encountered in divide
  rg,_=run(nxo,atr,o,h,l,c,True); ctier=np.array([dv_cost_bp(x) for x in np.nan_to_num(dv20)])/1e4/(SL_ATR*atr_pct)
  P2 800/1241
/root/BlueHorseshoe/research/indicator_screen/deepos_options_depth_control.py:127: RuntimeWarning: divide by zero encountered in divide
  rg,_=run(nxo,atr,o,h,l,c,True); ctier=np.array([dv_cost_bp(x) for x in np.nan_to_num(dv20)])/1e4/(SL_ATR*atr_pct)
  P2 1000/1241
  P2 1200/1241

######## DEPTH CONTROL (options, fires 2016-01-01+, S4) — regime=nonbull ########
   overall: ivlow +0.157R t+5.2 n3621 | ivrest +0.105R t+4.4 n7238 | GAP +0.052 (real if consistently +)
      RSI: deep GAP +0.146 (ivlow +0.136R t+2.7 n1168 / -0.010R t-0.3 n2441) | mid GAP +0.047 (ivlow +0.168R t+3.7 n1207 / +0.121R t+3.4 n2418) | shallow GAP -0.040 (ivlow +0.165R t+3.5 n1246 / +0.205R t+5.8 n2379)
      AGE: 3-4 GAP +0.008 (ivlow +0.174R t+4.4 n1661 / +0.166R t+5.6 n2813) | 5-6 GAP +0.043 (ivlow +0.134R t+2.4 n783 / +0.091R t+2.2 n1476) | 7+ GAP +0.095 (ivlow +0.147R t+2.6 n1177 / +0.053R t+1.3 n2949)
      DD10: shallow GAP +0.013 (ivlow +0.192R t+3.4 n985 / +0.179R t+4.6 n2630) | mid GAP +0.003 (ivlow +0.191R t+4.3 n1284 / +0.188R t+5.4 n2340) | deep GAP +0.165 (ivlow +0.098R t+2.0 n1352 / -0.067R t-1.7 n2268)
   overall: skhigh +0.061R t+1.6 n2493 | skrest +0.149R t+5.6 n4998 | GAP -0.088 (real if consistently -)
      RSI: deep GAP -0.212 (skhigh -0.112R t-1.7 n926 / +0.100R t+2.3 n1478) | mid GAP -0.078 (skhigh +0.098R t+1.6 n794 / +0.176R t+4.4 n1725) | shallow GAP +0.066 (skhigh +0.231R t+3.9 n773 / +0.165R t+4.0 n1795)
      AGE: 3-4 GAP -0.006 (skhigh +0.182R t+3.7 n980 / +0.189R t+5.5 n2083) | 5-6 GAP -0.182 (skhigh -0.024R t-0.3 n471 / +0.158R t+3.2 n1057) | 7+ GAP -0.114 (skhigh -0.014R t-0.2 n1042 / +0.100R t+2.2 n1858)
      DD10: shallow GAP -0.025 (skhigh +0.169R t+1.9 n627 / +0.194R t+4.5 n1832) | mid GAP +0.040 (skhigh +0.191R t+3.5 n835 / +0.152R t+3.7 n1708) | deep GAP -0.200 (skhigh -0.110R t-2.0 n1031 / +0.090R t+2.0 n1458)

######## DEPTH CONTROL (options, fires 2016-01-01+, S4) — regime=all ########
   overall: ivlow +0.115R t+5.8 n9346 | ivrest +0.084R t+5.7 n20119 | GAP +0.032 (real if consistently +)
      RSI: deep GAP +0.106 (ivlow +0.150R t+4.1 n2460 / +0.043R t+1.7 n5741) | mid GAP +0.041 (ivlow +0.135R t+4.6 n3147 / +0.094R t+4.4 n6780) | shallow GAP -0.028 (ivlow +0.076R t+2.8 n3739 / +0.104R t+5.2 n7598)
      AGE: 3-4 GAP +0.038 (ivlow +0.145R t+5.8 n4068 / +0.107R t+5.9 n7598) | 5-6 GAP +0.030 (ivlow +0.095R t+2.7 n2008 / +0.065R t+2.7 n4111) | 7+ GAP +0.019 (ivlow +0.091R t+2.6 n3270 / +0.072R t+3.0 n8410)
      DD10: shallow GAP -0.024 (ivlow +0.100R t+3.1 n3256 / +0.124R t+5.6 n8535) | mid GAP +0.051 (ivlow +0.155R t+5.1 n3062 / +0.103R t+4.6 n6012) | deep GAP +0.092 (ivlow +0.092R t+2.8 n3028 / -0.001R t-0.0 n5572)
   overall: skhigh +0.112R t+3.7 n4130 | skrest +0.084R t+5.2 n16147 | GAP +0.029 (real if consistently -)
      RSI: deep GAP -0.080 (skhigh +0.007R t+0.1 n1353 / +0.088R t+3.0 n4088) | mid GAP +0.022 (skhigh +0.121R t+2.7 n1298 / +0.099R t+4.3 n5592) | shallow GAP +0.133 (skhigh +0.201R t+4.8 n1479 / +0.068R t+3.1 n6467)
      AGE: 3-4 GAP +0.116 (skhigh +0.209R t+5.5 n1641 / +0.093R t+4.7 n6514) | 5-6 GAP -0.079 (skhigh +0.003R t+0.1 n795 / +0.081R t+3.0 n3420) | 7+ GAP -0.005 (skhigh +0.071R t+1.3 n1694 / +0.076R t+2.8 n6213)
      DD10: shallow GAP +0.076 (skhigh +0.204R t+3.5 n1336 / +0.128R t+5.2 n6411) | mid GAP +0.117 (skhigh +0.189R t+4.4 n1310 / +0.072R t+2.9 n5056) | deep GAP -0.074 (skhigh -0.038R t-0.9 n1484 / +0.036R t+1.4 n4680)

######## YEAR-BY-YEAR (nonbull, gap audit) ########
    year |              ivlow |             ivrest |   ivGAP |             skhigh |             skrest |   skGAP
    2016 | +0.159R t+1.3 n261 | +0.138R t+1.6 n662 |  +0.021 |  -0.215R t-0.8 n88 | +0.176R t+2.1 n598 |  -0.391
    2017 |             (thin) |             (thin) |      -- |             (thin) |             (thin) |      --
    2018 | +0.087R t+1.0 n431 | +0.260R t+3.7 n878 |  -0.173 |  +0.239R t+1.1 n91 | +0.147R t+2.2 n840 |  +0.091
    2019 |             (thin) |  +0.453R t+1.3 n42 |      -- |             (thin) |  +1.060R t+1.6 n14 |      --
    2020 | -0.190R t-2.4 n655 | -0.309R t-5.2 n1394 |  +0.118 | -0.259R t-3.9 n935 | -0.383R t-3.9 n393 |  +0.124
    2021 |             (thin) |             (thin) |      -- |             (thin) |             (thin) |      --
    2022 | +0.033R t+0.5 n887 | +0.036R t+0.9 n1951 |  -0.003 | +0.076R t+0.8 n347 | +0.013R t+0.2 n1368 |  +0.063
    2023 | +0.118R t+1.2 n299 | -0.142R t-1.5 n728 |  +0.260 | -0.375R t-1.3 n147 | +0.001R t+0.0 n437 |  -0.376
    2024 |             (thin) |             (thin) |      -- |             (thin) |             (thin) |      --
    2025 | +0.200R t+1.5 n167 | +0.388R t+4.4 n415 |  -0.188 |  +0.421R t+1.7 n43 | +0.167R t+1.3 n226 |  +0.254
    2026 |  -0.298R t-1.0 n27 |  +0.337R t+1.5 n65 |  -0.635 |  +0.077R t+0.3 n15 |  -0.405R t-1.5 n40 |  +0.482

read: ivlow GAP consistently + across buckets => low priced fear is a real conditioner;
      skhigh GAP consistently - across buckets => heavy skew is a real skip-cell;
      gaps ~0/erratic once depth fixed => IV/skew were depth proxies.
done.
