news table: 322580 relevant articles, 896 symbols
  P1 0/2000
  P1 200/2000
  P1 400/2000
  P1 600/2000
  P1 800/2000
  P1 1000/2000
  P1 1200/2000
  P1 1400/2000
  P1 1600/2000
  P1 1800/2000
covered nonbull fires: 928 | sq_low cut mean_s<=+0.030 | RSI cuts 23.1/26.2 | DD10 cuts 3.18/4.40
  depth sanity — corr(mean_s, rsi)=+0.028  corr(mean_s, dd10)=-0.028
  P2 0/2000
  P2 200/2000
/root/BlueHorseshoe/research/indicator_screen/deepos_news_depth_control.py:129: RuntimeWarning: divide by zero encountered in divide
  rg,_=run(nxo,atr,o,h,l,c,True); ctier=np.array([dv_cost_bp(x) for x in np.nan_to_num(dv20)])/1e4/(SL_ATR*atr_pct)
  P2 400/2000
  P2 600/2000
  P2 800/2000
  P2 1000/2000
  P2 1200/2000
  P2 1400/2000
  P2 1600/2000
  P2 1800/2000

######## DEPTH CONTROL (48h, fires 2022-03-01+, S4) — regime=nonbull ########
   overall covered: sq_low +0.345R t+3.6 n308 | rest +0.179R t+2.5 n614 | GAP +0.167
   RSI:
      deep(<=23.1): sq_low +0.252R t+1.7 n118 vs rest +0.128R t+1.1 n186 GAP +0.124
      mid: sq_low +0.502R t+2.8 n84 vs rest +0.213R t+1.9 n225 GAP +0.289
      shallow: sq_low +0.325R t+2.3 n106 vs rest +0.186R t+1.8 n203 GAP +0.138
   AGE:
      3-4: sq_low +0.421R t+3.3 n146 vs rest +0.204R t+2.2 n268 GAP +0.217
      5-6: sq_low -0.005R t-0.0 n64 vs rest +0.107R t+0.8 n125 GAP -0.112
      7+: sq_low +0.461R t+2.6 n98 vs rest +0.188R t+1.6 n221 GAP +0.273
   DD10:
      shallow(<=3.2): sq_low +0.414R t+2.8 n106 vs rest +0.207R t+1.7 n199 GAP +0.207
      mid: sq_low +0.278R t+1.7 n101 vs rest +0.258R t+2.3 n207 GAP +0.020
      deep: sq_low +0.341R t+2.1 n101 vs rest +0.073R t+0.6 n208 GAP +0.268

######## DEPTH CONTROL (48h, fires 2022-03-01+, S4) — regime=all ########
   overall covered: sq_low +0.203R t+3.8 n1142 | rest +0.071R t+1.6 n1864 | GAP +0.132
   RSI:
      deep(<=23.1): sq_low +0.161R t+2.0 n413 vs rest -0.022R t-0.3 n571 GAP +0.183
      mid: sq_low +0.213R t+2.3 n316 vs rest +0.148R t+2.2 n643 GAP +0.065
      shallow: sq_low +0.238R t+3.0 n413 vs rest +0.077R t+1.2 n650 GAP +0.161
   AGE:
      3-4: sq_low +0.178R t+2.7 n484 vs rest +0.091R t+1.6 n740 GAP +0.088
      5-6: sq_low +0.040R t+0.4 n238 vs rest +0.009R t+0.1 n396 GAP +0.031
      7+: sq_low +0.324R t+3.5 n420 vs rest +0.085R t+1.1 n728 GAP +0.239
   DD10:
      shallow(<=3.2): sq_low +0.334R t+3.8 n395 vs rest +0.144R t+2.1 n691 GAP +0.190
      mid: sq_low +0.166R t+1.7 n295 vs rest +0.040R t+0.6 n563 GAP +0.126
      deep: sq_low +0.113R t+1.4 n452 vs rest +0.018R t+0.3 n610 GAP +0.095

######## YEAR-BY-YEAR (gap audit — is the gap all one era?) ########
  regime=nonbull
    year |               sq_low |                 rest |     GAP
    2022 |    +0.066R t+0.3 n61 |   +0.009R t+0.1 n200 |  +0.057
    2023 |    -0.087R t-0.1 n12 |    +0.280R t+1.3 n84 |  -0.368
    2024 |               (thin) |               (thin) |      --
    2025 |    +0.102R t+0.3 n26 |    -0.118R t-0.6 n68 |  +0.219
    2026 |    -0.143R t-0.6 n36 |    -0.022R t-0.1 n40 |  -0.120
  regime=all
    year |               sq_low |                 rest |     GAP
    2022 |    +0.117R t+0.6 n70 |   +0.051R t+0.4 n214 |  +0.066
    2023 |    +0.088R t+0.4 n71 |   +0.148R t+1.1 n220 |  -0.059
    2024 |    +0.766R t+2.1 n36 |   -0.052R t-0.3 n135 |  +0.818
    2025 |   +0.153R t+1.1 n228 |   -0.081R t-0.8 n445 |  +0.234
    2026 |   -0.048R t-0.5 n376 |   -0.126R t-1.4 n411 |  +0.078

read: consistent +GAP across depth buckets => sentiment is a real conditioner;
      GAP ~0/erratic once depth fixed => bad news was a depth proxy.
done.
