  A 0/2000
  A 200/2000
  A 400/2000
  A 600/2000
  A 800/2000
  A 1000/2000
  A 1200/2000
  A 1400/2000
  A 1600/2000
  A 1800/2000
  frac5=np.where(ru>0,rf/ru,np.nan)
breadth frac5: q33=0.058 q67=0.161  (nonbull fire-days 561)
  B 0/2000
  B 200/2000
  B 400/2000
  B 600/2000
  B 800/2000
  B 1000/2000
  B 1200/2000
  B 1400/2000
  B 1600/2000
  B 1800/2000

################ DENSITY SPLIT (S4) — regime=nonbull  [base +0.113R t+6.5 n14272] ################
   breadth: dlow(<=q33) -0.015R t-0.5 n4219 | dmid +0.128R t+4.1 n4048 | dhigh(>q67) +0.083R t+2.4 n4041
   circuit-breaker Df_lowdens (drop top-tercile breadth): +0.083R t+3.9 n9196  lift -0.030  vol 64%

################ DENSITY SPLIT (S4) — regime=all  [base +0.179R t+10.6 n16251] ################
   breadth: dlow(<=q33) +0.017R t+0.6 n4672 | dmid +0.222R t+7.5 n4845 | dhigh(>q67) +0.118R t+3.7 n4772
   circuit-breaker Df_lowdens (drop top-tercile breadth): +0.157R t+7.6 n10470  lift -0.022  vol 64%

################ YEAR-BY-YEAR (nonbull S4) — does dropping high-breadth RESCUE 2020 w/o wrecking 2018? ################
    year |         deepos |     Df_lowdens ||          dlow |          dmid |         dhigh
    2016 |    -0.045 n817 |    -0.045 n817 ||   -0.195 n454 |   -0.080 n273 |        (thin)
    2017 |         (thin) |         (thin) ||        (thin) |        (thin) |        (thin)
    2018 |   +0.052 n1239 |    -0.674 n481 ||   -0.925 n109 |    -0.508 n95 |   +1.091 n114
    2019 |     +0.026 n50 |     +0.026 n50 ||    +0.088 n47 |        (thin) |        (thin)
    2020 |   -0.338 n2009 |     +0.405 n40 ||    +0.119 n16 |        (thin) |  -0.359 n1795
    2021 |         (thin) |         (thin) ||        (thin) |        (thin) |        (thin)
    2022 |   -0.003 n3543 |   -0.037 n2812 ||  -0.044 n2038 |    -0.090 n87 |        (thin)
    2023 |    -0.219 n618 |    -0.219 n618 ||    +0.086 n53 |   -0.245 n424 |        (thin)
    2024 |         (thin) |         (thin) ||        (thin) |        (thin) |        (thin)
    2025 |    -0.122 n435 |    -0.122 n435 ||   -0.274 n154 |   -0.110 n101 |        (thin)
    2026 |         (thin) |         (thin) ||        (thin) |        (thin) |        (thin)

done.
