2000 symbols (PINNED); DeepOS gap_down vs HA-green
  0/2000
  400/2000
  800/2000
  1200/2000
  1600/2000

################ DeepOS: gap_down vs HA-green (does the HA sleeve already dodge the gaps?) ################
  RESCUE if hg_&_gapdown >> hared_&_gapdown. REDUNDANT-for-HA if HA gap-filter lift ~0 while bare lift >0.

  ===== tier=$1M hold10 regime=nonbull =====
    deepos(base)           +0.123R t+7.1 n13724
    gapdown                  -0.420R t-6.4 n635
    no_gapdown             +0.156R t+8.7 n12060   bare gap-filter lift +0.034
    ha_green(sleeve)         +0.057R t+0.7 n372   HA lift over base -0.066
    ha_red                 +0.106R t+6.1 n12490
    hared_&_gapdown          -0.426R t-6.4 n626
    hg_&_gapdown                         (thin)
    hg_&_nogap               +0.064R t+0.8 n356   HA gap-filter lift +0.007
    RANDOM                +0.000R t+0.0 n392091

  ===== tier=$1M hold10 regime=all =====
    deepos(base)           +0.091R t+8.5 n38651
    gapdown                 -0.127R t-3.1 n1251
    no_gapdown             +0.097R t+8.9 n36176   bare gap-filter lift +0.006
    ha_green(sleeve)        +0.055R t+1.8 n2655   HA lift over base -0.036
    ha_red                 +0.088R t+8.3 n34789
    hared_&_gapdown         -0.138R t-3.3 n1198
    hg_&_gapdown                         (thin)
    hg_&_nogap              +0.056R t+1.8 n2615   HA gap-filter lift +0.001
    RANDOM               -0.000R t-0.0 n1728813

  ===== tier=$1M hold20 regime=nonbull =====
    deepos(base)           +0.128R t+6.6 n13623
    gapdown                  -0.395R t-5.7 n628
    no_gapdown             +0.161R t+7.8 n11968   bare gap-filter lift +0.033
    ha_green(sleeve)         +0.075R t+0.7 n365   HA lift over base -0.053
    ha_red                 +0.108R t+5.6 n12402
    hared_&_gapdown          -0.399R t-5.7 n619
    hg_&_gapdown                         (thin)
    hg_&_nogap               +0.085R t+0.8 n349   HA gap-filter lift +0.010
    RANDOM                +0.000R t+0.0 n391258

  ===== tier=$1M hold20 regime=all =====
    deepos(base)           +0.094R t+7.4 n38090
    gapdown                 -0.098R t-2.2 n1215
    no_gapdown             +0.099R t+7.7 n35665   bare gap-filter lift +0.006
    ha_green(sleeve)        +0.060R t+1.5 n2576   HA lift over base -0.034
    ha_red                 +0.090R t+7.3 n34286
    hared_&_gapdown         -0.108R t-2.4 n1163
    hg_&_gapdown                         (thin)
    hg_&_nogap              +0.062R t+1.6 n2539   HA gap-filter lift +0.002
    RANDOM               -0.000R t-0.0 n1716415

  ===== tier=$25M hold10 regime=nonbull =====
    deepos(base)            +0.133R t+4.9 n5396
    gapdown                  -0.463R t-4.5 n276
    no_gapdown              +0.169R t+5.9 n4700   bare gap-filter lift +0.035
    ha_green(sleeve)         +0.106R t+0.7 n116   HA lift over base -0.027
    ha_red                  +0.118R t+4.3 n4939
    hared_&_gapdown          -0.472R t-4.5 n274
    hg_&_gapdown                         (thin)
    hg_&_nogap               +0.135R t+0.9 n106   HA gap-filter lift +0.029
    RANDOM                -0.000R t-0.0 n183927

  ===== tier=$25M hold10 regime=all =====
    deepos(base)           +0.102R t+6.4 n17539
    gapdown                  -0.173R t-3.1 n615
    no_gapdown             +0.110R t+6.7 n16359   bare gap-filter lift +0.008
    ha_green(sleeve)        +0.056R t+1.2 n1119   HA lift over base -0.046
    ha_red                 +0.102R t+6.4 n15745
    hared_&_gapdown          -0.178R t-3.1 n587
    hg_&_gapdown                         (thin)
    hg_&_nogap              +0.064R t+1.3 n1090   HA gap-filter lift +0.008
    RANDOM                +0.000R t+0.0 n849015

  ===== tier=$25M hold20 regime=nonbull =====
    deepos(base)            +0.147R t+4.8 n5381
    gapdown                  -0.418R t-3.8 n276
    no_gapdown              +0.182R t+5.6 n4685   bare gap-filter lift +0.035
    ha_green(sleeve)         +0.130R t+0.7 n116   HA lift over base -0.017
    ha_red                  +0.130R t+4.3 n4928
    hared_&_gapdown          -0.428R t-3.9 n274
    hg_&_gapdown                         (thin)
    hg_&_nogap               +0.166R t+0.9 n106   HA gap-filter lift +0.037
    RANDOM                -0.000R t-0.0 n183459

  ===== tier=$25M hold20 regime=all =====
    deepos(base)           +0.107R t+5.8 n17274
    gapdown                  -0.139R t-2.3 n590
    no_gapdown             +0.114R t+6.0 n16122   bare gap-filter lift +0.007
    ha_green(sleeve)        +0.101R t+1.6 n1078   HA lift over base -0.006
    ha_red                 +0.105R t+5.8 n15506
    hared_&_gapdown          -0.144R t-2.2 n563
    hg_&_gapdown                         (thin)
    hg_&_nogap              +0.111R t+1.8 n1050   HA gap-filter lift +0.010
    RANDOM                -0.000R t-0.0 n842566

done.
