fear cuts (nonbull): ivp>0.690 OR sk>+0.107
  P1 0/1241
  P1 200/1241
  P1 400/1241
  P1 600/1241
  P1 800/1241
  P1 1000/1241
  P1 1200/1241
deep cuts (covered nonbull): RSI<= 22.3 | DD10> 4.68
Z'' known for 2421 deep covered nonbull fires | median 5.42 (z_low = below median)
composition P(fear | z bucket), deep covered nonbull: z_low 60% (n1207) | z_high 46% (n1214) | z_na 40% (n1206)
  P2 0/1241
  P2 200/1241
  P2 400/1241
  P2 600/1241
/root/BlueHorseshoe/research/indicator_screen/deepos_options_deeptail.py:162: RuntimeWarning: divide by zero encountered in divide
  rg,_=run(nxo,atr,o,h,l,c,True); ctier=np.array([dv_cost_bp(x) for x in np.nan_to_num(dv20)])/1e4/(SL_ATR*atr_pct)
  P2 800/1241
/root/BlueHorseshoe/research/indicator_screen/deepos_options_deeptail.py:162: RuntimeWarning: divide by zero encountered in divide
  rg,_=run(nxo,atr,o,h,l,c,True); ctier=np.array([dv_cost_bp(x) for x in np.nan_to_num(dv20)])/1e4/(SL_ATR*atr_pct)
  P2 1000/1241
  P2 1200/1241

######## DEEP-TAIL FEAR CELL (S4, fires 2016-01-01+) — regime=nonbull  [base +0.132R t+7.8 n14948] ########
   DD10-deep:  fear -0.088R t-2.0 n1761 | nofear +0.073R t+1.8 n1859 | GAP -0.161 | nocov +0.046R t+0.8 n1148
   RSI-deep:   fear -0.028R t-0.6 n1810 | nofear +0.103R t+2.5 n1799 | GAP -0.130
   Z'' control (DD10-deep):
      z_low  : fear -0.209R t-3.0 n719 | nofear -0.038R t-0.5 n485 | GAP -0.171
      z_high : fear -0.016R t-0.2 n559 | nofear +0.045R t+0.6 n655 | GAP -0.061
      z_na   : fear +0.008R t+0.1 n483 | nofear +0.174R t+2.6 n719 | GAP -0.166
   deployable Df_dropfear (skip deep&fear): +0.161R t+9.2 n13187  lift +0.029  vol 88%

######## DEEP-TAIL FEAR CELL (S4, fires 2016-01-01+) — regime=all  [base +0.107R t+10.0 n39926] ########
   DD10-deep:  fear +0.010R t+0.3 n3569 | nofear +0.047R t+1.8 n5031 | GAP -0.037 | nocov +0.091R t+2.5 n2461
   RSI-deep:   fear +0.037R t+1.2 n3766 | nofear +0.107R t+3.8 n4435 | GAP -0.070
   Z'' control (DD10-deep):
      z_low  : fear -0.045R t-1.0 n1426 | nofear -0.005R t-0.1 n1371 | GAP -0.040
      z_high : fear +0.076R t+1.5 n1196 | nofear +0.060R t+1.5 n2215 | GAP +0.016
      z_na   : fear +0.011R t+0.2 n947 | nofear +0.078R t+1.6 n1445 | GAP -0.067
   deployable Df_dropfear (skip deep&fear): +0.117R t+10.5 n36357  lift +0.010  vol 91%

######## YEAR-BY-YEAR (nonbull) ########
    year |             deepos |         deepd_fear |       deepd_nofear |     GAP |        Df_dropfear
    2016 | +0.111R t+1.9 n1435 |  +0.072R t+0.3 n74 |  +0.017R t+0.1 n71 |  +0.055 | +0.094R t+1.6 n1325
    2017 |             (thin) |             (thin) |             (thin) |      -- |             (thin)
    2018 | +0.215R t+4.4 n1809 |  -0.045R t-0.2 n42 | +0.339R t+1.9 n106 |  -0.384 | +0.213R t+4.3 n1702
    2019 |  +0.244R t+1.1 n82 |             (thin) |             (thin) |      -- |  +0.138R t+0.7 n74
    2020 | -0.240R t-6.0 n2977 | -0.429R t-5.9 n787 | -0.180R t-2.1 n418 |  -0.249 | -0.168R t-3.7 n2024
    2021 |             (thin) |             (thin) |             (thin) |      -- |             (thin)
    2022 | +0.074R t+2.5 n4631 | -0.129R t-1.0 n176 | -0.013R t-0.1 n375 |  -0.116 | +0.075R t+2.5 n4312
    2023 | +0.046R t+0.7 n1355 | -0.391R t-2.3 n109 |  -0.177R t-0.9 n93 |  -0.214 | +0.096R t+1.4 n1170
    2024 |             (thin) |             (thin) |             (thin) |      -- |             (thin)
    2025 | +0.316R t+5.5 n932 |  +0.654R t+1.6 n24 |  +0.167R t+0.5 n40 |  +0.487 | +0.297R t+4.9 n853
    2026 | +0.122R t+0.7 n102 |             (thin) |             (thin) |      -- |  +0.112R t+0.6 n91

read: deep-cell GAP consistently negative across years AND inside both Z buckets
      => priced fear is a real, solvency-independent deep-knife discriminator;
      GAP confined to z_low => it was re-measuring the Altman axis; year flips => VIX corpse.
done.
