2000 symbols; DeepOS volume x gap_down overlap (spike rvol>=2.0)
  0/2000
  400/2000
  800/2000
  1200/2000
  1600/2000

################ DeepOS: VOLUME-SPIKE x GAP_DOWN OVERLAP (FULL-POP | NEWEY-WEST) ################
  spike=rvol>=2.0. ADDITIVE if spike_&_nogap is negative w/ real n AND clean beats no_gapdown.

  ===== tier=$1M hold10 regime=nonbull  [base +0.127R, gap-filtered +0.166R]
    cell                     FULL-POP             NEWEY-WEST
    deepos(base)        +0.239 t+11.8   +0.127R t+7.3 n13491
    gapdown              -0.350 t-7.2     -0.363R t-6.2 n747
    spike                -0.067 t-1.7    -0.116R t-3.0 n1878
    spike_&_gap                (thin)     -0.647R t-4.3 n128
    spike_&_nogap        -0.018 t-0.4    -0.043R t-0.9 n1146
    gap_&_nospike        -0.284 t-3.0     -0.317R t-3.3 n281
    no_gapdown          +0.256 t+12.6   +0.166R t+9.1 n11737  (vs base +0.039)
    clean(~sp&~gd)      +0.263 t+12.0    +0.174R t+8.6 n9437  (vs gap-filter +0.008)
    RANDOM                     (thin)  -0.000R t-0.0 n415258

  ===== tier=$1M hold10 regime=all  [base +0.082R, gap-filtered +0.088R]
    cell                     FULL-POP             NEWEY-WEST
    deepos(base)        +0.183 t+13.3   +0.082R t+7.6 n38797
    gapdown              -0.128 t-3.4    -0.127R t-3.4 n1380
    spike                +0.076 t+3.0    +0.020R t+0.9 n4872
    spike_&_gap          -0.389 t-4.3     -0.406R t-3.8 n182
    spike_&_nogap        +0.073 t+2.7    +0.033R t+1.3 n3799
    gap_&_nospike        -0.035 t-0.6     -0.039R t-0.7 n660
    no_gapdown          +0.183 t+13.1   +0.088R t+8.0 n36178  (vs base +0.006)
    clean(~sp&~gd)      +0.181 t+12.2   +0.087R t+7.4 n31102  (vs gap-filter -0.001)
    RANDOM                     (thin) +0.000R t+0.0 n1808540

  ===== tier=$1M hold20 regime=nonbull  [base +0.133R, gap-filtered +0.170R]
    cell                     FULL-POP             NEWEY-WEST
    deepos(base)        +0.241 t+11.1   +0.133R t+6.9 n13400
    gapdown              -0.303 t-5.7     -0.316R t-5.1 n744
    spike                -0.064 t-1.5    -0.107R t-2.7 n1863
    spike_&_gap                (thin)     -0.641R t-3.9 n128
    spike_&_nogap        -0.002 t-0.0    -0.024R t-0.5 n1130
    gap_&_nospike        -0.270 t-2.5     -0.295R t-2.8 n276
    no_gapdown          +0.256 t+11.4   +0.170R t+8.3 n11661  (vs base +0.036)
    clean(~sp&~gd)      +0.260 t+10.9    +0.175R t+7.6 n9375  (vs gap-filter +0.006)
    RANDOM                     (thin)  +0.000R t+0.0 n414747

  ===== tier=$1M hold20 regime=all  [base +0.091R, gap-filtered +0.098R]
    cell                     FULL-POP             NEWEY-WEST
    deepos(base)        +0.186 t+12.1   +0.091R t+7.3 n38295
    gapdown              -0.116 t-2.8    -0.114R t-2.8 n1310
    spike                +0.105 t+3.8    +0.048R t+1.9 n4817
    spike_&_gap          -0.395 t-4.1     -0.410R t-3.7 n182
    spike_&_nogap        +0.097 t+3.2    +0.060R t+2.2 n3751
    gap_&_nospike        -0.052 t-0.8     -0.052R t-0.8 n611
    no_gapdown          +0.188 t+12.0   +0.098R t+7.5 n35753  (vs base +0.006)
    clean(~sp&~gd)      +0.187 t+11.2   +0.094R t+6.8 n30727  (vs gap-filter -0.004)
    RANDOM                     (thin) +0.000R t+0.0 n1796044

  ===== tier=$25M hold10 regime=nonbull  [base +0.107R, gap-filtered +0.156R]
    cell                     FULL-POP             NEWEY-WEST
    deepos(base)         +0.230 t+7.7    +0.107R t+4.1 n5951
    gapdown              -0.382 t-6.9     -0.390R t-5.2 n431
    spike                -0.152 t-2.6     -0.192R t-3.3 n871
    spike_&_gap                (thin)      -0.585R t-3.5 n88
    spike_&_nogap        -0.109 t-1.5     -0.117R t-1.6 n502
    gap_&_nospike              (thin)     -0.451R t-3.7 n151
    no_gapdown           +0.262 t+8.4    +0.156R t+5.6 n5115  (vs base +0.049)
    clean(~sp&~gd)       +0.262 t+7.7    +0.166R t+5.4 n4069  (vs gap-filter +0.010)
    RANDOM                     (thin)  -0.000R t-0.0 n198533

  ===== tier=$25M hold10 regime=all  [base +0.086R, gap-filtered +0.095R]
    cell                     FULL-POP             NEWEY-WEST
    deepos(base)         +0.201 t+9.6   +0.086R t+5.5 n18327
    gapdown              -0.165 t-3.5     -0.171R t-3.6 n757
    spike                +0.001 t+0.0    -0.049R t-1.4 n2233
    spike_&_gap                (thin)     -0.340R t-2.8 n125
    spike_&_nogap        -0.017 t-0.4    -0.040R t-1.0 n1676
    gap_&_nospike        -0.132 t-1.8     -0.147R t-2.3 n338
    no_gapdown           +0.201 t+9.5   +0.095R t+5.9 n16984  (vs base +0.009)
    clean(~sp&~gd)       +0.198 t+9.0   +0.098R t+5.7 n14625  (vs gap-filter +0.004)
    RANDOM                     (thin)  +0.000R t+0.0 n900421

  ===== tier=$25M hold20 regime=nonbull  [base +0.107R, gap-filtered +0.149R]
    cell                     FULL-POP             NEWEY-WEST
    deepos(base)         +0.236 t+7.1    +0.107R t+3.7 n5934
    gapdown              -0.317 t-5.0     -0.327R t-4.0 n431
    spike                -0.138 t-2.2     -0.178R t-2.8 n865
    spike_&_gap                (thin)      -0.579R t-3.2 n88
    spike_&_nogap        -0.092 t-1.2     -0.099R t-1.3 n497
    gap_&_nospike              (thin)     -0.417R t-2.9 n151
    no_gapdown           +0.262 t+7.5    +0.149R t+4.9 n5100  (vs base +0.042)
    clean(~sp&~gd)       +0.258 t+6.9    +0.156R t+4.5 n4061  (vs gap-filter +0.007)
    RANDOM                     (thin)  +0.000R t+0.0 n198258

  ===== tier=$25M hold20 regime=all  [base +0.085R, gap-filtered +0.094R]
    cell                     FULL-POP             NEWEY-WEST
    deepos(base)         +0.197 t+8.2   +0.085R t+4.6 n18118
    gapdown              -0.138 t-2.7     -0.151R t-2.9 n734
    spike                +0.027 t+0.7    -0.028R t-0.7 n2218
    spike_&_gap                (thin)     -0.340R t-2.7 n125
    spike_&_nogap        +0.003 t+0.1    -0.024R t-0.5 n1663
    gap_&_nospike        -0.124 t-1.6     -0.148R t-1.9 n325
    no_gapdown           +0.198 t+8.1   +0.094R t+4.9 n16803  (vs base +0.009)
    clean(~sp&~gd)       +0.189 t+7.4   +0.094R t+4.6 n14456  (vs gap-filter +0.000)
    RANDOM                     (thin)  +0.000R t+0.0 n893413

done.
