VIX rows 9203  range 1990-01-02 -> 2026-06-09
  0/2000
  200/2000
/root/BlueHorseshoe/research/indicator_screen/deepos_vix_condition.py:124: RuntimeWarning: divide by zero encountered in divide
  rg,_=run(nxo,atr,o,h,l,c,True); ctier=np.array([dv_cost_bp(x) for x in np.nan_to_num(dv20)])/1e4/(SL_ATR*atr_pct)
/root/BlueHorseshoe/research/indicator_screen/deepos_vix_condition.py:124: RuntimeWarning: divide by zero encountered in divide
  rg,_=run(nxo,atr,o,h,l,c,True); ctier=np.array([dv_cost_bp(x) for x in np.nan_to_num(dv20)])/1e4/(SL_ATR*atr_pct)
  400/2000
  600/2000
  800/2000
  1000/2000
/root/BlueHorseshoe/research/indicator_screen/deepos_vix_condition.py:124: RuntimeWarning: divide by zero encountered in divide
  rg,_=run(nxo,atr,o,h,l,c,True); ctier=np.array([dv_cost_bp(x) for x in np.nan_to_num(dv20)])/1e4/(SL_ATR*atr_pct)
  1200/2000
/root/BlueHorseshoe/research/indicator_screen/deepos_vix_condition.py:124: RuntimeWarning: divide by zero encountered in divide
  rg,_=run(nxo,atr,o,h,l,c,True); ctier=np.array([dv_cost_bp(x) for x in np.nan_to_num(dv20)])/1e4/(SL_ATR*atr_pct)
  1400/2000
  1600/2000
/root/BlueHorseshoe/research/indicator_screen/deepos_vix_condition.py:124: RuntimeWarning: divide by zero encountered in divide
  rg,_=run(nxo,atr,o,h,l,c,True); ctier=np.array([dv_cost_bp(x) for x in np.nan_to_num(dv20)])/1e4/(SL_ATR*atr_pct)
/root/BlueHorseshoe/research/indicator_screen/deepos_vix_condition.py:124: RuntimeWarning: divide by zero encountered in divide
  rg,_=run(nxo,atr,o,h,l,c,True); ctier=np.array([dv_cost_bp(x) for x in np.nan_to_num(dv20)])/1e4/(SL_ATR*atr_pct)
  1800/2000

################ A. VIX SPLITS within DeepOS — regime=nonbull (NW lift vs random) ################
  [S2] deepos +0.101R t+5.8 n14272 | deepos_vixcov +0.101R t+5.8 n14272
        LEVEL  : vlow<16 -0.044R t-0.4 n418 | vmid -0.084R t-1.9 n2484 | vhigh>=24 +0.129R t+6.5 n10363
        PCTILE : plow<40 +0.125R t+1.9 n919 | pmid +0.089R t+1.4 n939 | phigh>70 +0.085R t+4.5 n11385
        SPIKE  : calm<1.0 +0.117R t+2.5 n1918 | flat -0.019R t-0.5 n2096 | spike>1.12 +0.080R t+3.8 n8313
  [S4] deepos +0.113R t+6.5 n14272 | deepos_vixcov +0.113R t+6.5 n14272
        LEVEL  : vlow<16 -0.045R t-0.4 n418 | vmid -0.080R t-1.8 n2484 | vhigh>=24 +0.144R t+7.3 n10363
        PCTILE : plow<40 +0.128R t+1.9 n919 | pmid +0.097R t+1.5 n939 | phigh>70 +0.098R t+5.2 n11385
        SPIKE  : calm<1.0 +0.125R t+2.7 n1918 | flat -0.014R t-0.4 n2096 | spike>1.12 +0.096R t+4.5 n8313

################ A. VIX SPLITS within DeepOS — regime=all (NW lift vs random) ################
  [S2] deepos +0.083R t+7.6 n38987 | deepos_vixcov +0.083R t+7.6 n38987
        LEVEL  : vlow<16 -0.002R t-0.1 n9220 | vmid -0.006R t-0.4 n15159 | vhigh>=24 +0.217R t+12.2 n13143
        PCTILE : plow<40 +0.039R t+1.8 n8408 | pmid -0.026R t-1.1 n5649 | phigh>70 +0.108R t+8.0 n23253
        SPIKE  : calm<1.0 +0.053R t+2.9 n12360 | flat +0.029R t+1.5 n9033 | spike>1.12 +0.107R t+6.9 n16010
  [S4] deepos +0.095R t+8.7 n38987 | deepos_vixcov +0.095R t+8.7 n38987
        LEVEL  : vlow<16 +0.001R t+0.0 n9220 | vmid +0.002R t+0.1 n15159 | vhigh>=24 +0.241R t+13.5 n13143
        PCTILE : plow<40 +0.045R t+2.0 n8408 | pmid -0.018R t-0.7 n5649 | phigh>70 +0.123R t+9.1 n23253
        SPIKE  : calm<1.0 +0.061R t+3.4 n12360 | flat +0.037R t+2.0 n9033 | spike>1.12 +0.124R t+8.0 n16010

################ B. DEPLOYABLE FILTERS (S4, drop the calm tail) ################
  regime=nonbull  [deepos_vixcov base +0.113R t+6.5 n14272]
    filter            FILTERED-BOOK S4     lift %vol kept   [definition]
    Vf_fear       +0.115R t+6.5 n13692   +0.002       96%   [drop vlow (VIX<16)]
    Vf_pct        +0.110R t+6.1 n12953   -0.003       91%   [drop plow (pct<40)]
    Vf_spike      +0.095R t+5.1 n11553   -0.018       81%   [drop calm (vix<sma20)]
  regime=all  [deepos_vixcov base +0.095R t+8.7 n38987]
    filter            FILTERED-BOOK S4     lift %vol kept   [definition]
    Vf_fear       +0.120R t+9.8 n29050   +0.025       75%   [drop vlow (VIX<16)]
    Vf_pct        +0.102R t+8.4 n29846   +0.007       77%   [drop plow (pct<40)]
    Vf_spike      +0.104R t+8.2 n25939   +0.009       67%   [drop calm (vix<sma20)]

################ C. HA-OVERLAP — does DeepOS+HA already capture the fear dimension? ################
  nonbull  HA-sleeve     +0.241R t+2.6 n386
           HA&vlow (thin) HA&vhigh +0.289R t+2.0 n177 | HA&calm +0.331R t+1.9 n95 HA&spike (thin)
  all      HA-sleeve    +0.075R t+2.2 n2515
           HA&vlow -0.029R t-0.4 n537 HA&vhigh +0.312R t+2.5 n234 | HA&calm -0.015R t-0.3 n901 HA&spike +0.099R t+0.6 n124

################ D. YEAR-BY-YEAR (nonbull S4): base vs fear/spike filters vs tier extremes ################
    year |        deepos_vc |          Vf_fear |            vhigh |             vlow |             vspk
    2016 |      -0.045 n817 |      +0.006 n368 |           (thin) |      -0.269 n282 |       -1.426 n11
    2017 |           (thin) |           (thin) |           (thin) |           (thin) |           (thin)
    2018 |     +0.052 n1239 |     +0.052 n1239 |      +0.395 n587 |           (thin) |      +0.294 n751
    2019 |       +0.026 n50 |       -0.291 n22 |           (thin) |       +0.722 n17 |           (thin)
    2020 |     -0.338 n2009 |     -0.338 n2009 |     -0.338 n2009 |           (thin) |     -0.396 n1890
    2021 |           (thin) |           (thin) |           (thin) |           (thin) |           (thin)
    2022 |     -0.003 n3543 |     -0.003 n3543 |     -0.030 n3017 |           (thin) |      -0.157 n860
    2023 |      -0.219 n618 |      -0.219 n618 |           (thin) |           (thin) |           (thin)
    2024 |           (thin) |           (thin) |           (thin) |           (thin) |           (thin)
    2025 |      -0.122 n435 |      -0.122 n435 |      +0.156 n207 |           (thin) |       -0.042 n80
    2026 |           (thin) |           (thin) |           (thin) |           (thin) |           (thin)

done.
