params: lookback=2d neg_thr=-0.35
news table: 322580 relevant articles, 896 symbols
  P1 0/2000
  P1 200/2000
  P1 400/2000
  P1 600/2000
  P1 800/2000
  P1 1000/2000
  P1 1200/2000
  P1 1400/2000
  P1 1600/2000
  P1 1800/2000
covered nonbull fires: 928 | mean_s q33=+0.030 q67=+0.304 median=+0.133
  P2 0/2000
  P2 200/2000
/root/BlueHorseshoe/research/indicator_screen/deepos_news_gauntlet.py:144: RuntimeWarning: divide by zero encountered in divide
  rg,_=run(nxo,atr,o,h,l,c,True); ctier=np.array([dv_cost_bp(x) for x in np.nan_to_num(dv20)])/1e4/(SL_ATR*atr_pct)
  P2 400/2000
  P2 600/2000
  P2 800/2000
  P2 1000/2000
  P2 1200/2000
  P2 1400/2000
  P2 1600/2000
  P2 1800/2000

############ NEWS SPLIT (S4, fires 2022-03-01+) — regime=nonbull  [base +0.191R t+8.1 n7375] ############
   coverage: nocov +0.185R t+7.4 n6453 | cov_benign +0.227R t+3.7 n833 | cov_neg +0.307R t+1.7 n89
   toxic cell cov_heavyneg(n>=3): +0.235R t+0.6 n19
   covered terciles: sq_low +0.345R t+3.6 n308 | sq_mid +0.200R t+2.1 n306 | sq_high +0.158R t+1.6 n308
   deployable Df_dropneg (skip covered-negative): +0.190R t+8.0 n7286  lift -0.001  vol 99%

############ NEWS SPLIT (S4, fires 2022-03-01+) — regime=all  [base +0.142R t+9.3 n19518] ############
   coverage: nocov +0.146R t+9.0 n16512 | cov_benign +0.114R t+3.0 n2651 | cov_neg +0.178R t+1.8 n355
   toxic cell cov_heavyneg(n>=3): +0.339R t+1.7 n92
   covered terciles: sq_low +0.203R t+3.8 n1142 | sq_mid +0.100R t+1.8 n989 | sq_high +0.039R t+0.6 n875
   deployable Df_dropneg (skip covered-negative): +0.142R t+9.2 n19163  lift -0.001  vol 98%

   coverage-confound check (median $vol20, nonbull): nocov $15M | cov_benign $106M | cov_neg $57M

############ YEAR-BY-YEAR (nonbull S4) ############
    year |         deepos |         nocov |    cov_benign |       cov_neg |     Df_dropneg
    2022 |   +0.021 n3666 |  -0.004 n3289 |   +0.055 n164 |        (thin) |   +0.022 n3626
    2023 |   -0.017 n1097 |   -0.032 n912 |    +0.189 n47 |        (thin) |   -0.013 n1089
    2024 |         (thin) |        (thin) |        (thin) |        (thin) |         (thin)
    2025 |    +0.202 n704 |   +0.258 n551 |    -0.236 n61 |        (thin) |    +0.202 n704
    2026 |     -0.160 n57 |        (thin) |    +0.029 n35 |        (thin) |     -0.045 n43

done.
