VIX rows 9203  range 1990-01-02 -> 2026-06-09
  0/2000
  200/2000
  400/2000
  600/2000
  800/2000
  1000/2000
  1200/2000
  1400/2000
  1600/2000
  1800/2000

################ A. VIX DIRECTION splits within DeepOS — regime=nonbull ################
  [S2] deepos_vixcov +0.101R t+5.8 n14272
        DIRECTION : rising(r5>+10%) +0.065R t+3.1 n7432 | steady +0.006R t+0.2 n4048 | falling(r5<-10%) +0.301R t+4.3 n641
        VIX>=24 x : hi&rising +0.093R t+4.0 n6272 | hi&steady -0.055R t-1.4 n1844 | hi&falling +0.198R t+1.8 n271
  [S4] deepos_vixcov +0.113R t+6.5 n14272
        DIRECTION : rising(r5>+10%) +0.079R t+3.7 n7432 | steady +0.014R t+0.5 n4048 | falling(r5<-10%) +0.314R t+4.5 n641
        VIX>=24 x : hi&rising +0.109R t+4.7 n6272 | hi&steady -0.042R t-1.1 n1844 | hi&falling +0.215R t+2.0 n271

################ A. VIX DIRECTION splits within DeepOS — regime=all ################
  [S2] deepos_vixcov +0.083R t+7.6 n38987
        DIRECTION : rising(r5>+10%) +0.103R t+7.0 n15757 | steady +0.036R t+2.5 n16733 | falling(r5<-10%) +0.066R t+2.6 n4699
        VIX>=24 x : hi&rising +0.167R t+8.2 n8293 | hi&steady +0.078R t+2.2 n2369 | hi&falling +0.290R t+3.0 n367
  [S4] deepos_vixcov +0.095R t+8.7 n38987
        DIRECTION : rising(r5>+10%) +0.117R t+7.9 n15757 | steady +0.045R t+3.1 n16733 | falling(r5<-10%) +0.077R t+3.0 n4699
        VIX>=24 x : hi&rising +0.191R t+9.4 n8293 | hi&steady +0.099R t+2.8 n2369 | hi&falling +0.314R t+3.2 n367

################ B. DEFENSIVE CIRCUIT-BREAKERS (S4) — lift + volume ################
  regime=nonbull  [deepos_vixcov base +0.113R t+6.5 n14272]
    Df_norise         +0.105R t+3.9 n5717 lift  -0.008  vol   40%   [drop ALL rising VIX (r5>+10%)]
    Df_noHIrise       +0.061R t+2.5 n6865 lift  -0.052  vol   48%   [drop (VIX>=24 & rising) knife only]
  regime=all  [deepos_vixcov base +0.095R t+8.7 n38987]
    Df_norise        +0.066R t+4.8 n22490 lift  -0.030  vol   58%   [drop ALL rising VIX (r5>+10%)]
    Df_noHIrise      +0.057R t+4.6 n29889 lift  -0.039  vol   77%   [drop (VIX>=24 & rising) knife only]

################ C. YEAR-BY-YEAR (nonbull S4) — does dropping the knife RESCUE 2020? ################
    year |       deepos_vc |     Df_noHIrise |       Df_norise ||   hi_rise(knife) |       hi_fall |     hi_steady
    2016 |     -0.045 n817 |     -0.170 n583 |     -0.081 n354 ||           (thin) |        (thin) |        (thin)
    2017 |          (thin) |          (thin) |          (thin) ||           (thin) |        (thin) |        (thin)
    2018 |    +0.052 n1239 |     -0.646 n281 |      -0.736 n77 ||      +0.252 n316 |        (thin) |        (thin)
    2019 |      +0.026 n50 |      +0.026 n50 |      +0.064 n48 ||           (thin) |        (thin) |        (thin)
    2020 |    -0.338 n2009 |     +0.338 n113 |     +0.338 n113 ||     -0.547 n1025 |    +0.568 n59 |        (thin)
    2021 |          (thin) |          (thin) |          (thin) ||           (thin) |        (thin) |        (thin)
    2022 |    -0.003 n3543 |    -0.055 n1819 |    -0.045 n1763 ||      -0.111 n472 |    -0.131 n27 |   -0.199 n930
    2023 |     -0.219 n618 |     -0.111 n432 |     +0.015 n214 ||           (thin) |        (thin) |        (thin)
    2024 |          (thin) |          (thin) |          (thin) ||           (thin) |        (thin) |        (thin)
    2025 |     -0.122 n435 |     -0.228 n178 |     +0.049 n112 ||       -0.018 n36 |    +0.090 n18 |        (thin)
    2026 |          (thin) |          (thin) |          (thin) ||           (thin) |        (thin) |        (thin)

done.
