fear cuts: {'q60': (0.625, 0.088), 'q67': (0.69, 0.107), 'q75': (0.774, 0.146)}
  P1 0/1241
  P1 200/1241
  P1 400/1241
  P1 600/1241
  P1 800/1241
  P1 1000/1241
  P1 1200/1241
deep cuts (DD10): {'q60': 4.39, 'q67': 4.68, 'q75': 5.09}
news-window deep cell composition: P(nocov|fear)=86% vs P(nocov|nofear)=82% | P(sqlow|fear)=4% vs P(sqlow|nofear)=6% | P(rest|fear)=9% vs P(rest|nofear)=12%  (n fear 587 / nofear 880)
  P2 0/1241
  P2 200/1241
  P2 400/1241
  P2 600/1241
/root/BlueHorseshoe/research/indicator_screen/deepos_options_robustness.py:165: RuntimeWarning: divide by zero encountered in divide
  rg,_=run(nxo,atr,o,h,l,c,True); ctier=np.array([dv_cost_bp(x) for x in np.nan_to_num(dv20)])/1e4/(SL_ATR*atr_pct)
  P2 800/1241
/root/BlueHorseshoe/research/indicator_screen/deepos_options_robustness.py:165: RuntimeWarning: divide by zero encountered in divide
  rg,_=run(nxo,atr,o,h,l,c,True); ctier=np.array([dv_cost_bp(x) for x in np.nan_to_num(dv20)])/1e4/(SL_ATR*atr_pct)
  P2 1000/1241
  P2 1200/1241

######## ROBUSTNESS (S4, fires 2016-01-01+) — regime=nonbull  [base +0.132R t+7.8 n14948] ########
   1) CUT-SENSITIVITY GRID — GAP fear−nofear (n_fear):
                 | deep            q60 | deep            q67 | deep            q75
      fear  q60 |  -0.114 (n 2395) |  -0.143 (n 2020) |  -0.104 (n 1515)
      fear  q67 |  -0.137 (n 2086) |  -0.161 (n 1761) |  -0.105 (n 1336)
      fear  q75 |  -0.161 (n 1669) |  -0.179 (n 1412) |  -0.110 (n 1073)
   2) COMPONENT SPLIT (deep q67):
      ivp-arm:  fear -0.074R t-1.3 n1095 | nofear +0.025R t+0.7 n2525 | GAP -0.098
      sk-arm:   fear -0.109R t-2.0 n1026 | nofear +0.091R t+2.0 n1455 | GAP -0.200
      pure:     both -0.104R t-1.1 n360 | ivp_only -0.059R t-1.0 n735 | sk_only -0.112R t-1.7 n666 | neither +0.073R t+1.8 n1859
   3) NEWS CONTROL (fires 2022-03-01+, deep q67, fear q67):
      window overall: fear +0.084R t+1.2 n582 | nofear +0.158R t+2.6 n878 | GAP -0.074
      within nocov : fear +0.052R t+0.7 n502 | nofear +0.180R t+2.8 n720 | GAP -0.128
      within sqlow : fear +0.505R t+1.6 n26 | nofear +0.293R t+1.2 n51 | GAP +0.212
      within rest  : fear +0.180R t+0.8 n54 | nofear -0.050R t-0.3 n107 | GAP +0.231

######## ROBUSTNESS (S4, fires 2016-01-01+) — regime=all  [base +0.107R t+10.0 n39926] ########
   1) CUT-SENSITIVITY GRID — GAP fear−nofear (n_fear):
                 | deep            q60 | deep            q67 | deep            q75
      fear  q60 |  -0.030 (n 5046) |  -0.045 (n 4188) |  -0.033 (n 3180)
      fear  q67 |  -0.023 (n 4299) |  -0.037 (n 3569) |  -0.010 (n 2719)
      fear  q75 |  -0.029 (n 3307) |  -0.047 (n 2752) |  -0.014 (n 2117)
   2) COMPONENT SPLIT (deep q67):
      ivp-arm:  fear +0.032R t+0.9 n2647 | nofear +0.032R t+1.3 n5953 | GAP +0.000
      sk-arm:   fear -0.039R t-0.9 n1478 | nofear +0.037R t+1.4 n4673 | GAP -0.076
      pure:     both -0.016R t-0.2 n556 | ivp_only +0.045R t+1.2 n2091 | sk_only -0.053R t-1.0 n922 | neither +0.047R t+1.8 n5031
   3) NEWS CONTROL (fires 2022-03-01+, deep q67, fear q67):
      window overall: fear +0.124R t+2.9 n1409 | nofear +0.127R t+3.4 n2406 | GAP -0.003
      within nocov : fear +0.109R t+2.3 n1151 | nofear +0.161R t+3.9 n1808 | GAP -0.051
      within sqlow : fear +0.191R t+1.4 n135 | nofear +0.101R t+0.9 n232 | GAP +0.090
      within rest  : fear +0.183R t+1.2 n123 | nofear -0.026R t-0.3 n366 | GAP +0.209

read: 1) GAP negative across the grid (graceful decay) => not a cut artifact;
      2) both components carry (esp. pure cells ordered both<ivp_only/sk_only<neither) => composite justified;
      3) GAP holds within news arms => additive to news; confined to one arm => redundant.
done.
