2000 symbols; prev-window Donchian bands; bracket TP2:SL1
  0/2000
/root/BlueHorseshoe/research/indicator_screen/donchian_deepdive.py:112: RuntimeWarning: invalid value encountered in divide
  width=hi[20]-lo[20]; cpos=np.where(width>1e-9,(c-lo[20])/width,np.nan)
/root/BlueHorseshoe/research/indicator_screen/donchian_deepdive.py:112: RuntimeWarning: divide by zero encountered in divide
  width=hi[20]-lo[20]; cpos=np.where(width>1e-9,(c-lo[20])/width,np.nan)
/root/BlueHorseshoe/research/indicator_screen/donchian_deepdive.py:112: RuntimeWarning: divide by zero encountered in divide
  width=hi[20]-lo[20]; cpos=np.where(width>1e-9,(c-lo[20])/width,np.nan)
/root/BlueHorseshoe/research/indicator_screen/donchian_deepdive.py:112: RuntimeWarning: invalid value encountered in divide
  width=hi[20]-lo[20]; cpos=np.where(width>1e-9,(c-lo[20])/width,np.nan)
/root/BlueHorseshoe/research/indicator_screen/donchian_deepdive.py:112: RuntimeWarning: divide by zero encountered in divide
  width=hi[20]-lo[20]; cpos=np.where(width>1e-9,(c-lo[20])/width,np.nan)
/root/BlueHorseshoe/research/indicator_screen/donchian_deepdive.py:112: RuntimeWarning: invalid value encountered in divide
  width=hi[20]-lo[20]; cpos=np.where(width>1e-9,(c-lo[20])/width,np.nan)
/root/BlueHorseshoe/research/indicator_screen/donchian_deepdive.py:112: RuntimeWarning: divide by zero encountered in divide
  width=hi[20]-lo[20]; cpos=np.where(width>1e-9,(c-lo[20])/width,np.nan)
/root/BlueHorseshoe/research/indicator_screen/donchian_deepdive.py:112: RuntimeWarning: invalid value encountered in divide
  width=hi[20]-lo[20]; cpos=np.where(width>1e-9,(c-lo[20])/width,np.nan)
/root/BlueHorseshoe/research/indicator_screen/donchian_deepdive.py:112: RuntimeWarning: invalid value encountered in divide
  width=hi[20]-lo[20]; cpos=np.where(width>1e-9,(c-lo[20])/width,np.nan)
/root/BlueHorseshoe/research/indicator_screen/donchian_deepdive.py:112: RuntimeWarning: divide by zero encountered in divide
  width=hi[20]-lo[20]; cpos=np.where(width>1e-9,(c-lo[20])/width,np.nan)
/root/BlueHorseshoe/research/indicator_screen/donchian_deepdive.py:112: RuntimeWarning: invalid value encountered in divide
  width=hi[20]-lo[20]; cpos=np.where(width>1e-9,(c-lo[20])/width,np.nan)
/root/BlueHorseshoe/research/indicator_screen/donchian_deepdive.py:112: RuntimeWarning: invalid value encountered in divide
  width=hi[20]-lo[20]; cpos=np.where(width>1e-9,(c-lo[20])/width,np.nan)
/root/BlueHorseshoe/research/indicator_screen/donchian_deepdive.py:112: RuntimeWarning: invalid value encountered in divide
  width=hi[20]-lo[20]; cpos=np.where(width>1e-9,(c-lo[20])/width,np.nan)
/root/BlueHorseshoe/research/indicator_screen/donchian_deepdive.py:112: RuntimeWarning: divide by zero encountered in divide
  width=hi[20]-lo[20]; cpos=np.where(width>1e-9,(c-lo[20])/width,np.nan)
/root/BlueHorseshoe/research/indicator_screen/donchian_deepdive.py:112: RuntimeWarning: invalid value encountered in divide
  width=hi[20]-lo[20]; cpos=np.where(width>1e-9,(c-lo[20])/width,np.nan)
/root/BlueHorseshoe/research/indicator_screen/donchian_deepdive.py:112: RuntimeWarning: invalid value encountered in divide
  width=hi[20]-lo[20]; cpos=np.where(width>1e-9,(c-lo[20])/width,np.nan)
/root/BlueHorseshoe/research/indicator_screen/donchian_deepdive.py:112: RuntimeWarning: divide by zero encountered in divide
  width=hi[20]-lo[20]; cpos=np.where(width>1e-9,(c-lo[20])/width,np.nan)
/root/BlueHorseshoe/research/indicator_screen/donchian_deepdive.py:112: RuntimeWarning: invalid value encountered in divide
  width=hi[20]-lo[20]; cpos=np.where(width>1e-9,(c-lo[20])/width,np.nan)
/root/BlueHorseshoe/research/indicator_screen/donchian_deepdive.py:112: RuntimeWarning: invalid value encountered in divide
  width=hi[20]-lo[20]; cpos=np.where(width>1e-9,(c-lo[20])/width,np.nan)
/root/BlueHorseshoe/research/indicator_screen/donchian_deepdive.py:112: RuntimeWarning: invalid value encountered in divide
  width=hi[20]-lo[20]; cpos=np.where(width>1e-9,(c-lo[20])/width,np.nan)
/root/BlueHorseshoe/research/indicator_screen/donchian_deepdive.py:112: RuntimeWarning: divide by zero encountered in divide
  width=hi[20]-lo[20]; cpos=np.where(width>1e-9,(c-lo[20])/width,np.nan)
/root/BlueHorseshoe/research/indicator_screen/donchian_deepdive.py:112: RuntimeWarning: invalid value encountered in divide
  width=hi[20]-lo[20]; cpos=np.where(width>1e-9,(c-lo[20])/width,np.nan)
/root/BlueHorseshoe/research/indicator_screen/donchian_deepdive.py:112: RuntimeWarning: divide by zero encountered in divide
  width=hi[20]-lo[20]; cpos=np.where(width>1e-9,(c-lo[20])/width,np.nan)
/root/BlueHorseshoe/research/indicator_screen/donchian_deepdive.py:112: RuntimeWarning: invalid value encountered in divide
  width=hi[20]-lo[20]; cpos=np.where(width>1e-9,(c-lo[20])/width,np.nan)
/root/BlueHorseshoe/research/indicator_screen/donchian_deepdive.py:112: RuntimeWarning: invalid value encountered in divide
  width=hi[20]-lo[20]; cpos=np.where(width>1e-9,(c-lo[20])/width,np.nan)
/root/BlueHorseshoe/research/indicator_screen/donchian_deepdive.py:112: RuntimeWarning: invalid value encountered in divide
  width=hi[20]-lo[20]; cpos=np.where(width>1e-9,(c-lo[20])/width,np.nan)
/root/BlueHorseshoe/research/indicator_screen/donchian_deepdive.py:112: RuntimeWarning: divide by zero encountered in divide
  width=hi[20]-lo[20]; cpos=np.where(width>1e-9,(c-lo[20])/width,np.nan)
/root/BlueHorseshoe/research/indicator_screen/donchian_deepdive.py:112: RuntimeWarning: invalid value encountered in divide
  width=hi[20]-lo[20]; cpos=np.where(width>1e-9,(c-lo[20])/width,np.nan)
/root/BlueHorseshoe/research/indicator_screen/donchian_deepdive.py:112: RuntimeWarning: invalid value encountered in divide
  width=hi[20]-lo[20]; cpos=np.where(width>1e-9,(c-lo[20])/width,np.nan)
/root/BlueHorseshoe/research/indicator_screen/donchian_deepdive.py:112: RuntimeWarning: invalid value encountered in divide
  width=hi[20]-lo[20]; cpos=np.where(width>1e-9,(c-lo[20])/width,np.nan)
/root/BlueHorseshoe/research/indicator_screen/donchian_deepdive.py:112: RuntimeWarning: invalid value encountered in divide
  width=hi[20]-lo[20]; cpos=np.where(width>1e-9,(c-lo[20])/width,np.nan)
/root/BlueHorseshoe/research/indicator_screen/donchian_deepdive.py:112: RuntimeWarning: divide by zero encountered in divide
  width=hi[20]-lo[20]; cpos=np.where(width>1e-9,(c-lo[20])/width,np.nan)
/root/BlueHorseshoe/research/indicator_screen/donchian_deepdive.py:112: RuntimeWarning: invalid value encountered in divide
  width=hi[20]-lo[20]; cpos=np.where(width>1e-9,(c-lo[20])/width,np.nan)
/root/BlueHorseshoe/research/indicator_screen/donchian_deepdive.py:112: RuntimeWarning: divide by zero encountered in divide
  width=hi[20]-lo[20]; cpos=np.where(width>1e-9,(c-lo[20])/width,np.nan)
/root/BlueHorseshoe/research/indicator_screen/donchian_deepdive.py:112: RuntimeWarning: invalid value encountered in divide
  width=hi[20]-lo[20]; cpos=np.where(width>1e-9,(c-lo[20])/width,np.nan)
/root/BlueHorseshoe/research/indicator_screen/donchian_deepdive.py:112: RuntimeWarning: invalid value encountered in divide
  width=hi[20]-lo[20]; cpos=np.where(width>1e-9,(c-lo[20])/width,np.nan)
/root/BlueHorseshoe/research/indicator_screen/donchian_deepdive.py:112: RuntimeWarning: divide by zero encountered in divide
  width=hi[20]-lo[20]; cpos=np.where(width>1e-9,(c-lo[20])/width,np.nan)
/root/BlueHorseshoe/research/indicator_screen/donchian_deepdive.py:112: RuntimeWarning: invalid value encountered in divide
  width=hi[20]-lo[20]; cpos=np.where(width>1e-9,(c-lo[20])/width,np.nan)
  400/2000
/root/BlueHorseshoe/research/indicator_screen/donchian_deepdive.py:112: RuntimeWarning: invalid value encountered in divide
  width=hi[20]-lo[20]; cpos=np.where(width>1e-9,(c-lo[20])/width,np.nan)
/root/BlueHorseshoe/research/indicator_screen/donchian_deepdive.py:112: RuntimeWarning: invalid value encountered in divide
  width=hi[20]-lo[20]; cpos=np.where(width>1e-9,(c-lo[20])/width,np.nan)
/root/BlueHorseshoe/research/indicator_screen/donchian_deepdive.py:112: RuntimeWarning: invalid value encountered in divide
  width=hi[20]-lo[20]; cpos=np.where(width>1e-9,(c-lo[20])/width,np.nan)
/root/BlueHorseshoe/research/indicator_screen/donchian_deepdive.py:112: RuntimeWarning: divide by zero encountered in divide
  width=hi[20]-lo[20]; cpos=np.where(width>1e-9,(c-lo[20])/width,np.nan)
/root/BlueHorseshoe/research/indicator_screen/donchian_deepdive.py:112: RuntimeWarning: invalid value encountered in divide
  width=hi[20]-lo[20]; cpos=np.where(width>1e-9,(c-lo[20])/width,np.nan)
/root/BlueHorseshoe/research/indicator_screen/donchian_deepdive.py:112: RuntimeWarning: divide by zero encountered in divide
  width=hi[20]-lo[20]; cpos=np.where(width>1e-9,(c-lo[20])/width,np.nan)
/root/BlueHorseshoe/research/indicator_screen/donchian_deepdive.py:112: RuntimeWarning: invalid value encountered in divide
  width=hi[20]-lo[20]; cpos=np.where(width>1e-9,(c-lo[20])/width,np.nan)
/root/BlueHorseshoe/research/indicator_screen/donchian_deepdive.py:112: RuntimeWarning: divide by zero encountered in divide
  width=hi[20]-lo[20]; cpos=np.where(width>1e-9,(c-lo[20])/width,np.nan)
/root/BlueHorseshoe/research/indicator_screen/donchian_deepdive.py:112: RuntimeWarning: invalid value encountered in divide
  width=hi[20]-lo[20]; cpos=np.where(width>1e-9,(c-lo[20])/width,np.nan)
/root/BlueHorseshoe/research/indicator_screen/donchian_deepdive.py:112: RuntimeWarning: divide by zero encountered in divide
  width=hi[20]-lo[20]; cpos=np.where(width>1e-9,(c-lo[20])/width,np.nan)
/root/BlueHorseshoe/research/indicator_screen/donchian_deepdive.py:112: RuntimeWarning: invalid value encountered in divide
  width=hi[20]-lo[20]; cpos=np.where(width>1e-9,(c-lo[20])/width,np.nan)
/root/BlueHorseshoe/research/indicator_screen/donchian_deepdive.py:112: RuntimeWarning: invalid value encountered in divide
  width=hi[20]-lo[20]; cpos=np.where(width>1e-9,(c-lo[20])/width,np.nan)
/root/BlueHorseshoe/research/indicator_screen/donchian_deepdive.py:112: RuntimeWarning: divide by zero encountered in divide
  width=hi[20]-lo[20]; cpos=np.where(width>1e-9,(c-lo[20])/width,np.nan)
/root/BlueHorseshoe/research/indicator_screen/donchian_deepdive.py:112: RuntimeWarning: invalid value encountered in divide
  width=hi[20]-lo[20]; cpos=np.where(width>1e-9,(c-lo[20])/width,np.nan)
/root/BlueHorseshoe/research/indicator_screen/donchian_deepdive.py:112: RuntimeWarning: invalid value encountered in divide
  width=hi[20]-lo[20]; cpos=np.where(width>1e-9,(c-lo[20])/width,np.nan)
/root/BlueHorseshoe/research/indicator_screen/donchian_deepdive.py:112: RuntimeWarning: divide by zero encountered in divide
  width=hi[20]-lo[20]; cpos=np.where(width>1e-9,(c-lo[20])/width,np.nan)
/root/BlueHorseshoe/research/indicator_screen/donchian_deepdive.py:112: RuntimeWarning: invalid value encountered in divide
  width=hi[20]-lo[20]; cpos=np.where(width>1e-9,(c-lo[20])/width,np.nan)
/root/BlueHorseshoe/research/indicator_screen/donchian_deepdive.py:112: RuntimeWarning: divide by zero encountered in divide
  width=hi[20]-lo[20]; cpos=np.where(width>1e-9,(c-lo[20])/width,np.nan)
/root/BlueHorseshoe/research/indicator_screen/donchian_deepdive.py:112: RuntimeWarning: invalid value encountered in divide
  width=hi[20]-lo[20]; cpos=np.where(width>1e-9,(c-lo[20])/width,np.nan)
/root/BlueHorseshoe/research/indicator_screen/donchian_deepdive.py:112: RuntimeWarning: divide by zero encountered in divide
  width=hi[20]-lo[20]; cpos=np.where(width>1e-9,(c-lo[20])/width,np.nan)
/root/BlueHorseshoe/research/indicator_screen/donchian_deepdive.py:112: RuntimeWarning: invalid value encountered in divide
  width=hi[20]-lo[20]; cpos=np.where(width>1e-9,(c-lo[20])/width,np.nan)
/root/BlueHorseshoe/research/indicator_screen/donchian_deepdive.py:112: RuntimeWarning: divide by zero encountered in divide
  width=hi[20]-lo[20]; cpos=np.where(width>1e-9,(c-lo[20])/width,np.nan)
/root/BlueHorseshoe/research/indicator_screen/donchian_deepdive.py:112: RuntimeWarning: invalid value encountered in divide
  width=hi[20]-lo[20]; cpos=np.where(width>1e-9,(c-lo[20])/width,np.nan)
/root/BlueHorseshoe/research/indicator_screen/donchian_deepdive.py:112: RuntimeWarning: invalid value encountered in divide
  width=hi[20]-lo[20]; cpos=np.where(width>1e-9,(c-lo[20])/width,np.nan)
/root/BlueHorseshoe/research/indicator_screen/donchian_deepdive.py:112: RuntimeWarning: divide by zero encountered in divide
  width=hi[20]-lo[20]; cpos=np.where(width>1e-9,(c-lo[20])/width,np.nan)
/root/BlueHorseshoe/research/indicator_screen/donchian_deepdive.py:112: RuntimeWarning: invalid value encountered in divide
  width=hi[20]-lo[20]; cpos=np.where(width>1e-9,(c-lo[20])/width,np.nan)
/root/BlueHorseshoe/research/indicator_screen/donchian_deepdive.py:112: RuntimeWarning: invalid value encountered in divide
  width=hi[20]-lo[20]; cpos=np.where(width>1e-9,(c-lo[20])/width,np.nan)
/root/BlueHorseshoe/research/indicator_screen/donchian_deepdive.py:112: RuntimeWarning: divide by zero encountered in divide
  width=hi[20]-lo[20]; cpos=np.where(width>1e-9,(c-lo[20])/width,np.nan)
/root/BlueHorseshoe/research/indicator_screen/donchian_deepdive.py:112: RuntimeWarning: invalid value encountered in divide
  width=hi[20]-lo[20]; cpos=np.where(width>1e-9,(c-lo[20])/width,np.nan)
/root/BlueHorseshoe/research/indicator_screen/donchian_deepdive.py:112: RuntimeWarning: divide by zero encountered in divide
  width=hi[20]-lo[20]; cpos=np.where(width>1e-9,(c-lo[20])/width,np.nan)
/root/BlueHorseshoe/research/indicator_screen/donchian_deepdive.py:112: RuntimeWarning: invalid value encountered in divide
  width=hi[20]-lo[20]; cpos=np.where(width>1e-9,(c-lo[20])/width,np.nan)
/root/BlueHorseshoe/research/indicator_screen/donchian_deepdive.py:112: RuntimeWarning: divide by zero encountered in divide
  width=hi[20]-lo[20]; cpos=np.where(width>1e-9,(c-lo[20])/width,np.nan)
/root/BlueHorseshoe/research/indicator_screen/donchian_deepdive.py:112: RuntimeWarning: invalid value encountered in divide
  width=hi[20]-lo[20]; cpos=np.where(width>1e-9,(c-lo[20])/width,np.nan)
/root/BlueHorseshoe/research/indicator_screen/donchian_deepdive.py:112: RuntimeWarning: divide by zero encountered in divide
  width=hi[20]-lo[20]; cpos=np.where(width>1e-9,(c-lo[20])/width,np.nan)
/root/BlueHorseshoe/research/indicator_screen/donchian_deepdive.py:112: RuntimeWarning: invalid value encountered in divide
  width=hi[20]-lo[20]; cpos=np.where(width>1e-9,(c-lo[20])/width,np.nan)
/root/BlueHorseshoe/research/indicator_screen/donchian_deepdive.py:112: RuntimeWarning: divide by zero encountered in divide
  width=hi[20]-lo[20]; cpos=np.where(width>1e-9,(c-lo[20])/width,np.nan)
/root/BlueHorseshoe/research/indicator_screen/donchian_deepdive.py:112: RuntimeWarning: invalid value encountered in divide
  width=hi[20]-lo[20]; cpos=np.where(width>1e-9,(c-lo[20])/width,np.nan)
/root/BlueHorseshoe/research/indicator_screen/donchian_deepdive.py:112: RuntimeWarning: divide by zero encountered in divide
  width=hi[20]-lo[20]; cpos=np.where(width>1e-9,(c-lo[20])/width,np.nan)
/root/BlueHorseshoe/research/indicator_screen/donchian_deepdive.py:112: RuntimeWarning: invalid value encountered in divide
  width=hi[20]-lo[20]; cpos=np.where(width>1e-9,(c-lo[20])/width,np.nan)
/root/BlueHorseshoe/research/indicator_screen/donchian_deepdive.py:112: RuntimeWarning: divide by zero encountered in divide
  width=hi[20]-lo[20]; cpos=np.where(width>1e-9,(c-lo[20])/width,np.nan)
/root/BlueHorseshoe/research/indicator_screen/donchian_deepdive.py:112: RuntimeWarning: invalid value encountered in divide
  width=hi[20]-lo[20]; cpos=np.where(width>1e-9,(c-lo[20])/width,np.nan)
/root/BlueHorseshoe/research/indicator_screen/donchian_deepdive.py:112: RuntimeWarning: divide by zero encountered in divide
  width=hi[20]-lo[20]; cpos=np.where(width>1e-9,(c-lo[20])/width,np.nan)
/root/BlueHorseshoe/research/indicator_screen/donchian_deepdive.py:112: RuntimeWarning: invalid value encountered in divide
  width=hi[20]-lo[20]; cpos=np.where(width>1e-9,(c-lo[20])/width,np.nan)
/root/BlueHorseshoe/research/indicator_screen/donchian_deepdive.py:112: RuntimeWarning: divide by zero encountered in divide
  width=hi[20]-lo[20]; cpos=np.where(width>1e-9,(c-lo[20])/width,np.nan)
/root/BlueHorseshoe/research/indicator_screen/donchian_deepdive.py:112: RuntimeWarning: invalid value encountered in divide
  width=hi[20]-lo[20]; cpos=np.where(width>1e-9,(c-lo[20])/width,np.nan)
/root/BlueHorseshoe/research/indicator_screen/donchian_deepdive.py:112: RuntimeWarning: divide by zero encountered in divide
  width=hi[20]-lo[20]; cpos=np.where(width>1e-9,(c-lo[20])/width,np.nan)
/root/BlueHorseshoe/research/indicator_screen/donchian_deepdive.py:112: RuntimeWarning: invalid value encountered in divide
  width=hi[20]-lo[20]; cpos=np.where(width>1e-9,(c-lo[20])/width,np.nan)
/root/BlueHorseshoe/research/indicator_screen/donchian_deepdive.py:112: RuntimeWarning: divide by zero encountered in divide
  width=hi[20]-lo[20]; cpos=np.where(width>1e-9,(c-lo[20])/width,np.nan)
/root/BlueHorseshoe/research/indicator_screen/donchian_deepdive.py:112: RuntimeWarning: invalid value encountered in divide
  width=hi[20]-lo[20]; cpos=np.where(width>1e-9,(c-lo[20])/width,np.nan)
/root/BlueHorseshoe/research/indicator_screen/donchian_deepdive.py:112: RuntimeWarning: divide by zero encountered in divide
  width=hi[20]-lo[20]; cpos=np.where(width>1e-9,(c-lo[20])/width,np.nan)
/root/BlueHorseshoe/research/indicator_screen/donchian_deepdive.py:112: RuntimeWarning: invalid value encountered in divide
  width=hi[20]-lo[20]; cpos=np.where(width>1e-9,(c-lo[20])/width,np.nan)
  800/2000
/root/BlueHorseshoe/research/indicator_screen/donchian_deepdive.py:112: RuntimeWarning: divide by zero encountered in divide
  width=hi[20]-lo[20]; cpos=np.where(width>1e-9,(c-lo[20])/width,np.nan)
/root/BlueHorseshoe/research/indicator_screen/donchian_deepdive.py:112: RuntimeWarning: invalid value encountered in divide
  width=hi[20]-lo[20]; cpos=np.where(width>1e-9,(c-lo[20])/width,np.nan)
/root/BlueHorseshoe/research/indicator_screen/donchian_deepdive.py:112: RuntimeWarning: invalid value encountered in divide
  width=hi[20]-lo[20]; cpos=np.where(width>1e-9,(c-lo[20])/width,np.nan)
/root/BlueHorseshoe/research/indicator_screen/donchian_deepdive.py:112: RuntimeWarning: invalid value encountered in divide
  width=hi[20]-lo[20]; cpos=np.where(width>1e-9,(c-lo[20])/width,np.nan)
/root/BlueHorseshoe/research/indicator_screen/donchian_deepdive.py:112: RuntimeWarning: divide by zero encountered in divide
  width=hi[20]-lo[20]; cpos=np.where(width>1e-9,(c-lo[20])/width,np.nan)
/root/BlueHorseshoe/research/indicator_screen/donchian_deepdive.py:112: RuntimeWarning: invalid value encountered in divide
  width=hi[20]-lo[20]; cpos=np.where(width>1e-9,(c-lo[20])/width,np.nan)
/root/BlueHorseshoe/research/indicator_screen/donchian_deepdive.py:112: RuntimeWarning: divide by zero encountered in divide
  width=hi[20]-lo[20]; cpos=np.where(width>1e-9,(c-lo[20])/width,np.nan)
/root/BlueHorseshoe/research/indicator_screen/donchian_deepdive.py:112: RuntimeWarning: invalid value encountered in divide
  width=hi[20]-lo[20]; cpos=np.where(width>1e-9,(c-lo[20])/width,np.nan)
/root/BlueHorseshoe/research/indicator_screen/donchian_deepdive.py:112: RuntimeWarning: divide by zero encountered in divide
  width=hi[20]-lo[20]; cpos=np.where(width>1e-9,(c-lo[20])/width,np.nan)
/root/BlueHorseshoe/research/indicator_screen/donchian_deepdive.py:112: RuntimeWarning: invalid value encountered in divide
  width=hi[20]-lo[20]; cpos=np.where(width>1e-9,(c-lo[20])/width,np.nan)
/root/BlueHorseshoe/research/indicator_screen/donchian_deepdive.py:112: RuntimeWarning: invalid value encountered in divide
  width=hi[20]-lo[20]; cpos=np.where(width>1e-9,(c-lo[20])/width,np.nan)
/root/BlueHorseshoe/research/indicator_screen/donchian_deepdive.py:112: RuntimeWarning: divide by zero encountered in divide
  width=hi[20]-lo[20]; cpos=np.where(width>1e-9,(c-lo[20])/width,np.nan)
/root/BlueHorseshoe/research/indicator_screen/donchian_deepdive.py:112: RuntimeWarning: invalid value encountered in divide
  width=hi[20]-lo[20]; cpos=np.where(width>1e-9,(c-lo[20])/width,np.nan)
/root/BlueHorseshoe/research/indicator_screen/donchian_deepdive.py:112: RuntimeWarning: invalid value encountered in divide
  width=hi[20]-lo[20]; cpos=np.where(width>1e-9,(c-lo[20])/width,np.nan)
/root/BlueHorseshoe/research/indicator_screen/donchian_deepdive.py:112: RuntimeWarning: divide by zero encountered in divide
  width=hi[20]-lo[20]; cpos=np.where(width>1e-9,(c-lo[20])/width,np.nan)
/root/BlueHorseshoe/research/indicator_screen/donchian_deepdive.py:112: RuntimeWarning: invalid value encountered in divide
  width=hi[20]-lo[20]; cpos=np.where(width>1e-9,(c-lo[20])/width,np.nan)
/root/BlueHorseshoe/research/indicator_screen/donchian_deepdive.py:112: RuntimeWarning: divide by zero encountered in divide
  width=hi[20]-lo[20]; cpos=np.where(width>1e-9,(c-lo[20])/width,np.nan)
/root/BlueHorseshoe/research/indicator_screen/donchian_deepdive.py:112: RuntimeWarning: invalid value encountered in divide
  width=hi[20]-lo[20]; cpos=np.where(width>1e-9,(c-lo[20])/width,np.nan)
  1200/2000
/root/BlueHorseshoe/research/indicator_screen/donchian_deepdive.py:112: RuntimeWarning: divide by zero encountered in divide
  width=hi[20]-lo[20]; cpos=np.where(width>1e-9,(c-lo[20])/width,np.nan)
/root/BlueHorseshoe/research/indicator_screen/donchian_deepdive.py:112: RuntimeWarning: invalid value encountered in divide
  width=hi[20]-lo[20]; cpos=np.where(width>1e-9,(c-lo[20])/width,np.nan)
/root/BlueHorseshoe/research/indicator_screen/donchian_deepdive.py:112: RuntimeWarning: invalid value encountered in divide
  width=hi[20]-lo[20]; cpos=np.where(width>1e-9,(c-lo[20])/width,np.nan)
/root/BlueHorseshoe/research/indicator_screen/donchian_deepdive.py:112: RuntimeWarning: divide by zero encountered in divide
  width=hi[20]-lo[20]; cpos=np.where(width>1e-9,(c-lo[20])/width,np.nan)
/root/BlueHorseshoe/research/indicator_screen/donchian_deepdive.py:112: RuntimeWarning: invalid value encountered in divide
  width=hi[20]-lo[20]; cpos=np.where(width>1e-9,(c-lo[20])/width,np.nan)
/root/BlueHorseshoe/research/indicator_screen/donchian_deepdive.py:112: RuntimeWarning: invalid value encountered in divide
  width=hi[20]-lo[20]; cpos=np.where(width>1e-9,(c-lo[20])/width,np.nan)
/root/BlueHorseshoe/research/indicator_screen/donchian_deepdive.py:112: RuntimeWarning: divide by zero encountered in divide
  width=hi[20]-lo[20]; cpos=np.where(width>1e-9,(c-lo[20])/width,np.nan)
/root/BlueHorseshoe/research/indicator_screen/donchian_deepdive.py:112: RuntimeWarning: invalid value encountered in divide
  width=hi[20]-lo[20]; cpos=np.where(width>1e-9,(c-lo[20])/width,np.nan)
/root/BlueHorseshoe/research/indicator_screen/donchian_deepdive.py:112: RuntimeWarning: divide by zero encountered in divide
  width=hi[20]-lo[20]; cpos=np.where(width>1e-9,(c-lo[20])/width,np.nan)
/root/BlueHorseshoe/research/indicator_screen/donchian_deepdive.py:112: RuntimeWarning: invalid value encountered in divide
  width=hi[20]-lo[20]; cpos=np.where(width>1e-9,(c-lo[20])/width,np.nan)
/root/BlueHorseshoe/research/indicator_screen/donchian_deepdive.py:112: RuntimeWarning: divide by zero encountered in divide
  width=hi[20]-lo[20]; cpos=np.where(width>1e-9,(c-lo[20])/width,np.nan)
/root/BlueHorseshoe/research/indicator_screen/donchian_deepdive.py:112: RuntimeWarning: invalid value encountered in divide
  width=hi[20]-lo[20]; cpos=np.where(width>1e-9,(c-lo[20])/width,np.nan)
/root/BlueHorseshoe/research/indicator_screen/donchian_deepdive.py:112: RuntimeWarning: invalid value encountered in divide
  width=hi[20]-lo[20]; cpos=np.where(width>1e-9,(c-lo[20])/width,np.nan)
/root/BlueHorseshoe/research/indicator_screen/donchian_deepdive.py:112: RuntimeWarning: divide by zero encountered in divide
  width=hi[20]-lo[20]; cpos=np.where(width>1e-9,(c-lo[20])/width,np.nan)
/root/BlueHorseshoe/research/indicator_screen/donchian_deepdive.py:112: RuntimeWarning: invalid value encountered in divide
  width=hi[20]-lo[20]; cpos=np.where(width>1e-9,(c-lo[20])/width,np.nan)
/root/BlueHorseshoe/research/indicator_screen/donchian_deepdive.py:112: RuntimeWarning: divide by zero encountered in divide
  width=hi[20]-lo[20]; cpos=np.where(width>1e-9,(c-lo[20])/width,np.nan)
/root/BlueHorseshoe/research/indicator_screen/donchian_deepdive.py:112: RuntimeWarning: invalid value encountered in divide
  width=hi[20]-lo[20]; cpos=np.where(width>1e-9,(c-lo[20])/width,np.nan)
/root/BlueHorseshoe/research/indicator_screen/donchian_deepdive.py:112: RuntimeWarning: invalid value encountered in divide
  width=hi[20]-lo[20]; cpos=np.where(width>1e-9,(c-lo[20])/width,np.nan)
/root/BlueHorseshoe/research/indicator_screen/donchian_deepdive.py:112: RuntimeWarning: invalid value encountered in divide
  width=hi[20]-lo[20]; cpos=np.where(width>1e-9,(c-lo[20])/width,np.nan)
/root/BlueHorseshoe/research/indicator_screen/donchian_deepdive.py:112: RuntimeWarning: divide by zero encountered in divide
  width=hi[20]-lo[20]; cpos=np.where(width>1e-9,(c-lo[20])/width,np.nan)
/root/BlueHorseshoe/research/indicator_screen/donchian_deepdive.py:112: RuntimeWarning: invalid value encountered in divide
  width=hi[20]-lo[20]; cpos=np.where(width>1e-9,(c-lo[20])/width,np.nan)
/root/BlueHorseshoe/research/indicator_screen/donchian_deepdive.py:112: RuntimeWarning: divide by zero encountered in divide
  width=hi[20]-lo[20]; cpos=np.where(width>1e-9,(c-lo[20])/width,np.nan)
/root/BlueHorseshoe/research/indicator_screen/donchian_deepdive.py:112: RuntimeWarning: invalid value encountered in divide
  width=hi[20]-lo[20]; cpos=np.where(width>1e-9,(c-lo[20])/width,np.nan)
  1600/2000
/root/BlueHorseshoe/research/indicator_screen/donchian_deepdive.py:112: RuntimeWarning: divide by zero encountered in divide
  width=hi[20]-lo[20]; cpos=np.where(width>1e-9,(c-lo[20])/width,np.nan)
/root/BlueHorseshoe/research/indicator_screen/donchian_deepdive.py:112: RuntimeWarning: invalid value encountered in divide
  width=hi[20]-lo[20]; cpos=np.where(width>1e-9,(c-lo[20])/width,np.nan)
/root/BlueHorseshoe/research/indicator_screen/donchian_deepdive.py:112: RuntimeWarning: divide by zero encountered in divide
  width=hi[20]-lo[20]; cpos=np.where(width>1e-9,(c-lo[20])/width,np.nan)
/root/BlueHorseshoe/research/indicator_screen/donchian_deepdive.py:112: RuntimeWarning: invalid value encountered in divide
  width=hi[20]-lo[20]; cpos=np.where(width>1e-9,(c-lo[20])/width,np.nan)
/root/BlueHorseshoe/research/indicator_screen/donchian_deepdive.py:112: RuntimeWarning: divide by zero encountered in divide
  width=hi[20]-lo[20]; cpos=np.where(width>1e-9,(c-lo[20])/width,np.nan)
/root/BlueHorseshoe/research/indicator_screen/donchian_deepdive.py:112: RuntimeWarning: invalid value encountered in divide
  width=hi[20]-lo[20]; cpos=np.where(width>1e-9,(c-lo[20])/width,np.nan)
/root/BlueHorseshoe/research/indicator_screen/donchian_deepdive.py:112: RuntimeWarning: invalid value encountered in divide
  width=hi[20]-lo[20]; cpos=np.where(width>1e-9,(c-lo[20])/width,np.nan)
/root/BlueHorseshoe/research/indicator_screen/donchian_deepdive.py:112: RuntimeWarning: divide by zero encountered in divide
  width=hi[20]-lo[20]; cpos=np.where(width>1e-9,(c-lo[20])/width,np.nan)
/root/BlueHorseshoe/research/indicator_screen/donchian_deepdive.py:112: RuntimeWarning: invalid value encountered in divide
  width=hi[20]-lo[20]; cpos=np.where(width>1e-9,(c-lo[20])/width,np.nan)
/root/BlueHorseshoe/research/indicator_screen/donchian_deepdive.py:112: RuntimeWarning: divide by zero encountered in divide
  width=hi[20]-lo[20]; cpos=np.where(width>1e-9,(c-lo[20])/width,np.nan)
/root/BlueHorseshoe/research/indicator_screen/donchian_deepdive.py:112: RuntimeWarning: invalid value encountered in divide
  width=hi[20]-lo[20]; cpos=np.where(width>1e-9,(c-lo[20])/width,np.nan)
/root/BlueHorseshoe/research/indicator_screen/donchian_deepdive.py:112: RuntimeWarning: invalid value encountered in divide
  width=hi[20]-lo[20]; cpos=np.where(width>1e-9,(c-lo[20])/width,np.nan)
/root/BlueHorseshoe/research/indicator_screen/donchian_deepdive.py:112: RuntimeWarning: divide by zero encountered in divide
  width=hi[20]-lo[20]; cpos=np.where(width>1e-9,(c-lo[20])/width,np.nan)
/root/BlueHorseshoe/research/indicator_screen/donchian_deepdive.py:112: RuntimeWarning: invalid value encountered in divide
  width=hi[20]-lo[20]; cpos=np.where(width>1e-9,(c-lo[20])/width,np.nan)
/root/BlueHorseshoe/research/indicator_screen/donchian_deepdive.py:112: RuntimeWarning: divide by zero encountered in divide
  width=hi[20]-lo[20]; cpos=np.where(width>1e-9,(c-lo[20])/width,np.nan)
/root/BlueHorseshoe/research/indicator_screen/donchian_deepdive.py:112: RuntimeWarning: invalid value encountered in divide
  width=hi[20]-lo[20]; cpos=np.where(width>1e-9,(c-lo[20])/width,np.nan)
/root/BlueHorseshoe/research/indicator_screen/donchian_deepdive.py:112: RuntimeWarning: divide by zero encountered in divide
  width=hi[20]-lo[20]; cpos=np.where(width>1e-9,(c-lo[20])/width,np.nan)
/root/BlueHorseshoe/research/indicator_screen/donchian_deepdive.py:112: RuntimeWarning: invalid value encountered in divide
  width=hi[20]-lo[20]; cpos=np.where(width>1e-9,(c-lo[20])/width,np.nan)
/root/BlueHorseshoe/research/indicator_screen/donchian_deepdive.py:112: RuntimeWarning: divide by zero encountered in divide
  width=hi[20]-lo[20]; cpos=np.where(width>1e-9,(c-lo[20])/width,np.nan)
/root/BlueHorseshoe/research/indicator_screen/donchian_deepdive.py:112: RuntimeWarning: invalid value encountered in divide
  width=hi[20]-lo[20]; cpos=np.where(width>1e-9,(c-lo[20])/width,np.nan)
/root/BlueHorseshoe/research/indicator_screen/donchian_deepdive.py:112: RuntimeWarning: invalid value encountered in divide
  width=hi[20]-lo[20]; cpos=np.where(width>1e-9,(c-lo[20])/width,np.nan)
/root/BlueHorseshoe/research/indicator_screen/donchian_deepdive.py:112: RuntimeWarning: invalid value encountered in divide
  width=hi[20]-lo[20]; cpos=np.where(width>1e-9,(c-lo[20])/width,np.nan)
/root/BlueHorseshoe/research/indicator_screen/donchian_deepdive.py:112: RuntimeWarning: invalid value encountered in divide
  width=hi[20]-lo[20]; cpos=np.where(width>1e-9,(c-lo[20])/width,np.nan)
/root/BlueHorseshoe/research/indicator_screen/donchian_deepdive.py:112: RuntimeWarning: divide by zero encountered in divide
  width=hi[20]-lo[20]; cpos=np.where(width>1e-9,(c-lo[20])/width,np.nan)
/root/BlueHorseshoe/research/indicator_screen/donchian_deepdive.py:112: RuntimeWarning: invalid value encountered in divide
  width=hi[20]-lo[20]; cpos=np.where(width>1e-9,(c-lo[20])/width,np.nan)
/root/BlueHorseshoe/research/indicator_screen/donchian_deepdive.py:112: RuntimeWarning: divide by zero encountered in divide
  width=hi[20]-lo[20]; cpos=np.where(width>1e-9,(c-lo[20])/width,np.nan)
/root/BlueHorseshoe/research/indicator_screen/donchian_deepdive.py:112: RuntimeWarning: invalid value encountered in divide
  width=hi[20]-lo[20]; cpos=np.where(width>1e-9,(c-lo[20])/width,np.nan)
/root/BlueHorseshoe/research/indicator_screen/donchian_deepdive.py:112: RuntimeWarning: invalid value encountered in divide
  width=hi[20]-lo[20]; cpos=np.where(width>1e-9,(c-lo[20])/width,np.nan)
/root/BlueHorseshoe/research/indicator_screen/donchian_deepdive.py:112: RuntimeWarning: divide by zero encountered in divide
  width=hi[20]-lo[20]; cpos=np.where(width>1e-9,(c-lo[20])/width,np.nan)
/root/BlueHorseshoe/research/indicator_screen/donchian_deepdive.py:112: RuntimeWarning: invalid value encountered in divide
  width=hi[20]-lo[20]; cpos=np.where(width>1e-9,(c-lo[20])/width,np.nan)
/root/BlueHorseshoe/research/indicator_screen/donchian_deepdive.py:112: RuntimeWarning: divide by zero encountered in divide
  width=hi[20]-lo[20]; cpos=np.where(width>1e-9,(c-lo[20])/width,np.nan)
/root/BlueHorseshoe/research/indicator_screen/donchian_deepdive.py:112: RuntimeWarning: invalid value encountered in divide
  width=hi[20]-lo[20]; cpos=np.where(width>1e-9,(c-lo[20])/width,np.nan)
/root/BlueHorseshoe/research/indicator_screen/donchian_deepdive.py:112: RuntimeWarning: divide by zero encountered in divide
  width=hi[20]-lo[20]; cpos=np.where(width>1e-9,(c-lo[20])/width,np.nan)
/root/BlueHorseshoe/research/indicator_screen/donchian_deepdive.py:112: RuntimeWarning: invalid value encountered in divide
  width=hi[20]-lo[20]; cpos=np.where(width>1e-9,(c-lo[20])/width,np.nan)
/root/BlueHorseshoe/research/indicator_screen/donchian_deepdive.py:112: RuntimeWarning: divide by zero encountered in divide
  width=hi[20]-lo[20]; cpos=np.where(width>1e-9,(c-lo[20])/width,np.nan)
/root/BlueHorseshoe/research/indicator_screen/donchian_deepdive.py:112: RuntimeWarning: invalid value encountered in divide
  width=hi[20]-lo[20]; cpos=np.where(width>1e-9,(c-lo[20])/width,np.nan)
/root/BlueHorseshoe/research/indicator_screen/donchian_deepdive.py:112: RuntimeWarning: divide by zero encountered in divide
  width=hi[20]-lo[20]; cpos=np.where(width>1e-9,(c-lo[20])/width,np.nan)
/root/BlueHorseshoe/research/indicator_screen/donchian_deepdive.py:112: RuntimeWarning: invalid value encountered in divide
  width=hi[20]-lo[20]; cpos=np.where(width>1e-9,(c-lo[20])/width,np.nan)
/root/BlueHorseshoe/research/indicator_screen/donchian_deepdive.py:112: RuntimeWarning: invalid value encountered in divide
  width=hi[20]-lo[20]; cpos=np.where(width>1e-9,(c-lo[20])/width,np.nan)
/root/BlueHorseshoe/research/indicator_screen/donchian_deepdive.py:112: RuntimeWarning: invalid value encountered in divide
  width=hi[20]-lo[20]; cpos=np.where(width>1e-9,(c-lo[20])/width,np.nan)

################ DONCHIAN DEEP-DIVE — DE-OVERLAP | FULL-POP(clus) | NEWEY-WEST ################
  prev-window bands; bracket TP2:SL1; vol_floor 0.005; $vol>=1,000,000
  Read: a salvageable contrarian LOW shows NW positive & t>=~3, growing with N (slow) and hold.

  ===================== hold10  regime=nonbull =====================
    signal                         DE-OVERLAP           FULL-POP             NEWEY-WEST
   -- BREAKDOWN longs (new N-day low) --
    don_low_10                 -0.197R t-12.0     -0.094R t-10.0  -0.095R t-12.1 n38801
    don_low_20                  -0.170R t-9.5      -0.049R t-4.8   -0.063R t-7.0 n28928
    don_low_55                  -0.132R t-6.6      -0.006R t-0.5   -0.030R t-2.6 n17854
   -- BREAKOUT longs (new N-day high) [control] --
    don_high_10                 -0.027R t-1.6      -0.068R t-6.4   -0.060R t-7.1 n41038
    don_high_20                 -0.059R t-3.1     -0.131R t-10.8  -0.119R t-12.0 n28792
    don_high_55                 -0.154R t-6.6     -0.259R t-17.0  -0.237R t-17.1 n13450
   -- CHANNEL POSITION deciles N=20 (q0=near low) --
    cpos_q0                     -0.033R t-1.9      +0.045R t+4.0   +0.021R t+2.1 n32141
    cpos_q1                     -0.044R t-2.7      +0.045R t+4.0   +0.044R t+4.6 n37122
    cpos_q2                     -0.045R t-2.9      +0.040R t+3.7   +0.048R t+5.0 n37214
    cpos_q3                     -0.055R t-3.6      +0.035R t+3.0   +0.035R t+3.5 n33639
    cpos_q4                     -0.115R t-7.1      +0.005R t+0.4   +0.018R t+1.7 n31317
    cpos_q5                     -0.067R t-3.9      -0.004R t-0.4   -0.003R t-0.3 n30882
    cpos_q6                     -0.043R t-2.5      +0.013R t+1.1   +0.003R t+0.3 n32318
    cpos_q7                     -0.015R t-0.9      +0.035R t+2.9   +0.031R t+3.1 n35222
    cpos_q8                     +0.026R t+1.5      +0.018R t+1.5   +0.015R t+1.5 n38710
    cpos_q9                     -0.041R t-2.3      -0.036R t-2.8   -0.041R t-3.9 n34911
   -- SLOW-CONTEXT split (low & below/above SMA200) --
    don_low_20_below200         -0.176R t-9.0      -0.075R t-6.2   -0.104R t-9.9 n21979
    don_low_20_above200         -0.223R t-6.5      -0.078R t-2.4    -0.080R t-2.4 n2071
    don_low_55_below200         -0.159R t-7.6      -0.025R t-1.9   -0.056R t-4.6 n15910
    don_low_55_above200         +0.033R t+0.5             (thin)                 (thin)
   -- INCREMENTAL vs dislocation factor (rsi<30|below_cloud|below_sma200) --
    don_low_55_indisloc         -0.129R t-6.5      -0.005R t-0.4   -0.030R t-2.6 n17809
    don_low_55_resid            -0.207R t-1.0             (thin)                 (thin)
    don_low_20_resid            -0.111R t-3.0      +0.000R t+0.0    -0.018R t-0.5 n1615
   -- RANDOM (machinery check) --
    RANDOM                      -0.061R t-7.5      +0.000R t+0.0  +0.000R t+0.0 n407937

  ===================== hold10  regime=all =====================
    signal                         DE-OVERLAP           FULL-POP             NEWEY-WEST
   -- BREAKDOWN longs (new N-day low) --
    don_low_10                  -0.026R t-2.2      +0.017R t+2.5  +0.008R t+1.9 n140233
    don_low_20                  -0.035R t-2.7      +0.036R t+4.7   +0.024R t+4.9 n93710
    don_low_55                  -0.043R t-2.8      +0.028R t+3.1   +0.021R t+3.1 n50255
   -- BREAKOUT longs (new N-day high) [control] --
    don_high_10                 -0.033R t-3.1      -0.056R t-8.1 -0.044R t-10.8 n178480
    don_high_20                 -0.064R t-5.2      -0.079R t-9.7 -0.059R t-12.5 n131133
    don_high_55                 -0.073R t-4.9     -0.094R t-10.5  -0.083R t-13.9 n82855
   -- CHANNEL POSITION deciles N=20 (q0=near low) --
    cpos_q0                     +0.011R t+0.9      +0.050R t+6.2  +0.039R t+7.3 n122589
    cpos_q1                     +0.022R t+2.0      +0.044R t+5.7  +0.032R t+6.5 n148057
    cpos_q2                     -0.001R t-0.1      +0.031R t+4.3  +0.024R t+4.9 n151873
    cpos_q3                     +0.018R t+1.7      +0.022R t+2.9  +0.008R t+1.7 n147005
    cpos_q4                     -0.027R t-2.6      -0.007R t-0.9  +0.001R t+0.3 n143536
    cpos_q5                     -0.026R t-2.4      -0.030R t-4.0  -0.005R t-1.1 n145425
    cpos_q6                     -0.019R t-1.8      -0.015R t-1.9  -0.004R t-0.9 n154341
    cpos_q7                     -0.000R t-0.0      -0.005R t-0.6  -0.002R t-0.5 n167899
    cpos_q8                     +0.025R t+2.1      -0.004R t-0.5  -0.007R t-1.5 n180129
    cpos_q9                     -0.021R t-1.8      -0.043R t-5.3  -0.034R t-6.7 n155797
   -- SLOW-CONTEXT split (low & below/above SMA200) --
    don_low_20_below200         -0.043R t-2.7      +0.007R t+0.9   +0.002R t+0.3 n63601
    don_low_20_above200         -0.033R t-1.9      +0.045R t+3.8   +0.046R t+4.7 n23785
    don_low_55_below200         -0.065R t-3.9      +0.018R t+1.9   +0.006R t+0.8 n43506
    don_low_55_above200         +0.084R t+2.8      +0.091R t+3.4    +0.067R t+2.5 n3354
   -- INCREMENTAL vs dislocation factor (rsi<30|below_cloud|below_sma200) --
    don_low_55_indisloc         -0.045R t-2.9      +0.028R t+3.1   +0.021R t+3.1 n50070
    don_low_55_resid            +0.093R t+0.8             (thin)                 (thin)
    don_low_20_resid            -0.008R t-0.4      +0.034R t+2.3   +0.035R t+2.7 n13106
   -- RANDOM (machinery check) --
    RANDOM                      +0.005R t+1.0      +0.000R t+0.0 +0.000R t+0.0 n1749772

  ===================== hold20  regime=nonbull =====================
    signal                         DE-OVERLAP           FULL-POP             NEWEY-WEST
   -- BREAKDOWN longs (new N-day low) --
    don_low_10                 -0.207R t-10.8      -0.103R t-9.9  -0.100R t-11.9 n38694
    don_low_20                  -0.174R t-8.7      -0.058R t-5.2   -0.068R t-7.0 n28842
    don_low_55                  -0.150R t-6.6      -0.014R t-1.0   -0.040R t-3.3 n17772
   -- BREAKOUT longs (new N-day high) [control] --
    don_high_10                 +0.022R t+1.1      -0.049R t-4.2   -0.050R t-5.3 n41008
    don_high_20                 -0.026R t-1.2     -0.130R t-10.1  -0.122R t-11.4 n28780
    don_high_55                 -0.133R t-5.0     -0.290R t-17.9  -0.271R t-18.2 n13447
   -- CHANNEL POSITION deciles N=20 (q0=near low) --
    cpos_q0                     -0.051R t-2.6      +0.039R t+3.1   +0.016R t+1.4 n31976
    cpos_q1                     -0.093R t-5.0      +0.034R t+2.7   +0.042R t+3.8 n37011
    cpos_q2                     -0.095R t-5.2      +0.038R t+3.2   +0.048R t+4.4 n37107
    cpos_q3                     -0.097R t-5.1      +0.039R t+3.0   +0.040R t+3.5 n33556
    cpos_q4                     -0.146R t-7.5      +0.009R t+0.7   +0.020R t+1.8 n31232
    cpos_q5                     -0.091R t-4.6      -0.004R t-0.3   -0.001R t-0.1 n30836
    cpos_q6                     -0.032R t-1.6      +0.022R t+1.7   +0.010R t+0.9 n32276
    cpos_q7                     +0.008R t+0.4      +0.036R t+2.7   +0.026R t+2.2 n35197
    cpos_q8                     +0.025R t+1.3      +0.015R t+1.1   +0.015R t+1.3 n38698
    cpos_q9                     -0.002R t-0.1      -0.032R t-2.4   -0.039R t-3.2 n34886
   -- SLOW-CONTEXT split (low & below/above SMA200) --
    don_low_20_below200         -0.187R t-8.5      -0.083R t-6.3   -0.112R t-9.9 n21900
    don_low_20_above200         -0.237R t-6.3      -0.078R t-2.3    -0.078R t-2.3 n2071
    don_low_55_below200         -0.180R t-7.5      -0.034R t-2.3   -0.066R t-5.2 n15841
    don_low_55_above200         +0.002R t+0.0             (thin)                 (thin)
   -- INCREMENTAL vs dislocation factor (rsi<30|below_cloud|below_sma200) --
    don_low_55_indisloc         -0.148R t-6.5      -0.013R t-1.0   -0.040R t-3.3 n17727
    don_low_55_resid            -0.244R t-1.1             (thin)                 (thin)
    don_low_20_resid            -0.117R t-2.9      +0.024R t+0.6    +0.003R t+0.1 n1610
   -- RANDOM (machinery check) --
    RANDOM                      +0.011R t+0.9      +0.000R t+0.0  +0.000R t+0.0 n407100

  ===================== hold20  regime=all =====================
    signal                         DE-OVERLAP           FULL-POP             NEWEY-WEST
   -- BREAKDOWN longs (new N-day low) --
    don_low_10                  -0.038R t-2.9      +0.011R t+1.6  +0.006R t+1.4 n139087
    don_low_20                  -0.050R t-3.5      +0.029R t+3.7   +0.024R t+4.5 n92840
    don_low_55                  -0.052R t-3.0      +0.025R t+2.5   +0.020R t+2.8 n49755
   -- BREAKOUT longs (new N-day high) [control] --
    don_high_10                 -0.016R t-1.4      -0.054R t-7.3 -0.046R t-10.3 n177700
    don_high_20                 -0.044R t-3.1      -0.078R t-9.0 -0.064R t-12.4 n130560
    don_high_55                 -0.071R t-4.3     -0.099R t-10.4  -0.091R t-14.4 n82396
   -- CHANNEL POSITION deciles N=20 (q0=near low) --
    cpos_q0                     +0.000R t+0.0      +0.047R t+5.2  +0.038R t+6.1 n121154
    cpos_q1                     +0.011R t+0.9      +0.040R t+4.7  +0.033R t+5.7 n146582
    cpos_q2                     -0.011R t-0.9      +0.031R t+3.8  +0.027R t+4.7 n150543
    cpos_q3                     +0.007R t+0.6      +0.029R t+3.3  +0.008R t+1.4 n145876
    cpos_q4                     -0.034R t-2.8      -0.005R t-0.6  +0.000R t+0.0 n142497
    cpos_q5                     -0.030R t-2.4      -0.034R t-4.3  -0.006R t-1.1 n144531
    cpos_q6                     +0.007R t+0.5      -0.009R t-1.0  +0.000R t+0.1 n153387
    cpos_q7                     +0.028R t+2.2      +0.001R t+0.1  -0.003R t-0.5 n166879
    cpos_q8                     +0.048R t+3.6      -0.005R t-0.6  -0.008R t-1.5 n179220
    cpos_q9                     -0.003R t-0.2      -0.044R t-5.2  -0.033R t-5.8 n155072
   -- SLOW-CONTEXT split (low & below/above SMA200) --
    don_low_20_below200         -0.042R t-2.4      -0.003R t-0.3   +0.001R t+0.1 n62886
    don_low_20_above200         -0.061R t-3.2      +0.042R t+3.3   +0.043R t+4.1 n23635
    don_low_55_below200         -0.074R t-4.0      +0.012R t+1.1   +0.005R t+0.7 n43015
    don_low_55_above200         +0.071R t+2.2      +0.078R t+2.7    +0.054R t+1.9 n3326
   -- INCREMENTAL vs dislocation factor (rsi<30|below_cloud|below_sma200) --
    don_low_55_indisloc         -0.056R t-3.2      +0.025R t+2.5   +0.020R t+2.8 n49571
    don_low_55_resid            +0.081R t+0.7             (thin)                 (thin)
    don_low_20_resid            -0.012R t-0.5      +0.036R t+2.3   +0.039R t+2.8 n13043
   -- RANDOM (machinery check) --
    RANDOM                      -0.005R t-0.5      +0.000R t+0.0 -0.000R t-0.0 n1737386

############### PER-YEAR NW (hold10, lift vs same-regime random; 2020=COVID) ###############

  regime=nonbull
    don_low_10       16:+0.07(t+3)  17: .    18:-0.13(t-5)  19:-0.07(t-1)  20:-0.28(t-10)  21: .    22:-0.19(t-15)  23:-0.00(t-0)  24: .    25:-0.37(t-9)  26: .  
    don_high_10      16: .    17: .    18: .    19: .    20: .    21: .    22: .    23: .    24: .    25: .    26: .  
    don_low_20       16:+0.15(t+6)  17: .    18:-0.17(t-6)  19:-0.34(t-1)  20:-0.39(t-12)  21: .    22:-0.13(t-9)  23:-0.04(t-1)  24: .    25:-0.35(t-6)  26: .  
    don_high_20      16: .    17: .    18: .    19: .    20: .    21: .    22: .    23: .    24: .    25: .    26: .  
    don_low_55       16:+0.02(t+0)  17: .    18:-0.17(t-5)  19: .    20:-0.51(t-14)  21: .    22:-0.04(t-2)  23:+0.04(t+1)  24: .    25:-0.29(t-4)  26: .  
    don_high_55      16: .    17: .    18: .    19: .    20: .    21: .    22: .    23: .    24: .    25: .    26: .  

  regime=all
    don_low_10       16:+0.13(t+8)  17:+0.13(t+8)  18:-0.06(t-4)  19:+0.11(t+7)  20:-0.05(t-3)  21:+0.12(t+10)  22:-0.21(t-20)  23:-0.03(t-3)  24:+0.06(t+5)  25:+0.05(t+4)  26:-0.04(t-2)
    don_high_10      16: .    17: .    18: .    19: .    20: .    21: .    22: .    23: .    24: .    25: .    26: .  
    don_low_20       16:+0.19(t+9)  17:+0.11(t+5)  18:-0.06(t-4)  19:+0.09(t+5)  20:-0.09(t-5)  21:+0.11(t+7)  22:-0.15(t-11)  23:-0.03(t-2)  24:+0.11(t+8)  25:+0.03(t+2)  26:-0.10(t-3)
    don_high_20      16: .    17: .    18: .    19: .    20: .    21: .    22: .    23: .    24: .    25: .    26: .  
    don_low_55       16:+0.03(t+1)  17:+0.02(t+0)  18:-0.05(t-2)  19:-0.04(t-1)  20:-0.26(t-11)  21:+0.05(t+2)  22:-0.08(t-5)  23:-0.03(t-1)  24:+0.03(t+1)  25:-0.05(t-2)  26:-0.17(t-4)
    don_high_55      16: .    17: .    18: .    19: .    20: .    21: .    22: .    23: .    24: .    25: .    26: .  

done.
