covered 1126
  0/1126
  200/1126
/root/BlueHorseshoe/research/indicator_screen/earnings_filter_confirm.py:95: RuntimeWarning: divide by zero encountered in divide
  rg,_=run(nxo,atr,o,h,l,c,True); ctier=np.array([dv_cost_bp(x) for x in np.nan_to_num(dv20)])/1e4/(SL_ATR*atr_pct)
  400/1126
  600/1126
/root/BlueHorseshoe/research/indicator_screen/earnings_filter_confirm.py:95: RuntimeWarning: divide by zero encountered in divide
  rg,_=run(nxo,atr,o,h,l,c,True); ctier=np.array([dv_cost_bp(x) for x in np.nan_to_num(dv20)])/1e4/(SL_ATR*atr_pct)
/root/BlueHorseshoe/research/indicator_screen/earnings_filter_confirm.py:95: RuntimeWarning: divide by zero encountered in divide
  rg,_=run(nxo,atr,o,h,l,c,True); ctier=np.array([dv_cost_bp(x) for x in np.nan_to_num(dv20)])/1e4/(SL_ATR*atr_pct)
  800/1126
/root/BlueHorseshoe/research/indicator_screen/earnings_filter_confirm.py:95: RuntimeWarning: divide by zero encountered in divide
  rg,_=run(nxo,atr,o,h,l,c,True); ctier=np.array([dv_cost_bp(x) for x in np.nan_to_num(dv20)])/1e4/(SL_ATR*atr_pct)
  1000/1126

################ COMBINED FILTER — regime=nonbull  [deepos base S4 +0.106R t+5.4 n11273] ################
  filter       KNIFE(excluded) S4         FILTERED-BOOK S4   liftS4 %vol kept
  F1          -0.038R t-1.0 n3162      +0.133R t+5.5 n7423   +0.027       66%   [next≤10|miss≤20]
  F2          -0.000R t-0.0 n5440      +0.162R t+5.6 n5103   +0.057       45%   [next≤10|any≤20]
  F3          -0.129R t-2.6 n1732      +0.128R t+5.9 n9074   +0.022       80%   [miss≤20]
  F4          -0.090R t-2.1 n2374      +0.133R t+5.8 n8203   +0.028       73%   [next≤5|miss≤20]

################ COMBINED FILTER — regime=all  [deepos base S4 +0.095R t+8.0 n32994] ################
  filter       KNIFE(excluded) S4         FILTERED-BOOK S4   liftS4 %vol kept
  F1         +0.055R t+2.5 n10636     +0.107R t+7.6 n21938   +0.012       66%   [next≤10|miss≤20]
  F2         +0.079R t+4.9 n18091     +0.105R t+6.0 n14555   +0.011       44%   [next≤10|any≤20]
  F3          +0.042R t+1.5 n6415     +0.100R t+7.6 n26195   +0.005       79%   [miss≤20]
  F4          +0.041R t+1.7 n8507     +0.107R t+7.8 n23997   +0.012       73%   [next≤5|miss≤20]

################ HA-SLEEVE OVERLAP (does DeepOS+HA already avoid earnings knives?) ################
  nonbull  HA-sleeve     +0.167R t+1.7 n330 | HA & F1-filtered     +0.149R t+1.1 n149 | HA & F1-KNIFE    +0.415R t+1.4 n54
  all      HA-sleeve    +0.099R t+2.9 n2397 | HA & F1-filtered    +0.025R t+0.5 n1148 | HA & F1-KNIFE   +0.219R t+2.7 n555

################ YEAR-BY-YEAR (nonbull S4): base vs F1-filtered vs F2-filtered ################
    year |          deepos base |          F1-filtered |          F2-filtered
    2016 |          -0.058 n944 |          -0.206 n486 |          -0.265 n306
    2017 |               (thin) |               (thin) |               (thin)
    2018 |          +0.087 n912 |          +0.145 n460 |          +0.142 n358
    2019 |           +0.026 n50 |           +0.055 n39 |           +0.122 n31
    2020 |         -0.385 n1613 |         -0.361 n1020 |          -0.345 n462
    2021 |               (thin) |               (thin) |               (thin)
    2022 |         -0.021 n2628 |         +0.026 n1616 |         -0.011 n1087
    2023 |          -0.122 n631 |          -0.159 n308 |          -0.198 n188
    2024 |               (thin) |               (thin) |               (thin)
    2025 |          -0.071 n300 |          -0.116 n199 |          -0.141 n117
    2026 |               (thin) |               (thin) |               (thin)

done.
