universe pinned 2000; earnings-covered 1126
  0/1126
  200/1126
/root/BlueHorseshoe/research/indicator_screen/earnings_angles.py:115: RuntimeWarning: divide by zero encountered in divide
  ctier=np.array([dv_cost_bp(x) for x in np.nan_to_num(dv20)])/1e4/(SL_ATR*atr_pct)
  400/1126
  600/1126
/root/BlueHorseshoe/research/indicator_screen/earnings_angles.py:115: RuntimeWarning: divide by zero encountered in divide
  ctier=np.array([dv_cost_bp(x) for x in np.nan_to_num(dv20)])/1e4/(SL_ATR*atr_pct)
/root/BlueHorseshoe/research/indicator_screen/earnings_angles.py:115: RuntimeWarning: divide by zero encountered in divide
  ctier=np.array([dv_cost_bp(x) for x in np.nan_to_num(dv20)])/1e4/(SL_ATR*atr_pct)
  800/1126
/root/BlueHorseshoe/research/indicator_screen/earnings_angles.py:115: RuntimeWarning: divide by zero encountered in divide
  ctier=np.array([dv_cost_bp(x) for x in np.nan_to_num(dv20)])/1e4/(SL_ATR*atr_pct)
  1000/1126

################ regime=nonbull  (faithful next-open+gapstop; S4=+cost; lift vs deepos S4) ################
  ===== ANGLE 2 — why is it down? (most-recent earnings) =====
    deepos(base)     S2   +0.097R t+5.0 n11273   S4   +0.106R t+5.4 n11273   liftS4 base
    post_miss5       S2     +0.007R t+0.1 n300   S4     +0.017R t+0.1 n300   liftS4 -0.089
    post_beat5       S2     +0.210R t+1.9 n232   S4     +0.220R t+1.9 n232   liftS4 +0.115
    post_miss10      S2     -0.103R t-1.5 n925   S4     -0.094R t-1.4 n925   liftS4 -0.200
    post_beat10      S2     -0.041R t-0.5 n644   S4     -0.032R t-0.4 n644   liftS4 -0.138
    post_miss20      S2    -0.138R t-2.7 n1732   S4    -0.129R t-2.6 n1732   liftS4 -0.234
    post_beat20      S2    -0.087R t-1.6 n1394   S4    -0.077R t-1.4 n1394   liftS4 -0.183
    clean_pm10       S2    +0.094R t+3.8 n7051   S4    +0.103R t+4.2 n7051   liftS4 -0.003
  ===== ANGLE 1 — proximity filter (next earnings) =====
    pre5             S2     -0.143R t-1.5 n439   S4     -0.137R t-1.5 n439   liftS4 -0.242
    no_pre5          S2   +0.101R t+5.0 n10346   S4   +0.109R t+5.4 n10346   liftS4 +0.004
    pre10            S2    -0.073R t-1.1 n1107   S4    -0.068R t-1.0 n1107   liftS4 -0.173
    no_pre10         S2    +0.096R t+4.6 n9568   S4    +0.105R t+5.0 n9568   liftS4 -0.001
  ===== control =====
    RANDOM           S2  +0.000R t+0.0 n311784   S4  +0.000R t+0.0 n311784   liftS4 -0.106

################ regime=all  (faithful next-open+gapstop; S4=+cost; lift vs deepos S4) ################
  ===== ANGLE 2 — why is it down? (most-recent earnings) =====
    deepos(base)     S2   +0.086R t+7.3 n32994   S4   +0.095R t+8.0 n32994   liftS4 base
    post_miss5       S2    +0.042R t+0.9 n1690   S4    +0.053R t+1.1 n1690   liftS4 -0.041
    post_beat5       S2    +0.092R t+1.9 n1479   S4    +0.102R t+2.1 n1479   liftS4 +0.007
    post_miss10      S2    +0.017R t+0.5 n3836   S4    +0.028R t+0.8 n3836   liftS4 -0.067
    post_beat10      S2    +0.055R t+1.5 n3338   S4    +0.065R t+1.8 n3338   liftS4 -0.030
    post_miss20      S2    +0.032R t+1.2 n6415   S4    +0.042R t+1.5 n6415   liftS4 -0.053
    post_beat20      S2    +0.057R t+2.1 n5614   S4    +0.067R t+2.4 n5614   liftS4 -0.028
    clean_pm10       S2   +0.093R t+6.2 n19973   S4   +0.101R t+6.8 n19973   liftS4 +0.006
  ===== ANGLE 1 — proximity filter (next earnings) =====
    pre5             S2    -0.096R t-1.9 n1702   S4    -0.090R t-1.7 n1702   liftS4 -0.184
    no_pre5          S2   +0.091R t+7.5 n30653   S4   +0.100R t+8.2 n30653   liftS4 +0.005
    pre10            S2    -0.011R t-0.3 n3779   S4    -0.006R t-0.2 n3779   liftS4 -0.100
    no_pre10         S2   +0.091R t+7.2 n28599   S4   +0.099R t+7.9 n28599   liftS4 +0.005
  ===== control =====
    RANDOM           S2 -0.000R t-0.0 n1378512   S4 -0.000R t-0.0 n1378512   liftS4 -0.095

################ PER-YEAR NW (nonbull S4; 2020=COVID) ################
  deepos(base)   16:-0.06(n944)  17: .  18:+0.09(n912)  19:+0.03(n50)  20:-0.39(n1613)  21: .  22:-0.02(n2628)  23:-0.12(n631)  24: .  25:-0.07(n300)  26: .
  post_miss10    16:+0.06(n99)  17: .  18:-0.23(n26)  19: .  20:-0.88(n68)  21: .  22:-0.33(n197)  23:+0.32(n9)  24: .  25: .  26: .
  post_beat10    16:+0.03(n55)  17: .  18:-0.21(n19)  19: .  20:-0.89(n44)  21: .  22:-0.11(n113)  23:-0.67(n8)  24: .  25: .  26: .
  clean_pm10     16:-0.18(n446)  17: .  18:+0.06(n450)  19:+0.06(n33)  20:-0.32(n1030)  21: .  22:-0.03(n1476)  23:-0.24(n323)  24: .  25:-0.19(n186)  26: .
  pre5           16: .  17: .  18: .  19: .  20: .  21: .  22:+0.06(n32)  23: .  24: .  25: .  26: .
  no_pre5        16:-0.04(n852)  17: .  18:+0.14(n769)  19:-0.02(n47)  20:-0.38(n1507)  21: .  22:-0.02(n2372)  23:-0.10(n535)  24: .  25:-0.10(n276)  26: .

done.
