universe: 2000 pinned symbols
checkpoint has 25 symbols cached
to fetch: 1996
  75/2000 cached (50 this run, 1.6/s)
  125/2000 cached (100 this run, 1.6/s)
  175/2000 cached (150 this run, 1.6/s)
  225/2000 cached (200 this run, 1.6/s)
  275/2000 cached (250 this run, 1.5/s)
  GATE on CARD: Invalid API call. Please retry or visit the documentation (https://www.alphavantage.co/documentation/) for EARNINGS.  (consec 1)
  325/2000 cached (300 this run, 1.5/s)
  375/2000 cached (350 this run, 1.5/s)
  425/2000 cached (400 this run, 1.5/s)
  475/2000 cached (450 this run, 1.5/s)
  GATE on DMA: Invalid API call. Please retry or visit the documentation (https://www.alphavantage.co/documentation/) for EARNINGS.  (consec 1)
  525/2000 cached (500 this run, 1.5/s)
  575/2000 cached (550 this run, 1.5/s)
  625/2000 cached (600 this run, 1.5/s)
  675/2000 cached (650 this run, 1.5/s)
  725/2000 cached (700 this run, 1.5/s)
  GATE on FTPA: Invalid API call. Please retry or visit the documentation (https://www.alphavantage.co/documentation/) for EARNINGS.  (consec 1)
  775/2000 cached (750 this run, 1.5/s)
  825/2000 cached (800 this run, 1.5/s)
  GATE on HGLB: Invalid API call. Please retry or visit the documentation (https://www.alphavantage.co/documentation/) for EARNINGS.  (consec 1)
  875/2000 cached (850 this run, 1.5/s)
  GATE on IG: Invalid API call. Please retry or visit the documentation (https://www.alphavantage.co/documentation/) for EARNINGS.  (consec 1)
  925/2000 cached (900 this run, 1.5/s)
  975/2000 cached (950 this run, 1.5/s)
  1025/2000 cached (1000 this run, 1.5/s)
  1075/2000 cached (1050 this run, 1.5/s)
  GATE on LMNX: Invalid API call. Please retry or visit the documentation (https://www.alphavantage.co/documentation/) for EARNINGS.  (consec 1)
  1125/2000 cached (1100 this run, 1.5/s)
  1175/2000 cached (1150 this run, 1.5/s)
  GATE on MVRL: Invalid API call. Please retry or visit the documentation (https://www.alphavantage.co/documentation/) for EARNINGS.  (consec 1)
  1225/2000 cached (1200 this run, 1.5/s)
  GATE on NRGD: Invalid API call. Please retry or visit the documentation (https://www.alphavantage.co/documentation/) for EARNINGS.  (consec 1)
  GATE on NRGU: Invalid API call. Please retry or visit the documentation (https://www.alphavantage.co/documentation/) for EARNINGS.  (consec 2)
  1275/2000 cached (1250 this run, 1.5/s)
  1325/2000 cached (1300 this run, 1.5/s)
  1375/2000 cached (1350 this run, 1.5/s)
  GATE on PDX: Invalid API call. Please retry or visit the documentation (https://www.alphavantage.co/documentation/) for EARNINGS.  (consec 1)
  1425/2000 cached (1400 this run, 1.5/s)
  1475/2000 cached (1450 this run, 1.5/s)
  GATE on QULL: Invalid API call. Please retry or visit the documentation (https://www.alphavantage.co/documentation/) for EARNINGS.  (consec 1)
  1525/2000 cached (1500 this run, 1.5/s)
  GATE on RFM: Invalid API call. Please retry or visit the documentation (https://www.alphavantage.co/documentation/) for EARNINGS.  (consec 1)
  GATE on RFMZ: Invalid API call. Please retry or visit the documentation (https://www.alphavantage.co/documentation/) for EARNINGS.  (consec 2)
  1575/2000 cached (1550 this run, 1.5/s)
  GATE on SDHY: Invalid API call. Please retry or visit the documentation (https://www.alphavantage.co/documentation/) for EARNINGS.  (consec 1)
  1625/2000 cached (1600 this run, 1.5/s)
  1675/2000 cached (1650 this run, 1.5/s)
  1725/2000 cached (1700 this run, 1.5/s)
  1775/2000 cached (1750 this run, 1.5/s)
  1825/2000 cached (1800 this run, 1.5/s)
  1875/2000 cached (1850 this run, 1.5/s)
  1925/2000 cached (1900 this run, 1.5/s)
  1975/2000 cached (1950 this run, 1.5/s)

COVERAGE: covered=1126 empty/delisted=860 not-yet-fetched=14
INCOMPLETE — 14 symbols remain (gate/cap or net errors). Re-run to resume.

done.
