FULL UNIVERSE 2000 syms (1103 fund-covered; non-covered = tilt-neutral solv=1.0, never hard-dropped) | full-book sim, 2621 trading days
  scan 0/2000
  scan 300/2000
  scan 600/2000
  scan 900/2000
  scan 1200/2000
  scan 1500/2000
  scan 1800/2000
  total filled fire-events: 9685
  RAW fire R (sanity): all +0.060 (n9685) | nonbull +0.288 (n2776) | HA-elig +0.078 (n150)

################ PROD book (bare all-regime + HA nonbull) ################
  policy  nTrades     total$  return%   CAGR%    $wtR   $/day
  SQ        2774        390     3.9%   0.37%  -0.017    0.15
  HARD      2417        571     5.7%   0.54%  -0.021    0.22
  TILT      2788       1243    12.4%   1.13%  -0.014    0.47
  Δ$wtR HARD-SQ: -0.003 90%CI[-0.032,+0.024] P(>0)=0.42
  Δ$wtR TILT-SQ: +0.003 90%CI[-0.027,+0.033] P(>0)=0.56

################ BARE-NONBULL book (both sleeves nonbull) ################
  policy  nTrades     total$  return%   CAGR%    $wtR   $/day
  SQ         667        -86    -0.9%  -0.08%  -0.032   -0.03
  HARD       627        826     8.3%   0.77%  +0.016    0.32
  TILT       670        999    10.0%   0.92%  +0.018    0.38
  Δ$wtR HARD-SQ: +0.049 90%CI[+0.014,+0.079] P(>0)=0.99
  Δ$wtR TILT-SQ: +0.046 90%CI[-0.036,+0.118] P(>0)=0.78

done.
