fundamentals-covered 1103  | year-block bootstrap B=5000, drop Z''<1.1
  0/1103
  300/1103
  600/1103
  900/1103

################ BARE deep_oversold (live sleeve) ################
  [nonbull]  base n10952  filtered n6829 (drop 4123, keep 62%)
     base mean   pt +0.169 | boot +0.174  90%CI[+0.065,+0.336]
     filt mean   pt +0.231 | boot +0.239  90%CI[+0.124,+0.402]  P(>0)=1.00
     LIFT        pt +0.062 | boot +0.061  90%CI[+0.046,+0.088]  P(lift>0)=1.00
  [all]  base n30750  filtered n18847 (drop 11903, keep 61%)
     base mean   pt +0.049 | boot +0.049  90%CI[+0.007,+0.090]
     filt mean   pt +0.066 | boot +0.066  90%CI[+0.015,+0.118]  P(>0)=0.98
     LIFT        pt +0.018 | boot +0.018  90%CI[+0.002,+0.033]  P(lift>0)=0.97

################ deep_oversold + HA (secondary) ################
  [nonbull]  base n931  filtered n588 (drop 343, keep 63%)
     base mean   pt +0.284 | boot +0.293  90%CI[+0.132,+0.524]
     filt mean   pt +0.282 | boot +0.291  90%CI[+0.137,+0.515]  P(>0)=1.00
     LIFT        pt -0.002 | boot -0.004  90%CI[-0.031,+0.025]  P(lift>0)=0.39
  [all]  base n3074  filtered n1876 (drop 1198, keep 61%)
     base mean   pt +0.068 | boot +0.069  90%CI[+0.012,+0.125]
     filt mean   pt +0.063 | boot +0.064  90%CI[+0.004,+0.126]  P(>0)=0.96
     LIFT        pt -0.005 | boot -0.005  90%CI[-0.038,+0.031]  P(lift>0)=0.41

done.
