fundamentals-covered 1103  | sizing-tilt B=3000, live_slots=10
  0/1103
  300/1103
  600/1103
  900/1103

################ DOOR #2 SIZING TILT — regime=nonbull  (bare deep_oversold, n=10952) ################
  (1) Z'' quintile gradient (mean R, year-block CI):
      Q1 Z''[-674.53,-1.40] n2190  R +0.073 90%CI[-0.052,+0.252]
      Q2 Z''[-1.40,+1.32] n2187  R +0.093 90%CI[+0.006,+0.254]
      Q3 Z''[+1.32,+2.88] n2193  R +0.170 90%CI[+0.023,+0.357]
      Q4 Z''[+2.88,+4.86] n2188  R +0.238 90%CI[+0.125,+0.383]
      Q5 Z''[+4.86,+482249379724.02] n2194  R +0.291 90%CI[+0.169,+0.466]
  (2) per active day: bare fires median 8 (p25 3/p75 20) | SOLVENT median 5 (p25 2/p75 12)
      days w/ <10 solvent fires: 70%  | <5 solvent: 49%  (active days 564)
      => if low, a HARD filter fills the 10 live slots with solvent names at ~no throughput cost.
  (3) policy per-dollar R (Sum w*R/Sum w), year-block CI | capital-deployed = Sum w / n:
      base equal-wt          R +0.174 90%CI[+0.065,+0.335]  cap-deployed 100%
      HARD drop-distress     R +0.238 90%CI[+0.125,+0.401]  cap-deployed 62%
      TILT quintile-graded   R +0.212 90%CI[+0.103,+0.371]  cap-deployed 60%

################ DOOR #2 SIZING TILT — regime=all  (bare deep_oversold, n=30750) ################
  (1) Z'' quintile gradient (mean R, year-block CI):
      Q1 Z''[-674.53,-2.18] n6147  R -0.005 90%CI[-0.036,+0.036]
      Q2 Z''[-2.18,+1.21] n6148  R +0.065 90%CI[+0.006,+0.125]
      Q3 Z''[+1.21,+2.84] n6155  R +0.039 90%CI[-0.038,+0.110]
      Q4 Z''[+2.84,+5.06] n6149  R +0.086 90%CI[+0.026,+0.138]
      Q5 Z''[+5.06,+482249379724.02] n6151  R +0.061 90%CI[+0.012,+0.119]
  (2) per active day: bare fires median 8 (p25 3/p75 14) | SOLVENT median 4 (p25 2/p75 9)
      days w/ <10 solvent fires: 77%  | <5 solvent: 52%  (active days 2442)
      => if low, a HARD filter fills the 10 live slots with solvent names at ~no throughput cost.
  (3) policy per-dollar R (Sum w*R/Sum w), year-block CI | capital-deployed = Sum w / n:
      base equal-wt          R +0.050 90%CI[+0.007,+0.090]  cap-deployed 100%
      HARD drop-distress     R +0.067 90%CI[+0.013,+0.117]  cap-deployed 61%
      TILT quintile-graded   R +0.059 90%CI[+0.013,+0.104]  cap-deployed 60%

done.
