universe: 1142 earnings-covered symbols (3 statements each = 3426 calls)
  seeded 12 symbols from prototype cache
checkpoint has 12 symbols cached
to fetch: 1130 symbols (3390 calls)
  37/1142 cached (25 syms this run, 1.5 calls/s)
  62/1142 cached (50 syms this run, 1.5 calls/s)
  87/1142 cached (75 syms this run, 1.5 calls/s)
  112/1142 cached (100 syms this run, 1.5 calls/s)
  137/1142 cached (125 syms this run, 1.5 calls/s)
  162/1142 cached (150 syms this run, 1.5 calls/s)
  187/1142 cached (175 syms this run, 1.5 calls/s)
  212/1142 cached (200 syms this run, 1.5 calls/s)
  237/1142 cached (225 syms this run, 1.5 calls/s)
  262/1142 cached (250 syms this run, 1.5 calls/s)
  287/1142 cached (275 syms this run, 1.5 calls/s)
  312/1142 cached (300 syms this run, 1.5 calls/s)
  337/1142 cached (325 syms this run, 1.5 calls/s)
  362/1142 cached (350 syms this run, 1.5 calls/s)
  387/1142 cached (375 syms this run, 1.4 calls/s)
  412/1142 cached (400 syms this run, 1.4 calls/s)
  437/1142 cached (425 syms this run, 1.4 calls/s)
  462/1142 cached (450 syms this run, 1.4 calls/s)
  487/1142 cached (475 syms this run, 1.4 calls/s)
  512/1142 cached (500 syms this run, 1.4 calls/s)
  537/1142 cached (525 syms this run, 1.4 calls/s)
  562/1142 cached (550 syms this run, 1.4 calls/s)
  587/1142 cached (575 syms this run, 1.4 calls/s)
  612/1142 cached (600 syms this run, 1.4 calls/s)
  637/1142 cached (625 syms this run, 1.4 calls/s)
  662/1142 cached (650 syms this run, 1.4 calls/s)
  687/1142 cached (675 syms this run, 1.4 calls/s)
  712/1142 cached (700 syms this run, 1.4 calls/s)
  737/1142 cached (725 syms this run, 1.4 calls/s)
  762/1142 cached (750 syms this run, 1.4 calls/s)
  787/1142 cached (775 syms this run, 1.4 calls/s)
  812/1142 cached (800 syms this run, 1.4 calls/s)
  837/1142 cached (825 syms this run, 1.4 calls/s)
  862/1142 cached (850 syms this run, 1.4 calls/s)
  887/1142 cached (875 syms this run, 1.4 calls/s)
  912/1142 cached (900 syms this run, 1.4 calls/s)
  937/1142 cached (925 syms this run, 1.4 calls/s)
  962/1142 cached (950 syms this run, 1.4 calls/s)
  987/1142 cached (975 syms this run, 1.4 calls/s)
  1012/1142 cached (1000 syms this run, 1.4 calls/s)
  1037/1142 cached (1025 syms this run, 1.4 calls/s)
  1062/1142 cached (1050 syms this run, 1.4 calls/s)
  1087/1142 cached (1075 syms this run, 1.4 calls/s)
  1112/1142 cached (1100 syms this run, 1.3 calls/s)
  1137/1142 cached (1125 syms this run, 1.3 calls/s)

COVERAGE: cached=1142 not-yet-fetched=0
building reportedDate map from earnings.parquet ...
Traceback (most recent call last):
  File "/root/BlueHorseshoe/research/indicator_screen/fundamentals_pull_full.py", line 100, in <module>
    ep=pd.read_parquet(EARN_PARQUET)
       ^^^^^^^^^^^^^^^^^^^^^^^^^^^^^
  File "/root/BlueHorseshoe/.venv/lib/python3.12/site-packages/pandas/io/parquet.py", line 668, in read_parquet
    impl = get_engine(engine)
           ^^^^^^^^^^^^^^^^^^
  File "/root/BlueHorseshoe/.venv/lib/python3.12/site-packages/pandas/io/parquet.py", line 68, in get_engine
    raise ImportError(
ImportError: Unable to find a usable engine; tried using: 'pyarrow', 'fastparquet'.
A suitable version of pyarrow or fastparquet is required for parquet support.
Trying to import the above resulted in these errors:
 - `Import pyarrow` failed. pyarrow is required for parquet support. Use pip or conda to install the pyarrow package.
 - `Import fastparquet` failed. fastparquet is required for parquet support. Use pip or conda to install the fastparquet package.
