fundamentals-covered 1103  | full-book sim, 2621 trading days
  scan 0/1103
  scan 300/1103
  scan 600/1103
  scan 900/1103
  total filled fire-events: 8239
  RAW fire R (sanity): all +0.053 (n8239) | nonbull +0.240 (n2222) | HA-elig +0.107 (n131)

################ PROD book (bare all-regime + HA nonbull) ################
  policy  nTrades     total$  return%   CAGR%    $wtR   $/day
  SQ        2388        486     4.9%   0.46%  +0.003    0.19
  HARD      1989        947     9.5%   0.87%  +0.013    0.36
  TILT      2381       2284    22.8%   2.00%  +0.026    0.87
  Δ$wtR HARD-SQ: +0.010 90%CI[-0.023,+0.043] P(>0)=0.67
  Δ$wtR TILT-SQ: +0.023 90%CI[+0.000,+0.046] P(>0)=0.95

################ BARE-NONBULL book (both sleeves nonbull) ################
  policy  nTrades     total$  return%   CAGR%    $wtR   $/day
  SQ         583        -39    -0.4%  -0.04%  -0.005   -0.01
  HARD       528        735     7.4%   0.68%  +0.048    0.28
  TILT       576        878     8.8%   0.81%  +0.053    0.34
  Δ$wtR HARD-SQ: +0.053 90%CI[+0.006,+0.096] P(>0)=0.97
  Δ$wtR TILT-SQ: +0.055 90%CI[-0.010,+0.117] P(>0)=0.91

done.
