2000 syms, conf = ha_flip_up & (rsi<30 or below-cloud), hold10 2:1
  0/2000
/root/BlueHorseshoe/research/indicator_screen/ha_confluence_gauntlet.py:108: RuntimeWarning: divide by zero encountered in divide
  cost_flat=(25.0/1e4)/(SL_ATR*atr_pct)
/root/BlueHorseshoe/research/indicator_screen/ha_confluence_gauntlet.py:109: RuntimeWarning: divide by zero encountered in divide
  cost_tier=np.array([dv_cost_bp(x) for x in np.nan_to_num(dv20)])/1e4/(SL_ATR*atr_pct)
/root/BlueHorseshoe/research/indicator_screen/ha_confluence_gauntlet.py:108: RuntimeWarning: divide by zero encountered in divide
  cost_flat=(25.0/1e4)/(SL_ATR*atr_pct)
/root/BlueHorseshoe/research/indicator_screen/ha_confluence_gauntlet.py:109: RuntimeWarning: divide by zero encountered in divide
  cost_tier=np.array([dv_cost_bp(x) for x in np.nan_to_num(dv20)])/1e4/(SL_ATR*atr_pct)
  300/2000
/root/BlueHorseshoe/research/indicator_screen/ha_confluence_gauntlet.py:108: RuntimeWarning: divide by zero encountered in divide
  cost_flat=(25.0/1e4)/(SL_ATR*atr_pct)
/root/BlueHorseshoe/research/indicator_screen/ha_confluence_gauntlet.py:109: RuntimeWarning: divide by zero encountered in divide
  cost_tier=np.array([dv_cost_bp(x) for x in np.nan_to_num(dv20)])/1e4/(SL_ATR*atr_pct)
  600/2000
/root/BlueHorseshoe/research/indicator_screen/ha_confluence_gauntlet.py:108: RuntimeWarning: divide by zero encountered in divide
  cost_flat=(25.0/1e4)/(SL_ATR*atr_pct)
/root/BlueHorseshoe/research/indicator_screen/ha_confluence_gauntlet.py:109: RuntimeWarning: divide by zero encountered in divide
  cost_tier=np.array([dv_cost_bp(x) for x in np.nan_to_num(dv20)])/1e4/(SL_ATR*atr_pct)
  900/2000
/root/BlueHorseshoe/research/indicator_screen/ha_confluence_gauntlet.py:108: RuntimeWarning: divide by zero encountered in divide
  cost_flat=(25.0/1e4)/(SL_ATR*atr_pct)
/root/BlueHorseshoe/research/indicator_screen/ha_confluence_gauntlet.py:109: RuntimeWarning: divide by zero encountered in divide
  cost_tier=np.array([dv_cost_bp(x) for x in np.nan_to_num(dv20)])/1e4/(SL_ATR*atr_pct)
/root/BlueHorseshoe/research/indicator_screen/ha_confluence_gauntlet.py:108: RuntimeWarning: divide by zero encountered in divide
  cost_flat=(25.0/1e4)/(SL_ATR*atr_pct)
/root/BlueHorseshoe/research/indicator_screen/ha_confluence_gauntlet.py:109: RuntimeWarning: divide by zero encountered in divide
  cost_tier=np.array([dv_cost_bp(x) for x in np.nan_to_num(dv20)])/1e4/(SL_ATR*atr_pct)
  1200/2000
/root/BlueHorseshoe/research/indicator_screen/ha_confluence_gauntlet.py:108: RuntimeWarning: divide by zero encountered in divide
  cost_flat=(25.0/1e4)/(SL_ATR*atr_pct)
/root/BlueHorseshoe/research/indicator_screen/ha_confluence_gauntlet.py:109: RuntimeWarning: divide by zero encountered in divide
  cost_tier=np.array([dv_cost_bp(x) for x in np.nan_to_num(dv20)])/1e4/(SL_ATR*atr_pct)
/root/BlueHorseshoe/research/indicator_screen/ha_confluence_gauntlet.py:108: RuntimeWarning: divide by zero encountered in divide
  cost_flat=(25.0/1e4)/(SL_ATR*atr_pct)
/root/BlueHorseshoe/research/indicator_screen/ha_confluence_gauntlet.py:109: RuntimeWarning: divide by zero encountered in divide
  cost_tier=np.array([dv_cost_bp(x) for x in np.nan_to_num(dv20)])/1e4/(SL_ATR*atr_pct)
  1500/2000
  1800/2000

################ CUMULATIVE FRICTION — regime=all (de-overlapped, clustered) ################
       scenario |           CONF abs R  win% |           DISL abs R |         RAND abs R |  conf-disl
       S0_ideal | +0.1079R t+8.8 n48901   41% | +0.0911R t+8.5 n80625 | +0.0642R t+10.3 n1850966 |   +0.0169R
    S1_nextopen | +0.1001R t+8.3 n48901   40% | +0.0730R t+6.8 n80625 | +0.0436R t+7.2 n1850966 |   +0.0272R
     S2_gapstop | +0.0688R t+5.4 n48901   40% | +0.0421R t+3.8 n80625 | +0.0127R t+2.1 n1850966 |   +0.0267R
      S3_cost25 | -0.0184R t-1.5 n48901   40% | -0.0481R t-4.4 n80625 | -0.0895R t-16.0 n1850966 |   +0.0297R
   S4_realistic | +0.0165R t+1.3 n48901   40% | -0.0136R t-1.2 n80625 | -0.0503R t-8.6 n1850966 |   +0.0301R

################ CUMULATIVE FRICTION — regime=nonbull (de-overlapped, clustered) ################
       scenario |           CONF abs R  win% |           DISL abs R |         RAND abs R |  conf-disl
       S0_ideal | +0.2998R t+18.2 n15237   48% | +0.1552R t+12.2 n26900 | +0.1873R t+23.3 n430794 |   +0.1446R
    S1_nextopen | +0.3321R t+20.4 n15237   49% | +0.1347R t+10.6 n26900 | +0.1775R t+22.4 n430794 |   +0.1974R
     S2_gapstop | +0.3049R t+18.5 n15237   49% | +0.0986R t+6.8 n26900 | +0.1460R t+18.5 n430794 |   +0.2064R
      S3_cost25 | +0.2323R t+14.2 n15237   48% | +0.0218R t+1.5 n26900 | +0.0638R t+8.3 n430794 |   +0.2106R
   S4_realistic | +0.2638R t+16.1 n15237   48% | +0.0535R t+3.7 n26900 | +0.0975R t+12.5 n430794 |   +0.2103R

################ S4 REALISTIC — CONF year by year (absolute R) ################
    year |             all regime |                nonbull
    2016 |   +0.2192R t+5.4 n2113 |   +0.2124R t+4.2 n1296
    2017 |   +0.2606R t+7.2 n2775 |                 (thin)
    2018 |   +0.0112R t+0.5 n4980 |   +0.3565R t+8.9 n1545
    2019 |   +0.2454R t+8.0 n3429 |   +0.7887R t+13.4 n534
    2020 |   +0.2152R t+8.6 n4067 |  +0.3617R t+11.5 n1909
    2021 |   +0.0056R t+0.2 n5040 |                 (thin)
    2022 |   -0.0001R t-0.0 n7771 |   +0.1561R t+7.4 n6205
    2023 |   +0.0240R t+1.1 n5714 |  +0.6129R t+14.9 n1495
    2024 |   +0.0581R t+2.2 n5019 |                 (thin)
    2025 |   +0.1234R t+5.5 n6226 |   +0.3178R t+9.9 n1922
    2026 |   +0.0560R t+1.4 n1767 |    +0.3108R t+4.2 n331

################ S4 REALISTIC — CONF by liquidity tier (nonbull, 20d avg $-vol) ################
       <1M |       +0.1862R t+1.7 | n 173
      1-5M |       +0.2454R t+6.5 | n 2693
     5-25M |       +0.2585R t+9.2 | n 5314
      >25M |      +0.2875R t+11.4 | n 7057

done.
