2000 syms, deep = rsi<30 age>=3, hold10 2:1
  0/2000
  300/2000
  600/2000
  900/2000
  1200/2000
  1500/2000
  1800/2000

################ CUMULATIVE FRICTION — regime=all (de-overlapped, clustered) ################
       scenario |         DEEP (bench) |            DEEP_FLIP  win% |           DEEP_GREEN |  flip-deep
       S0_ideal | +0.2312R t+10.0 n6744 | +0.1774R t+5.1 n2024   43% | +0.1797R t+5.2 n2060 |   -0.0538R
    S1_nextopen | +0.2112R t+9.2 n6744 | +0.1470R t+4.3 n2024   43% | +0.1521R t+4.4 n2060 |   -0.0642R
     S2_gapstop | +0.1864R t+7.9 n6744 | +0.1188R t+3.2 n2024   43% | +0.1291R t+3.7 n2060 |   -0.0676R
      S3_cost25 | +0.1118R t+4.8 n6744 | +0.0570R t+1.5 n2024   42% | +0.0673R t+1.9 n2060 |   -0.0548R
   S4_realistic | +0.1426R t+6.0 n6744 | +0.0852R t+2.3 n2024   43% | +0.0953R t+2.7 n2060 |   -0.0573R

################ CUMULATIVE FRICTION — regime=nonbull (de-overlapped, clustered) ################
       scenario |         DEEP (bench) |            DEEP_FLIP  win% |           DEEP_GREEN |  flip-deep
       S0_ideal | +0.3775R t+12.2 n2995 |  +0.4719R t+8.7 n726   52% |  +0.4356R t+8.1 n746 |   +0.0944R
    S1_nextopen | +0.3057R t+10.1 n2995 |  +0.4823R t+9.0 n726   54% |  +0.4510R t+8.5 n746 |   +0.1766R
     S2_gapstop | +0.2828R t+9.2 n2995 |  +0.4623R t+8.3 n726   54% |  +0.4314R t+7.9 n746 |   +0.1795R
      S3_cost25 | +0.2145R t+7.0 n2995 |  +0.4101R t+7.4 n726   54% |  +0.3792R t+6.9 n746 |   +0.1955R
   S4_realistic | +0.2441R t+7.9 n2995 |  +0.4353R t+7.8 n726   54% |  +0.4044R t+7.4 n746 |   +0.1913R

################ S4 REALISTIC — DEEP_FLIP year by year (absolute R) ################
    year |               all regime |                  nonbull
    2016 |      +0.3621R t+3.0 n130 |       +0.4178R t+3.0 n90
    2017 |      +0.3310R t+1.9 n104 |                   (thin)
    2018 |      +0.2915R t+2.9 n233 |       +0.8251R t+5.2 n94
    2019 |      -0.3288R t-3.1 n115 |                   (thin)
    2020 |      +0.2818R t+2.9 n204 |      +0.4934R t+4.5 n153
    2021 |      -0.0007R t-0.0 n118 |                   (thin)
    2022 |      +0.1028R t+1.2 n263 |      +0.1537R t+1.7 n235
    2023 |      +0.0027R t+0.0 n297 |       +0.3691R t+2.2 n69
    2024 |      -0.0760R t-0.9 n251 |                   (thin)
    2025 |      +0.2008R t+1.8 n232 |       +0.9671R t+6.2 n64
    2026 |       -0.2225R t-1.6 n77 |                   (thin)

################ S4 REALISTIC — DEEP_FLIP by liquidity tier (all regime, 20d avg $-vol) ################
       <1M |       +0.0500R t+0.2 | n 23
      1-5M |       +0.0052R t+0.1 | n 356
     5-25M |       +0.0333R t+0.6 | n 673
      >25M |       +0.1431R t+2.7 | n 972

done.
