2000 syms (PINNED); knife re-audit close vs next-open, hold10 2:1
  0/2000
  300/2000
  600/2000
  900/2000
  1200/2000
  1500/2000
  1800/2000

################ KNIFE RE-AUDIT — regime=nonbull  (NW lift vs random, full-pop) ################
  signal                 CLOSE       NEXTOPN        +GAPST |  Δ(NO-CL)  gap%
   -- ALPHA anchors (slow, expect stable) --
  rsi_oversold    +0.079 t+6.6  +0.052 t+4.5  +0.054 t+4.5 |    -0.027    9%
  below_cloud    +0.063 t+11.3 +0.062 t+11.2 +0.063 t+11.0 |    -0.001    6%
  below_sma200    +0.048 t+8.7  +0.045 t+8.3  +0.049 t+8.6 |    -0.003    5%
   -- KNIVES (gap-correlated suspects) --
  gap_down        -0.083 t-7.0  -0.075 t-6.3  -0.081 t-6.5 |    +0.008   16%
  cci_deep        -0.147 t-9.8  -0.118 t-7.9  -0.119 t-7.6 |    +0.030    8%
  rsi_deep        -0.163 t-4.4  -0.154 t-4.1  -0.173 t-4.2 |    +0.010   15%
  bb_below        -0.062 t-6.4  -0.066 t-6.8  -0.063 t-6.3 |    -0.004    7%
  stoch_os        -0.017 t-2.2  -0.020 t-2.7  -0.015 t-2.0 |    -0.003    5%
  cci_os          -0.033 t-5.0  -0.028 t-4.3  -0.026 t-3.9 |    +0.005    6%
   -- TREND controls (not gap-driven) --
  above_sma200    -0.077 t-9.5 -0.081 t-10.2 -0.082 t-10.0 |    -0.004    3%
  donchian_high  -0.125 t-12.8 -0.122 t-12.3 -0.127 t-12.1 |    +0.003    2%
   -- RANDOM --
  RANDOM          -0.000 t-0.0  -0.000 t-0.0  +0.000 t+0.0 |    -0.000    4%

################ KNIFE RE-AUDIT — regime=all  (NW lift vs random, full-pop) ################
  signal                 CLOSE       NEXTOPN        +GAPST |  Δ(NO-CL)  gap%
   -- ALPHA anchors (slow, expect stable) --
  rsi_oversold    +0.068 t+9.0  +0.060 t+8.2  +0.065 t+8.5 |    -0.008    5%
  below_cloud     +0.028 t+8.7 +0.031 t+10.0 +0.032 t+10.0 |    +0.003    3%
  below_sma200    +0.029 t+9.2 +0.033 t+10.6 +0.034 t+10.4 |    +0.004    3%
   -- KNIVES (gap-correlated suspects) --
  gap_down        -0.007 t-1.0  -0.006 t-0.8  -0.006 t-0.8 |    +0.001   13%
  cci_deep        -0.008 t-1.1  +0.008 t+1.1  +0.008 t+1.0 |    +0.016    5%
  rsi_deep        -0.012 t-0.5  -0.017 t-0.8  -0.019 t-0.8 |    -0.006    8%
  bb_below        +0.023 t+4.2  +0.024 t+4.5  +0.027 t+4.9 |    +0.002    4%
  stoch_os        +0.032 t+8.4  +0.032 t+8.4  +0.033 t+8.3 |    -0.000    3%
  cci_os          +0.022 t+6.5  +0.030 t+8.9  +0.031 t+8.7 |    +0.008    3%
   -- TREND controls (not gap-driven) --
  above_sma200   -0.028 t-10.0 -0.033 t-12.0 -0.033 t-11.7 |    -0.005    2%
  donchian_high  -0.064 t-13.6 -0.067 t-14.3 -0.069 t-14.1 |    -0.003    2%
   -- RANDOM --
  RANDOM          -0.000 t-0.0  +0.000 t+0.0  -0.000 t-0.0 |    +0.000    2%

done.
