2000 symbols
  0/2000
  400/2000
  800/2000
  1200/2000
  1600/2000

################ BROAD NW RE-SWEEP — DE-OVERLAP vs FULL-POP vs NEWEY-WEST ################
  bracket TP2:SL1 hold10, vol_floor 0.005, $vol>=1,000,000
  FLAG ▲ = buried-edge signature (de-overlap<=0 AND NW>0 t>=3).  FLAG ! = trend control came POSITIVE.

  ===================== regime=nonbull =====================
    signal                      DE-OVERLAP     FULL-POP(clus)             NEWEY-WEST  flag
   -- ANCHORS (known +) --
    rsi_oversold             -0.066R t-3.2     +0.170R t+11.9   +0.079R t+6.6 n26092  ▲ buried?
    below_cloud              -0.031R t-2.8     +0.073R t+11.7 +0.066R t+11.6 n193840  ▲ buried?
    below_not_os             -0.036R t-3.2     +0.068R t+10.0 +0.065R t+10.6 n168543  ▲ buried?
   -- OSCILLATORS oversold --
    stoch_os                 -0.048R t-3.2      -0.010R t-1.1   -0.031R t-4.1 n61974  
    willr_os                 -0.115R t-8.7      +0.010R t+1.2   -0.013R t-2.0 n93485  
    cci_os                  -0.149R t-10.4      -0.032R t-3.7   -0.046R t-6.9 n84944  
    cci_deep                -0.284R t-12.7     -0.179R t-10.8   -0.159R t-10.3 n9388  
    mfi_os                   +0.073R t+3.1      +0.124R t+6.5   +0.054R t+3.2 n14453  
    ultosc_os                -0.015R t-0.6      +0.120R t+5.9    +0.066R t+3.6 n9434  ▲ buried?
    rsi_deep                 +0.065R t+1.4      -0.087R t-2.2    -0.156R t-4.0 n2220  
   -- MA dislocation --
    below_sma200             -0.029R t-2.7     +0.070R t+11.0  +0.053R t+9.4 n213109  ▲ buried?
    far_below_sma200         -0.009R t-0.6     +0.129R t+13.6 +0.071R t+10.3 n131818  ▲ buried?
    below_sma50              -0.047R t-4.4      +0.051R t+8.4  +0.045R t+8.3 n212631  ▲ buried?
    far_below_sma50          -0.046R t-3.1     +0.106R t+11.6  +0.069R t+9.8 n111579  ▲ buried?
   -- BANDS / CHANNEL --
    bb_below                -0.198R t-10.8      -0.051R t-4.5   -0.060R t-6.1 n27638  
    bb_far                   -0.229R t-9.6      -0.083R t-5.2    -0.097R t-6.2 n9039  
    donchian_low             -0.053R t-1.2      -0.127R t-1.9     -0.132R t-1.7 n417  
   -- GAP / VOL / VOLAT --
    gap_down                 -0.176R t-9.0      -0.095R t-7.7   -0.080R t-6.8 n15929  
    gap_up                   +0.012R t+0.6      +0.025R t+2.1   +0.009R t+0.8 n15974  
    rvol_high                -0.086R t-5.0      -0.071R t-6.1   -0.076R t-7.3 n19960  
    atr_rising              -0.135R t-10.9      -0.060R t-8.6 -0.052R t-10.0 n164187  
   -- CANDLES --
    hammer                   +0.032R t+1.7      +0.045R t+3.2    +0.053R t+3.7 n9458  
    engulf_bull              -0.080R t-4.6      -0.047R t-4.4   -0.042R t-3.8 n15329  
   -- TREND controls (exp -) --
    rsi_strong               -0.050R t-4.4      -0.040R t-4.9  -0.038R t-6.5 n190851  
    above_sma200             -0.107R t-6.4      -0.095R t-8.2  -0.084R t-10.7 n99265  
    golden_cross             -0.098R t-5.8      -0.049R t-4.5  -0.053R t-6.9 n107576  
    macd_bull                -0.025R t-2.4      +0.021R t+3.5  +0.034R t+6.1 n211628  ! trend+
    donchian_high            -0.076R t-1.7      -0.007R t-0.1     +0.022R t+0.4 n810  
    stoch_ob                -0.133R t-10.2      -0.077R t-7.9   -0.065R t-8.2 n70346  
   -- RANDOM --
    RANDOM                   -0.068R t-8.8      +0.000R t+0.0  -0.000R t-0.0 n403335  

  ===================== regime=all =====================
    signal                      DE-OVERLAP     FULL-POP(clus)             NEWEY-WEST  flag
   -- ANCHORS (known +) --
    rsi_oversold             +0.036R t+2.2     +0.162R t+14.9  +0.080R t+10.5 n72031  
    below_cloud              +0.034R t+3.6      +0.047R t+8.6  +0.031R t+9.8 n660506  
    below_not_os             +0.027R t+2.8      +0.036R t+6.4  +0.026R t+7.7 n590438  
   -- OSCILLATORS oversold --
    stoch_os                 +0.036R t+3.3      +0.051R t+7.2  +0.023R t+6.0 n243182  
    willr_os                 +0.011R t+1.1      +0.052R t+8.1  +0.022R t+6.0 n357607  
    cci_os                   -0.002R t-0.2      +0.035R t+5.6  +0.014R t+3.9 n320601  ▲ buried?
    cci_deep                 -0.031R t-2.0      -0.029R t-2.9   -0.020R t-2.7 n37274  
    mfi_os                   +0.080R t+5.0      +0.110R t+9.5   +0.055R t+6.2 n52380  
    ultosc_os                +0.084R t+4.9      +0.106R t+8.4   +0.066R t+6.9 n38588  
    rsi_deep                 +0.126R t+3.6      +0.062R t+2.4    -0.024R t-1.0 n6149  
   -- MA dislocation --
    below_sma200             +0.021R t+2.2      +0.047R t+7.7  +0.027R t+8.4 n689400  
    far_below_sma200         +0.043R t+3.4     +0.107R t+12.2 +0.046R t+10.9 n378023  
    below_sma50              +0.023R t+2.8      +0.050R t+9.7  +0.027R t+9.3 n773615  
    far_below_sma50          +0.052R t+4.5     +0.088R t+12.3 +0.052R t+12.3 n344517  
   -- BANDS / CHANNEL --
    bb_below                 -0.030R t-2.1      +0.028R t+3.2   +0.016R t+3.0 n92482  
    bb_far                   -0.038R t-2.3      +0.004R t+0.4   +0.005R t+0.6 n28061  
    donchian_low             +0.026R t+0.9      +0.046R t+1.7    +0.030R t+1.1 n2997  
   -- GAP / VOL / VOLAT --
    gap_down                 -0.037R t-2.5      -0.024R t-2.9   -0.017R t-2.4 n42048  
    gap_up                   +0.050R t+3.3      +0.013R t+1.5   +0.003R t+0.5 n48509  
    rvol_high                -0.022R t-2.0      -0.025R t-3.6   -0.026R t-5.1 n85857  
    atr_rising               -0.036R t-4.1      -0.010R t-2.3  -0.002R t-0.9 n722169  
   -- CANDLES --
    hammer                   +0.004R t+0.3      +0.007R t+0.8   +0.011R t+1.7 n41180  
    engulf_bull              +0.006R t+0.5      -0.005R t-0.8   -0.003R t-0.6 n66372  
   -- TREND controls (exp -) --
    rsi_strong               -0.036R t-5.2     -0.048R t-10.8  -0.022R t-8.2 n948820  
    above_sma200             -0.047R t-5.5     -0.050R t-10.0  -0.026R t-9.5 n923688  
    golden_cross             -0.046R t-5.4      -0.038R t-7.4  -0.022R t-8.1 n929843  
    macd_bull                -0.017R t-2.3      -0.014R t-3.2  -0.000R t-0.2 n890746  
    donchian_high            -0.056R t-2.0      -0.120R t-5.5    -0.130R t-7.3 n6675  
    stoch_ob                 -0.031R t-3.3      -0.058R t-8.6 -0.039R t-10.1 n297390  
   -- RANDOM --
    RANDOM                   -0.005R t-0.9      +0.000R t+0.0 +0.000R t+0.0 n1742907  

done.
