2000 symbols (test tickers pre-excluded)
  0/2000
  400/2000
  800/2000
  1200/2000
  1600/2000

############### PSAR/ADX clean re-audit — DE-OVERLAP vs FULL-POP vs NEWEY-WEST ###############
  bracket TP2:SL1 hold10, vol_floor 0.005, $vol>=1,000,000, gap-skip
  if FULL-POP/NW flips positive vs de-overlap => onset-bias buried an edge (rsi_oversold pattern).

  --- regime=all ---   (lift vs matched random-entry)
    signal                   DE-OVERLAP      FULL-POP(cluster)       FULL-POP(Newey-West)
    PSAR         -0.007R t=-1.0 n=117330         -0.022R t=-5.5    -0.014R t=-5.2 n=920705
    ADX25_diUp   -0.070R t=-7.0 n=49295        -0.077R t=-11.7   -0.047R t=-11.4 n=388552
    ADX25_p21    -0.015R t=-1.4 n=44887         -0.017R t=-2.9    -0.010R t=-2.4 n=409008
    RANDOM       +0.007R t=+1.4 n=163776         +0.000R t=+0.0   -0.000R t=-0.0 n=1752246

  --- regime=nonbull ---   (lift vs matched random-entry)
    signal                   DE-OVERLAP      FULL-POP(cluster)       FULL-POP(Newey-West)
    PSAR         -0.041R t=-3.8 n=29788         -0.008R t=-1.3    -0.008R t=-1.4 n=208378
    ADX25_diUp   -0.170R t=-10.0 n=9964        -0.199R t=-17.1    -0.140R t=-14.9 n=64537
    ADX25_p21    -0.023R t=-1.3 n=12046         +0.034R t=+3.0     +0.022R t=+2.8 n=93135
    RANDOM       -0.054R t=-7.5 n=44012         +0.000R t=+0.0    +0.000R t=+0.0 n=406230

  --- regime=bull ---   (lift vs matched random-entry)
    signal                   DE-OVERLAP      FULL-POP(cluster)       FULL-POP(Newey-West)
    PSAR         -0.008R t=-1.1 n=93572         -0.024R t=-5.7    -0.016R t=-5.2 n=711639
    ADX25_diUp   -0.044R t=-4.4 n=41124         -0.047R t=-6.7    -0.021R t=-4.6 n=323424
    ADX25_p21    -0.031R t=-2.8 n=36119         -0.039R t=-5.8    -0.021R t=-4.6 n=315359
    RANDOM       +0.014R t=+2.7 n=131360         +0.000R t=+0.0   +0.000R t=+0.0 n=1344772

############### AGE GRADIENT (full-pop Newey-West t per bars-in-state) ###############
  litmus: RISING+positive => edge lives deeper in the run (de-overlap buried it). FLAT/DOWN => dead, correctly.

  PSAR:
    regime    |           onset0 |           age1-2 |           age3-5 |            age6+
    all       |    -0.001R t-0.3 |    -0.004R t-0.9 |    -0.003R t-0.8 |    -0.023R t-6.4
    nonbull   |    -0.020R t-1.9 |    -0.042R t-4.6 |    +0.021R t+2.3 |    -0.008R t-1.1
    bull      |    +0.005R t+0.9 |    +0.007R t+1.5 |    -0.010R t-2.1 |    -0.028R t-6.9

  ADX25_diUp:
    regime    |           onset0 |           age1-2 |           age3-5 |            age6+
    all       |    -0.047R t-5.8 |    -0.033R t-4.1 |    -0.027R t-3.3 |   -0.053R t-10.5
    nonbull   |    -0.094R t-5.0 |    -0.076R t-4.4 |    -0.057R t-3.1 |   -0.187R t-15.3
    bull      |    -0.035R t-3.8 |    -0.020R t-2.3 |    -0.016R t-1.7 |    -0.020R t-3.7

  ADX25_p21:
    regime    |           onset0 |           age1-2 |           age3-5 |            age6+
    all       |    -0.008R t-0.7 |    -0.034R t-3.4 |    -0.003R t-0.3 |    -0.008R t-1.9
    nonbull   |    -0.084R t-2.9 |    -0.097R t-4.5 |    +0.024R t+1.2 |    +0.036R t+4.0
    bull      |    -0.003R t-0.3 |    -0.025R t-2.1 |    -0.014R t-1.3 |    -0.022R t-4.4

############### PER-YEAR NW (year-demeaned; 2020 = COVID, isolated) ###############
  PSAR         nonbull  [+2/-5yr]
     16:-0.10(-9) 17:  .    18:-0.17(-7) 19:-0.10(-6) 20:+0.07(+5) 21:  .    22:-0.05(-6) 23:-0.04(-3) 24:  .    25:+0.04(+3) 26:  .   
  PSAR         all      [+3/-8yr]
     16:-0.08(-8) 17:-0.04(-4) 18:-0.06(-7) 19:+0.01(+1) 20:+0.02(+2) 21:-0.05(-7) 22:-0.04(-5) 23:+0.02(+3) 24:-0.07(-9) 25:-0.05(-7) 26:-0.02(-2)
  ADX25_diUp   nonbull  [+0/-7yr]
     16:-0.20(-11) 17:  .    18:-0.21(-3) 19:-0.37(-12) 20:-0.24(-8) 21:  .    22:-0.15(-9) 23:-0.37(-13) 24:  .    25:-0.22(-6) 26:  .   
  ADX25_diUp   all      [+0/-11yr]
     16:-0.13(-9) 17:-0.13(-9) 18:-0.05(-3) 19:-0.18(-13) 20:-0.10(-8) 21:-0.09(-7) 22:-0.11(-8) 23:-0.06(-5) 24:-0.14(-13) 25:-0.12(-10) 26:-0.16(-9)
  ADX25_p21    nonbull  [+3/-4yr]
     16:-0.12(-6) 17:  .    18:+0.22(+8) 19:-0.00(-0) 20:-0.09(-6) 21:  .    22:+0.09(+6) 23:-0.12(-4) 24:  .    25:+0.08(+3) 26:  .   
  ADX25_p21    all      [+1/-10yr]
     16:-0.07(-4) 17:-0.07(-5) 18:-0.00(-0) 19:-0.02(-1) 20:-0.06(-5) 21:-0.02(-2) 22:+0.08(+6) 23:-0.06(-5) 24:-0.08(-7) 25:-0.02(-2) 26:-0.05(-3)

done.
