2000 symbols (test tickers pre-excluded)
  0/2000
  400/2000
  800/2000
  1200/2000
  1600/2000

############### PSAR/ADX RE-AUDIT — DE-OVERLAP vs FULL-POP vs NEWEY-WEST ###############
  bracket TP2:SL1 hold10, vol_floor 0.005, $vol>=1,000,000, gap-skip
  ▲ buried-edge signature: de-overlap<=0 AND NW>0 t>=3 (rsi_oversold pattern).

  ===================== regime=all =====================
    signal                       DE-OVERLAP     FULL-POP(clus)               NEWEY-WEST  flag
   -- PSAR continuation (control -) --
    psar_above        -0.017R t-2.2 n114937      -0.021R t-4.6    -0.016R t-6.0 n899308  
   -- PSAR reversal / contrarian --
    psar_flip_up       -0.005R t-0.5 n68885      +0.000R t+0.0     +0.001R t+0.1 n75044  
    psar_below        -0.002R t-0.2 n108282      +0.024R t+4.9    +0.018R t+6.6 n814298  ▲ buried?
    psar_far_below    +0.003R t+0.3 n100975      +0.027R t+4.7    +0.018R t+6.1 n682677  
    psar_flip_dn       -0.001R t-0.1 n68242      -0.018R t-2.8     -0.013R t-2.7 n75115  
   -- ADX trend (control -) --
    adx_diUp           -0.064R t-6.4 n48012     -0.072R t-11.4   -0.049R t-11.9 n377644  
    adx_p21            -0.011R t-1.1 n43881      -0.010R t-1.5    -0.014R t-3.6 n398244  
    adx_high           +0.000R t+0.0 n75403      -0.003R t-0.7    -0.008R t-2.5 n666125  
   -- ADX contrarian / regime --
    adx_diDown         +0.087R t+6.8 n39235     +0.090R t+11.0   +0.047R t+10.1 n288290  
    adx_low            -0.009R t-0.9 n77761      +0.001R t+0.1    +0.007R t+2.3 n687079  
    adx_rising        -0.043R t-4.9 n106470      -0.013R t-2.6    -0.006R t-2.2 n780581  
   -- RANDOM --
    RANDOM            +0.000R t+0.0 n160265      +0.000R t+0.0   -0.000R t-0.0 n1713701  

  ===================== regime=nonbull =====================
    signal                       DE-OVERLAP     FULL-POP(clus)               NEWEY-WEST  flag
   -- PSAR continuation (control -) --
    psar_above         -0.047R t-4.4 n29248      -0.003R t-0.5    -0.008R t-1.5 n204618  
   -- PSAR reversal / contrarian --
    psar_flip_up       -0.024R t-1.5 n15928      -0.019R t-1.8     -0.022R t-2.1 n16720  
    psar_below         -0.099R t-8.7 n30235      -0.008R t-1.2    +0.009R t+1.7 n195235  
    psar_far_below     -0.107R t-8.8 n28320      -0.008R t-1.1    +0.001R t+0.2 n164417  
    psar_flip_dn       -0.164R t-9.6 n15845     -0.113R t-10.0     -0.099R t-9.4 n16779  
   -- ADX trend (control -) --
    adx_diUp           -0.167R t-10.0 n9758     -0.208R t-17.8    -0.147R t-15.6 n63824  
    adx_p21            -0.047R t-2.9 n11906      +0.023R t+2.2     +0.009R t+1.1 n92962  
    adx_high           -0.041R t-3.3 n21051      -0.002R t-0.4    -0.003R t-0.5 n159525  
   -- ADX contrarian / regime --
    adx_diDown         +0.014R t+0.9 n14129     +0.129R t+13.2    +0.094R t+12.2 n95475  
    adx_low            +0.009R t+0.7 n19683      +0.039R t+3.8    +0.011R t+1.6 n152333  
    adx_rising         -0.120R t-9.9 n28391      -0.032R t-4.7    -0.025R t-4.7 n182065  
   -- RANDOM --
    RANDOM             -0.066R t-8.6 n43329      +0.000R t+0.0    -0.000R t-0.0 n399919  

  ===================== regime=bull =====================
    signal                       DE-OVERLAP     FULL-POP(clus)               NEWEY-WEST  flag
   -- PSAR continuation (control -) --
    psar_above         -0.023R t-2.9 n91533      -0.025R t-5.2    -0.019R t-6.1 n694000  
   -- PSAR reversal / contrarian --
    psar_flip_up       -0.007R t-0.6 n53299      +0.003R t+0.4     +0.008R t+1.4 n57681  
    psar_below         +0.022R t+2.5 n86445      +0.035R t+6.6    +0.021R t+6.8 n618371  
    psar_far_below     +0.033R t+3.6 n80107      +0.041R t+6.6    +0.023R t+6.9 n517681  
    psar_flip_dn       +0.028R t+2.4 n52749      +0.018R t+2.4     +0.015R t+2.7 n57704  
   -- ADX trend (control -) --
    adx_diUp           -0.044R t-4.3 n39954      -0.044R t-6.8    -0.023R t-5.0 n313273  
    adx_p21            -0.033R t-3.0 n35054      -0.039R t-5.6    -0.025R t-5.4 n304742  
    adx_high           -0.008R t-0.9 n59987      -0.011R t-2.3    -0.012R t-3.4 n505901  
   -- ADX contrarian / regime --
    adx_diDown         +0.065R t+4.8 n29229      +0.049R t+5.1    +0.005R t+1.0 n192458  
    adx_low            -0.006R t-0.6 n62347      +0.005R t+0.8    +0.010R t+2.8 n534239  
    adx_rising         -0.021R t-2.3 n85469      -0.001R t-0.2    -0.001R t-0.2 n597924  
   -- RANDOM --
    RANDOM            +0.002R t+0.3 n128324      +0.000R t+0.0   -0.000R t-0.0 n1312441  

############### AGE GRADIENT (full-pop Newey-West t per bars-in-state) ###############
  RISING+positive => edge lives deeper in the run (de-overlap buried it). FLAT/DOWN => dead, correctly.

  psar_above:
    regime    |          onset0 |          age1-2 |          age3-5 |           age6+
    all       |   +0.001R t+0.1 |   -0.004R t-0.8 |   -0.003R t-0.6 |   -0.028R t-7.8
    nonbull   |   -0.022R t-2.1 |   -0.046R t-5.0 |   +0.031R t+3.3 |   -0.011R t-1.5
    bull      |   +0.008R t+1.4 |   +0.009R t+1.8 |   -0.012R t-2.4 |   -0.034R t-8.3

  psar_below:
    regime    |          onset0 |          age1-2 |          age3-5 |           age6+
    all       |   -0.013R t-2.7 |   +0.006R t+1.4 |   +0.008R t+1.7 |   +0.032R t+8.8
    nonbull   |   -0.099R t-9.4 |   -0.045R t-4.8 |   -0.020R t-2.2 |   +0.060R t+8.4
    bull      |   +0.015R t+2.7 |   +0.025R t+4.9 |   +0.018R t+3.6 |   +0.022R t+5.2

  adx_diUp:
    regime    |          onset0 |          age1-2 |          age3-5 |           age6+
    all       |   -0.029R t-3.4 |   -0.032R t-4.0 |   -0.024R t-2.9 |  -0.059R t-11.7
    nonbull   |   -0.081R t-4.3 |   -0.079R t-4.6 |   -0.074R t-4.0 |  -0.191R t-15.5
    bull      |   -0.013R t-1.4 |   -0.016R t-1.8 |   -0.008R t-0.9 |   -0.027R t-4.9

  adx_diDown:
    regime    |          onset0 |          age1-2 |          age3-5 |           age6+
    all       |   +0.033R t+3.7 |   +0.057R t+6.8 |   +0.052R t+5.8 |   +0.045R t+7.6
    nonbull   |   +0.039R t+2.1 |   +0.084R t+5.1 |   +0.090R t+5.5 |  +0.104R t+11.1
    bull      |   +0.030R t+2.9 |   +0.041R t+4.1 |   +0.026R t+2.5 |   -0.013R t-1.8

  adx_low:
    regime    |          onset0 |          age1-2 |          age3-5 |           age6+
    all       |   +0.016R t+2.1 |   +0.013R t+1.8 |   -0.005R t-0.8 |   +0.008R t+2.3
    nonbull   |   +0.072R t+4.3 |   +0.020R t+1.4 |   -0.031R t-2.2 |   +0.011R t+1.4
    bull      |   +0.000R t+0.0 |   +0.008R t+1.1 |   +0.001R t+0.1 |   +0.012R t+3.0

  adx_high:
    regime    |          onset0 |          age1-2 |          age3-5 |           age6+
    all       |   +0.005R t+0.7 |   +0.005R t+0.6 |   +0.006R t+0.8 |   -0.012R t-3.3
    nonbull   |   +0.007R t+0.4 |   +0.021R t+1.5 |   +0.004R t+0.3 |   -0.006R t-0.9
    bull      |   +0.002R t+0.3 |   -0.004R t-0.5 |   +0.003R t+0.3 |   -0.016R t-3.9

done.
