9123 symbols (full universe), oversold=rsi<30 age>=3, $vol>=$25M, hold 10, 2:1
  0/9123
  500/9123
  1000/9123
  1500/9123
  2000/9123
  2500/9123
  3000/9123
  3500/9123
  4000/9123
  4500/9123
  5000/9123
  5500/9123
  6000/9123
  6500/9123
  7000/9123
  7500/9123
  8000/9123
  8500/9123
  9000/9123

#################### DEEP-OVERSOLD R BY PRICE BUCKET (clustered, ideal-bracket) ####################

=== regime: all ===
                  bucket |        oversold absR |   random-in-bucket |  selection alpha |  #syms
      $5-500 (validated) | +0.245R t=+16.8 nt=15354 |            +0.007R |          +0.238R |   3071
          $500-750 (new) | +0.106R t=+1.4 nt=  347 |            -0.154R |          +0.260R |    224
         $750-1000 (new) | +0.108R t=+1.2 nt=  209 |            -0.168R |          +0.276R |    151
    $500-1000 (new, all) | +0.066R t=+1.0 nt=  504 |            -0.168R |          +0.234R |    267

=== regime: bull ===
                  bucket |        oversold absR |   random-in-bucket |  selection alpha |  #syms
      $5-500 (validated) | +0.093R t=+5.7 nt=10485 |            -0.023R |          +0.116R |   2743
          $500-750 (new) | +0.060R t=+0.8 nt=  279 |            -0.201R |          +0.260R |    180
         $750-1000 (new) | +0.015R t=+0.1 nt=  159 |            -0.147R |          +0.162R |    118
    $500-1000 (new, all) | +0.034R t=+0.5 nt=  398 |            -0.187R |          +0.221R |    216

=== regime: nonbull ===
                  bucket |        oversold absR |   random-in-bucket |  selection alpha |  #syms
      $5-500 (validated) | +0.426R t=+20.4 nt= 6422 |            +0.117R |          +0.309R |   2390
          $500-750 (new) | +0.266R t=+1.9 nt=   94 |            -0.073R |          +0.339R |     80
         $750-1000 (new) | +0.279R t=+1.6 nt=   60 |            -0.144R |          +0.424R |     49
    $500-1000 (new, all) | +0.212R t=+1.8 nt=  139 |            -0.085R |          +0.297R |    105

  READ: if $500-1000 'oversold absR' and 'selection alpha' match $5-500 (and #syms is non-trivial),
        raising MAX_STOCK_PRICE adds real candidates that carry the edge. If absR collapses or alpha
        goes <=0 (just beta), keep the $500 ceiling. nt=#trades across all symbols in the cell.
