2000 symbols
  0/2000
  400/2000
  800/2000
  1200/2000
/root/BlueHorseshoe/research/indicator_screen/run_screen.py:103: RuntimeWarning: divide by zero encountered in divide
  fr[:n-hh] = c[hh:]/c[:n-hh] - 1.0
/root/BlueHorseshoe/research/indicator_screen/run_screen.py:103: RuntimeWarning: invalid value encountered in divide
  fr[:n-hh] = c[hh:]/c[:n-hh] - 1.0
  1600/2000

==== INDICATOR EDGE vs just-being-long (ALL regime) ====
edge = mean fwd return when signal fires MINUS unconditional baseline, same horizon. +t>2 => beats long.

  gap_up(>2%)                h1:-0.369(-7.5) h3:-0.443(-6.7) h5:+4.793(+0.9) h10:-0.347(-2.7) h20:+0.271(+2.2)
  sma50_reclaim(x up)        h1:-0.407(-8.6) h3:-0.733(-24.6) h5:+2.844(+0.8) h10:-0.924(-16.4) h20:-0.670(-8.7)
  sma20_pullback_uptrend     h1:+2.110(+0.8) h3:-0.604(-11.7) h5:+1.326(+0.8) h10:-0.860(-18.0) h20:-0.675(-2.8)
  adx_uptrend(>25,+DI)       h1:+1.287(+1.1) h3:+1.823(+1.0) h5:+1.217(+1.0) h10:+2.338(+1.0) h20:+1.668(+0.6)
  stoch_oversold(<20)        h1:+0.804(+0.7) h3:+0.535(+0.5) h5:+1.202(+0.8) h10:+1.366(+0.7) h20:-0.342(-4.4)
  williams_oversold(<-80)    h1:+0.710(+0.7) h3:+2.300(+1.1) h5:+1.092(+0.8) h10:+3.100(+1.2) h20:+2.696(+0.9)
  rvol_high(>1.5x)           h1:+1.314(+0.8) h3:-0.615(-18.8) h5:+0.589(+0.6) h10:+2.471(+0.8) h20:-0.455(-3.1)
  cmf_pos(>0)                h1:+0.328(+0.7) h3:+0.461(+0.6) h5:+0.314(+0.6) h10:+0.580(+0.6) h20:+0.538(+0.5)
  obv_rising(10d)            h1:+0.321(+0.7) h3:+0.463(+0.6) h5:+0.314(+0.6) h10:+0.594(+0.6) h20:+0.426(+0.4)
  roc_pos(>0)                h1:-0.020(-0.1) h3:-0.245(-0.7) h5:-0.193(-0.9) h10:-0.107(-0.1) h20:-0.751(-21.5)
  rsi_oversold(<30)          h1:-0.284(-10.2) h3:-0.406(-8.1) h5:-0.215(-2.8) h10:-0.419(-2.7) h20:+0.219(+1.7)
  hammer                     h1:-0.319(-10.6) h3:-0.468(-9.3) h5:-0.257(-4.5) h10:+14.638(+1.0) h20:-0.168(-0.6)
  mfi_oversold(<20)          h1:-0.342(-13.4) h3:-0.475(-10.8) h5:-0.278(-3.4) h10:-0.549(-3.2) h20:-0.526(-4.8)
  cci_oversold(<-100)        h1:-0.395(-39.0) h3:-0.545(-32.8) h5:-0.354(-15.6) h10:-0.652(-10.2) h20:-0.375(-9.2)
  above_sma200               h1:-0.392(-54.8) h3:-0.583(-64.3) h5:-0.418(-24.5) h10:-0.830(-74.7) h20:-0.717(-21.4)
  bb_lower_touch             h1:-0.332(-20.7) h3:-0.604(-22.6) h5:-0.436(-13.7) h10:-0.654(-6.1) h20:-0.290(-4.0)
  engulfing_bull             h1:-0.446(-21.6) h3:-0.613(-12.6) h5:-0.439(-6.9) h10:-0.888(-13.3) h20:-0.819(-9.9)
  aroonosc_up(>50)           h1:-0.389(-39.6) h3:-0.591(-64.8) h5:-0.449(-35.5) h10:-0.862(-60.3) h20:+0.942(+0.5)
  rsi_bull(>50)              h1:-0.406(-78.8) h3:-0.606(-67.1) h5:-0.453(-27.5) h10:-0.863(-73.2) h20:-0.812(-24.5)
  golden_cross               h1:-0.488(-7.3) h3:-0.742(-7.1) h5:-0.458(-2.8) h10:-0.949(-5.1) h20:-0.907(-4.1)
  macd_bull_cross            h1:-0.423(-11.2) h3:-0.608(-12.1) h5:-0.469(-8.1) h10:-0.716(-12.9) h20:-0.305(-0.7)
  cci_break(x+100up)         h1:-0.430(-31.4) h3:-0.639(-31.1) h5:-0.489(-17.7) h10:-0.827(-21.0) h20:-0.457(-1.5)
  rsi_exit_oversold(x30up)   h1:-0.647(-10.1) h3:-0.702(-4.6) h5:-0.517(-2.7) h10:-0.723(-3.9) h20:-0.306(-1.7)
  donchian20_break           h1:-0.459(-41.9) h3:-0.696(-15.1) h5:-0.619(-29.1) h10:-0.980(-32.0) h20:-1.017(-25.7)
  bb_upper_break(x up)       h1:-0.413(-8.6) h3:-0.622(-5.9) h5:-0.624(-15.4) h10:-0.955(-15.7) h20:-0.924(-11.2)

baseline mean fwd return (all): h1:+0.442% h3:+0.711% h5:+0.645% h10:+1.230% h20:+1.536%

saved -> research/indicator_screen/edge_table.csv
