2000 symbols; liquid tier $vol>=$25,000,000; next-open+gap-stops
  0/2000
/root/BlueHorseshoe/research/indicator_screen/slow_ma_deploy.py:73: RuntimeWarning: divide by zero encountered in divide
  cunit=np.where(Rp>0,E/Rp,np.nan)   # cost_R at b bps = cunit*b/1e4
/root/BlueHorseshoe/research/indicator_screen/slow_ma_deploy.py:73: RuntimeWarning: divide by zero encountered in divide
  cunit=np.where(Rp>0,E/Rp,np.nan)   # cost_R at b bps = cunit*b/1e4
/root/BlueHorseshoe/research/indicator_screen/slow_ma_deploy.py:73: RuntimeWarning: divide by zero encountered in divide
  cunit=np.where(Rp>0,E/Rp,np.nan)   # cost_R at b bps = cunit*b/1e4
/root/BlueHorseshoe/research/indicator_screen/slow_ma_deploy.py:73: RuntimeWarning: divide by zero encountered in divide
  cunit=np.where(Rp>0,E/Rp,np.nan)   # cost_R at b bps = cunit*b/1e4
/root/BlueHorseshoe/research/indicator_screen/slow_ma_deploy.py:73: RuntimeWarning: divide by zero encountered in divide
  cunit=np.where(Rp>0,E/Rp,np.nan)   # cost_R at b bps = cunit*b/1e4
  400/2000
/root/BlueHorseshoe/research/indicator_screen/slow_ma_deploy.py:73: RuntimeWarning: divide by zero encountered in divide
  cunit=np.where(Rp>0,E/Rp,np.nan)   # cost_R at b bps = cunit*b/1e4
/root/BlueHorseshoe/research/indicator_screen/slow_ma_deploy.py:73: RuntimeWarning: divide by zero encountered in divide
  cunit=np.where(Rp>0,E/Rp,np.nan)   # cost_R at b bps = cunit*b/1e4
/root/BlueHorseshoe/research/indicator_screen/slow_ma_deploy.py:73: RuntimeWarning: divide by zero encountered in divide
  cunit=np.where(Rp>0,E/Rp,np.nan)   # cost_R at b bps = cunit*b/1e4
/root/BlueHorseshoe/research/indicator_screen/slow_ma_deploy.py:73: RuntimeWarning: divide by zero encountered in divide
  cunit=np.where(Rp>0,E/Rp,np.nan)   # cost_R at b bps = cunit*b/1e4
  800/2000
/root/BlueHorseshoe/research/indicator_screen/slow_ma_deploy.py:73: RuntimeWarning: divide by zero encountered in divide
  cunit=np.where(Rp>0,E/Rp,np.nan)   # cost_R at b bps = cunit*b/1e4
/root/BlueHorseshoe/research/indicator_screen/slow_ma_deploy.py:73: RuntimeWarning: divide by zero encountered in divide
  cunit=np.where(Rp>0,E/Rp,np.nan)   # cost_R at b bps = cunit*b/1e4
/root/BlueHorseshoe/research/indicator_screen/slow_ma_deploy.py:73: RuntimeWarning: divide by zero encountered in divide
  cunit=np.where(Rp>0,E/Rp,np.nan)   # cost_R at b bps = cunit*b/1e4
  1200/2000
/root/BlueHorseshoe/research/indicator_screen/slow_ma_deploy.py:73: RuntimeWarning: divide by zero encountered in divide
  cunit=np.where(Rp>0,E/Rp,np.nan)   # cost_R at b bps = cunit*b/1e4
/root/BlueHorseshoe/research/indicator_screen/slow_ma_deploy.py:73: RuntimeWarning: divide by zero encountered in divide
  cunit=np.where(Rp>0,E/Rp,np.nan)   # cost_R at b bps = cunit*b/1e4
/root/BlueHorseshoe/research/indicator_screen/slow_ma_deploy.py:73: RuntimeWarning: divide by zero encountered in divide
  cunit=np.where(Rp>0,E/Rp,np.nan)   # cost_R at b bps = cunit*b/1e4
  1600/2000
/root/BlueHorseshoe/research/indicator_screen/slow_ma_deploy.py:73: RuntimeWarning: divide by zero encountered in divide
  cunit=np.where(Rp>0,E/Rp,np.nan)   # cost_R at b bps = cunit*b/1e4
/root/BlueHorseshoe/research/indicator_screen/slow_ma_deploy.py:73: RuntimeWarning: divide by zero encountered in divide
  cunit=np.where(Rp>0,E/Rp,np.nan)   # cost_R at b bps = cunit*b/1e4

################ PART A — COST / LIQ (liquid >$25M, next-open + gap-stops) ################
  ABSOLUTE mean net R of the signal's trades vs RANDOM (same liquid universe). monetizes iff signal>random.

  regime=all hold10  [RANDOM net@10bps=+0.019R n=906723]
    signal                   gross NW lift   net@10bps(abs)   lift vs rand
    far_below_sma50   +0.047R t+7.7 n179545          +0.046R        +0.027R
    below_sma200      +0.035R t+7.3 n347429          +0.035R        +0.016R
    far_below_sma200  +0.047R t+7.4 n187012          +0.028R        +0.009R

  regime=all hold20  [RANDOM net@10bps=+0.029R n=899945]
    signal                   gross NW lift   net@10bps(abs)   lift vs rand
    far_below_sma50   +0.046R t+6.1 n178249          +0.051R        +0.022R
    below_sma200      +0.043R t+7.3 n344466          +0.049R        +0.020R
    far_below_sma200  +0.058R t+7.3 n185019          +0.040R        +0.011R

  regime=nonbull hold10  [RANDOM net@10bps=+0.133R n=203192]
    signal                   gross NW lift   net@10bps(abs)   lift vs rand
    far_below_sma50   +0.064R t+6.3 n56361          +0.196R        +0.063R
    below_sma200      +0.052R t+6.4 n105951          +0.196R        +0.063R
    far_below_sma200  +0.069R t+6.9 n65966          +0.197R        +0.064R

  regime=nonbull hold20  [RANDOM net@10bps=+0.156R n=202862]
    signal                   gross NW lift   net@10bps(abs)   lift vs rand
    far_below_sma50   +0.074R t+6.1 n56208          +0.228R        +0.072R
    below_sma200      +0.064R t+6.4 n105721          +0.232R        +0.076R
    far_below_sma200  +0.086R t+7.0 n65745          +0.236R        +0.080R

  -- bps sensitivity (abs net R), hold10 --
   regime=all: RAND@0=+0.059  RAND@5=+0.039  RAND@10=+0.019  RAND@20=-0.021
     far_below_sma50   @0=+0.078  @5=+0.062  @10=+0.046  @20=+0.014
     below_sma200      @0=+0.067  @5=+0.051  @10=+0.035  @20=+0.003
     far_below_sma200  @0=+0.051  @5=+0.040  @10=+0.028  @20=+0.005
   regime=nonbull: RAND@0=+0.166  RAND@5=+0.149  RAND@10=+0.133  RAND@20=+0.099
     far_below_sma50   @0=+0.223  @5=+0.210  @10=+0.196  @20=+0.168
     below_sma200      @0=+0.224  @5=+0.210  @10=+0.196  @20=+0.168
     far_below_sma200  @0=+0.218  @5=+0.207  @10=+0.197  @20=+0.176

################ PART B — YEAR-STABILITY (per-year NW lift, hold10, 2020=COVID) ################
  far_below_sma50   all      [+11/-0yr]
     16:+0.12(+4) 17:+0.15(+5) 18:+0.11(+6) 19:+0.21(+8) 20:+0.01(+1) 21:+0.13(+7) 22:+0.13(+9) 23:+0.06(+4) 24:+0.11(+6) 25:+0.11(+7) 26:+0.23(+8)
  far_below_sma50   nonbull  [+6/-1yr]
     16:+0.12(+3) 17:  .   18:+0.23(+7) 19:+0.49(+7) 20:-0.08(-3) 21:  .   22:+0.12(+8) 23:+0.19(+5) 24:  .   25:+0.03(+1) 26:  .  
  below_sma200      all      [+11/-0yr]
     16:+0.18(+4) 17:+0.12(+5) 18:+0.06(+4) 19:+0.21(+12) 20:+0.09(+6) 21:+0.08(+5) 22:+0.08(+8) 23:+0.12(+9) 24:+0.09(+6) 25:+0.12(+9) 26:+0.14(+6)
  below_sma200      nonbull  [+6/-0yr]
     16:  .   17:  .   18:+0.06(+2) 19:+0.15(+6) 20:+0.07(+4) 21:  .   22:+0.06(+5) 23:+0.18(+7) 24:  .   25:+0.10(+5) 26:  .  
  far_below_sma200  all      [+11/-0yr]
     16:+0.18(+2) 17:+0.13(+4) 18:+0.11(+5) 19:+0.26(+10) 20:+0.12(+7) 21:+0.05(+3) 22:+0.12(+10) 23:+0.15(+8) 24:+0.10(+5) 25:+0.14(+8) 26:+0.16(+6)
  far_below_sma200  nonbull  [+6/-0yr]
     16:  .   17:  .   18:+0.15(+4) 19:+0.23(+5) 20:+0.10(+4) 21:  .   22:+0.10(+7) 23:+0.21(+6) 24:  .   25:+0.15(+5) 26:  .  

################ PART C — OVERLAP vs below_cloud (hold10 NW lift) ################
  offcloud still + => new coverage beyond the cloud; collapses => same cloud factor.
    far_below_sma50   all       ∩cloud    +0.046R t+7.4 n175858   |  ∩~cloud      +0.088R t+2.2 n3264
    far_below_sma50   nonbull   ∩cloud     +0.064R t+6.2 n55697   |  ∩~cloud       -0.012R t-0.1 n391
    below_sma200      all       ∩cloud    +0.043R t+7.8 n250181   |  ∩~cloud     +0.014R t+1.6 n97115
    below_sma200      nonbull   ∩cloud     +0.070R t+7.6 n78535   |  ∩~cloud     +0.001R t+0.1 n27278

done.
