2000 symbols; SuperTrend(10,3.0) deep-dive
  0/2000
  400/2000
  800/2000
  1200/2000
  1600/2000

################ SUPERTREND DEEP-DIVE — DE-OVERLAP | FULL-POP(clus) | NEWEY-WEST ################
  ST(10,3.0); bracket TP2:SL1; vol_floor 0.005; $vol>=1,000,000
  Salvage = st_flip_up_disl beats disloc(benchmark) like ha_flip; orthogonality = st_bear_age26_resid NW>0 t>=3.

  ===================== hold10  regime=nonbull =====================
    signal                           DE-OVERLAP           FULL-POP             NEWEY-WEST
    st_bull                       -0.089R t-7.3      -0.052R t-7.0  -0.050R t-8.6 n198384
    st_flip_up                    +0.011R t+0.5      -0.016R t-0.9    -0.015R t-0.8 n5362
    st_flip_up_disl               +0.039R t+1.5      +0.016R t+0.6    +0.008R t+0.3 n2357
    st_bear                       -0.029R t-2.6      +0.054R t+9.1  +0.045R t+8.4 n220048
    st_bear_deep                  -0.034R t-2.8      +0.061R t+7.4  +0.044R t+7.1 n140581
    st_bear_age10                 +0.008R t+0.6     +0.081R t+10.5 +0.067R t+10.9 n167926
    st_bear_age26                 +0.016R t+1.0     +0.137R t+13.7  +0.100R t+12.2 n95569
    st_bear_age26_indisl          +0.016R t+1.0     +0.145R t+14.2  +0.106R t+12.8 n92620
    st_bear_age26_resid           -0.089R t-1.7      -0.118R t-2.2    -0.122R t-2.6 n2418
    st_flip_down                  -0.208R t-9.1      -0.191R t-9.3    -0.191R t-9.8 n4844
    disloc(benchmark)             -0.014R t-1.4     +0.061R t+11.7 +0.052R t+10.4 n262225
    ha_flip_up_disl               +0.088R t+6.6     +0.148R t+17.3  +0.151R t+18.9 n33948
    RANDOM                        -0.058R t-7.9      +0.000R t+0.0  -0.000R t-0.0 n418509

  ===================== hold10  regime=all =====================
    signal                           DE-OVERLAP           FULL-POP             NEWEY-WEST
    st_bull                       -0.030R t-3.6      -0.028R t-6.0  -0.022R t-8.1 n953193
    st_flip_up                    -0.051R t-3.7      -0.023R t-2.3   -0.014R t-1.7 n25735
    st_flip_up_disl               -0.031R t-1.8      -0.039R t-2.9   -0.043R t-3.5 n11486
    st_bear                       +0.011R t+1.3      +0.029R t+5.5  +0.025R t+8.7 n850673
    st_bear_deep                  +0.020R t+2.0      +0.051R t+7.9 +0.034R t+10.3 n540209
    st_bear_age10                 +0.042R t+4.3      +0.045R t+6.7  +0.032R t+9.6 n619678
    st_bear_age26                 +0.052R t+4.3      +0.074R t+9.2  +0.035R t+7.8 n334667
    st_bear_age26_indisl          +0.064R t+5.3     +0.084R t+10.0  +0.040R t+8.5 n312462
    st_bear_age26_resid           -0.001R t-0.1      -0.010R t-0.5   -0.036R t-2.2 n21804
    st_flip_down                  -0.017R t-1.2      -0.027R t-2.6   -0.023R t-2.8 n25974
    disloc(benchmark)             +0.021R t+2.3      +0.040R t+7.7  +0.022R t+8.1 n891361
    ha_flip_up_disl               +0.027R t+2.8      +0.052R t+8.4 +0.047R t+11.1 n118662
    RANDOM                        +0.003R t+0.6      +0.000R t+0.0 -0.000R t-0.0 n1803930

  ===================== hold20  regime=nonbull =====================
    signal                           DE-OVERLAP           FULL-POP             NEWEY-WEST
    st_bull                       -0.138R t-8.4      -0.055R t-6.4  -0.055R t-8.1 n198174
    st_flip_up                    +0.045R t+1.9      +0.009R t+0.5    +0.007R t+0.4 n5359
    st_flip_up_disl               +0.084R t+3.0      +0.048R t+1.6    +0.038R t+1.3 n2347
    st_bear                       +0.013R t+0.9      +0.055R t+8.0  +0.050R t+7.8 n219442
    st_bear_deep                  +0.000R t+0.0      +0.053R t+5.5  +0.041R t+5.6 n140102
    st_bear_age10                 +0.052R t+3.2     +0.088R t+10.3 +0.076R t+10.3 n167426
    st_bear_age26                 -0.011R t-0.6     +0.162R t+14.1  +0.120R t+12.4 n95222
    st_bear_age26_indisl          -0.004R t-0.2     +0.172R t+14.6  +0.127R t+12.9 n92295
    st_bear_age26_resid           -0.128R t-2.2      -0.103R t-1.7    -0.114R t-2.1 n2398
    st_flip_down                  -0.215R t-8.8      -0.199R t-9.3    -0.197R t-9.6 n4841
    disloc(benchmark)             +0.057R t+4.1     +0.067R t+11.0  +0.058R t+9.6 n261581
    ha_flip_up_disl               +0.082R t+4.9     +0.158R t+16.7  +0.156R t+17.2 n33884
    RANDOM                        +0.010R t+0.9      +0.000R t+0.0  +0.000R t+0.0 n417690

  ===================== hold20  regime=all =====================
    signal                           DE-OVERLAP           FULL-POP             NEWEY-WEST
    st_bull                       -0.040R t-3.6      -0.028R t-5.2  -0.024R t-7.3 n947244
    st_flip_up                    -0.043R t-2.9      -0.020R t-2.0   -0.017R t-2.0 n25639
    st_flip_up_disl               -0.010R t-0.5      -0.030R t-2.1   -0.039R t-3.0 n11448
    st_bear                       +0.003R t+0.2      +0.028R t+4.6  +0.027R t+7.7 n844288
    st_bear_deep                  -0.002R t-0.1      +0.049R t+6.5  +0.036R t+8.9 n535623
    st_bear_age10                 +0.022R t+1.8      +0.050R t+6.7  +0.036R t+8.8 n615100
    st_bear_age26                 +0.021R t+1.3      +0.088R t+9.6  +0.045R t+8.1 n332103
    st_bear_age26_indisl          +0.030R t+1.9     +0.100R t+10.4  +0.051R t+8.8 n309993
    st_bear_age26_resid           -0.016R t-0.6      -0.007R t-0.3   -0.036R t-1.8 n21717
    st_flip_down                  -0.019R t-1.2      -0.038R t-3.6   -0.030R t-3.4 n25803
    disloc(benchmark)             +0.021R t+1.8      +0.041R t+6.9  +0.026R t+7.5 n884702
    ha_flip_up_disl               +0.029R t+2.3      +0.061R t+8.8 +0.053R t+10.8 n117742
    RANDOM                        -0.000R t-0.0      +0.000R t+0.0 -0.000R t-0.0 n1791596

############### PER-YEAR NW (hold10, lift vs same-regime random; 2020=COVID) ###############

  regime=nonbull
    st_flip_up_disl      16: .    17: .    18: .    19: .    20: .    21: .    22:-0.68(t-4)  23: .    24: .    25: .    26: .  
    ha_flip_up_disl      16:+0.07(t+2)  17: .    18:-0.13(t-3)  19:+0.35(t+7)  20:+0.29(t+13)  21: .    22:-0.03(t-3)  23:+0.24(t+6)  24: .    25:+0.20(t+6)  26: .  
    disloc(benchmark)    16:+0.11(t+6)  17: .    18:-0.14(t-8)  19:+0.54(t+24)  20:+0.13(t+10)  21: .    22:-0.10(t-14)  23:+0.33(t+20)  24: .    25:+0.15(t+9)  26:+0.41(t+9)
    st_bear_age26        16:+0.01(t+0)  17: .    18:-0.13(t-5)  19:+0.49(t+10)  20:+0.19(t+8)  21: .    22:-0.03(t-2)  23:+0.41(t+14)  24: .    25:+0.21(t+9)  26:+0.39(t+6)

  regime=all
    st_flip_up_disl      16: .    17:-0.35(t-1)  18:-0.33(t-2)  19:+0.12(t+1)  20:-0.47(t-3)  21:-0.24(t-1)  22:-0.35(t-5)  23:-0.18(t-2)  24:-0.26(t-2)  25:-0.41(t-3)  26: .  
    ha_flip_up_disl      16:+0.15(t+6)  17:+0.10(t+5)  18:-0.06(t-4)  19:+0.17(t+11)  20:+0.17(t+12)  21:+0.00(t+0)  22:-0.07(t-7)  23:+0.03(t+2)  24:+0.03(t+2)  25:+0.05(t+4)  26:-0.09(t-4)
    disloc(benchmark)    16:+0.16(t+11)  17:+0.11(t+9)  18:-0.12(t-13)  19:+0.18(t+18)  20:+0.10(t+11)  21:+0.01(t+1)  22:-0.11(t-17)  23:+0.04(t+4)  24:+0.05(t+5)  25:+0.05(t+6)  26:-0.03(t-2)
    st_bear_age26        16:+0.09(t+4)  17:+0.11(t+5)  18:-0.09(t-6)  19:+0.17(t+9)  20:+0.16(t+10)  21:+0.02(t+1)  22:-0.08(t-8)  23:+0.02(t+1)  24:+0.07(t+5)  25:+0.08(t+6)  26:+0.00(t+0)

done.
