FTMO config: balance=10000, daily_dd=5%, max_dd=10%, target=10%, max_days=None

==============================================================================================================
PER-PORTFOLIO PASS RATES (n=500 randomized starts each)
==============================================================================================================
PORTFOLIO                    TRADES   SIZE   INTRA          PASS     FAIL     IN_PROG  TOP_FAIL_REASON     
--------------------------------------------------------------------------------------------------------------
stoch mid (D1)               23730    0.25 % realistic      493      7        0        max_dd (4)          
stoch mid (D1)               23730    0.25 % conservative   136      364      0        max_dd (309)        
stoch mid (D1)               23730    0.50 % realistic      450      50       0        daily_dd (42)       
stoch mid (D1)               23730    0.50 % conservative   14       486      0        daily_dd (257)      
stoch mid (D1)               23730    0.75 % realistic      411      89       0        daily_dd (83)       
stoch mid (D1)               23730    0.75 % conservative   0        500      0        daily_dd (428)      
stoch mid (D1)               23730    1.00 % realistic      402      98       0        daily_dd (88)       
stoch mid (D1)               23730    1.00 % conservative   0        500      0        daily_dd (437)      
stoch limit (D1)             4454     0.25 % realistic      500      0        0        —                   
stoch limit (D1)             4454     0.25 % conservative   500      0        0        —                   
stoch limit (D1)             4454     0.50 % realistic      500      0        0        —                   
stoch limit (D1)             4454     0.50 % conservative   493      7        0        max_dd (7)          
stoch limit (D1)             4454     0.75 % realistic      496      4        0        daily_dd (4)        
stoch limit (D1)             4454     0.75 % conservative   375      125      0        max_dd (81)         
stoch limit (D1)             4454     1.00 % realistic      494      6        0        daily_dd (6)        
stoch limit (D1)             4454     1.00 % conservative   276      224      0        max_dd (154)        
sma mid (D1)                 3615     0.25 % realistic      500      0        0        —                   
sma mid (D1)                 3615     0.25 % conservative   500      0        0        —                   
sma mid (D1)                 3615     0.50 % realistic      500      0        0        —                   
sma mid (D1)                 3615     0.50 % conservative   499      1        0        max_dd (1)          
sma mid (D1)                 3615     0.75 % realistic      500      0        0        —                   
sma mid (D1)                 3615     0.75 % conservative   417      83       0        max_dd (48)         
sma mid (D1)                 3615     1.00 % realistic      493      7        0        daily_dd (7)        
sma mid (D1)                 3615     1.00 % conservative   322      178      0        max_dd (95)         
ema mid (D1)                 3842     0.25 % realistic      500      0        0        —                   
ema mid (D1)                 3842     0.25 % conservative   500      0        0        —                   
ema mid (D1)                 3842     0.50 % realistic      500      0        0        —                   
ema mid (D1)                 3842     0.50 % conservative   496      4        0        max_dd (4)          
ema mid (D1)                 3842     0.75 % realistic      494      6        0        daily_dd (6)        
ema mid (D1)                 3842     0.75 % conservative   369      131      0        daily_dd (68)       
ema mid (D1)                 3842     1.00 % realistic      492      8        0        daily_dd (5)        
ema mid (D1)                 3842     1.00 % conservative   281      219      0        max_dd (131)        
rsi mid (D1)                 11188    0.25 % realistic      500      0        0        —                   
rsi mid (D1)                 11188    0.25 % conservative   421      79       0        max_dd (79)         
rsi mid (D1)                 11188    0.50 % realistic      464      36       0        max_dd (29)         
rsi mid (D1)                 11188    0.50 % conservative   150      350      0        max_dd (255)        
rsi mid (D1)                 11188    0.75 % realistic      391      109      0        daily_dd (70)       
rsi mid (D1)                 11188    0.75 % conservative   22       478      0        daily_dd (285)      
rsi mid (D1)                 11188    1.00 % realistic      398      102      0        daily_dd (79)       
rsi mid (D1)                 11188    1.00 % conservative   16       484      0        daily_dd (299)      
cci mid (D1)                 9322     0.25 % realistic      500      0        0        —                   
cci mid (D1)                 9322     0.25 % conservative   451      49       0        max_dd (49)         
cci mid (D1)                 9322     0.50 % realistic      486      14       0        daily_dd (7)        
cci mid (D1)                 9322     0.50 % conservative   182      318      0        max_dd (259)        
cci mid (D1)                 9322     0.75 % realistic      421      79       0        daily_dd (60)       
cci mid (D1)                 9322     0.75 % conservative   38       462      0        max_dd (253)        
cci mid (D1)                 9322     1.00 % realistic      406      94       0        daily_dd (68)       
cci mid (D1)                 9322     1.00 % conservative   15       485      0        max_dd (261)        
cci limit (D1)               1022     0.25 % realistic      496      0        4        —                   
cci limit (D1)               1022     0.25 % conservative   496      0        4        —                   
cci limit (D1)               1022     0.50 % realistic      500      0        0        —                   
cci limit (D1)               1022     0.50 % conservative   500      0        0        —                   
cci limit (D1)               1022     0.75 % realistic      500      0        0        —                   
cci limit (D1)               1022     0.75 % conservative   500      0        0        —                   
cci limit (D1)               1022     1.00 % realistic      500      0        0        —                   
cci limit (D1)               1022     1.00 % conservative   500      0        0        —                   
macd limit (D1)              2348     0.25 % realistic      500      0        0        —                   
macd limit (D1)              2348     0.25 % conservative   500      0        0        —                   
macd limit (D1)              2348     0.50 % realistic      500      0        0        —                   
macd limit (D1)              2348     0.50 % conservative   500      0        0        —                   
macd limit (D1)              2348     0.75 % realistic      500      0        0        —                   
macd limit (D1)              2348     0.75 % conservative   460      40       0        max_dd (40)         
macd limit (D1)              2348     1.00 % realistic      479      21       0        daily_dd (12)       
macd limit (D1)              2348     1.00 % conservative   398      102      0        max_dd (93)         
atr mid (D1)                 60440    0.25 % realistic      377      123      0        daily_dd (97)       
atr mid (D1)                 60440    0.25 % conservative   1        499      0        daily_dd (263)      
atr mid (D1)                 60440    0.50 % realistic      322      178      0        daily_dd (147)      
atr mid (D1)                 60440    0.50 % conservative   0        500      0        daily_dd (469)      
atr mid (D1)                 60440    0.75 % realistic      282      218      0        daily_dd (200)      
atr mid (D1)                 60440    0.75 % conservative   0        500      0        daily_dd (497)      
atr mid (D1)                 60440    1.00 % realistic      279      221      0        daily_dd (205)      
atr mid (D1)                 60440    1.00 % conservative   0        500      0        daily_dd (497)      
atr limit (D1)               10840    0.25 % realistic      500      0        0        —                   
atr limit (D1)               10840    0.25 % conservative   460      40       0        max_dd (40)         
atr limit (D1)               10840    0.50 % realistic      492      8        0        max_dd (6)          
atr limit (D1)               10840    0.50 % conservative   235      265      0        max_dd (249)        
atr limit (D1)               10840    0.75 % realistic      450      50       0        daily_dd (37)       
atr limit (D1)               10840    0.75 % conservative   65       435      0        max_dd (231)        
atr limit (D1)               10840    1.00 % realistic      445      55       0        daily_dd (38)       
atr limit (D1)               10840    1.00 % conservative   37       463      0        daily_dd (235)      
sma limit (unfilt)           1041     0.25 % realistic      484      0        16       —                   
sma limit (unfilt)           1041     0.25 % conservative   484      0        16       —                   
sma limit (unfilt)           1041     0.50 % realistic      496      0        4        —                   
sma limit (unfilt)           1041     0.50 % conservative   436      60       4        max_dd (60)         
sma limit (unfilt)           1041     0.75 % realistic      500      0        0        —                   
sma limit (unfilt)           1041     0.75 % conservative   374      126      0        max_dd (126)        
sma limit (unfilt)           1041     1.00 % realistic      420      80       0        daily_dd (72)       
sma limit (unfilt)           1041     1.00 % conservative   340      160      0        max_dd (160)        
ema limit (unfilt)           1829     0.25 % realistic      493      0        7        —                   
ema limit (unfilt)           1829     0.25 % conservative   493      0        7        —                   
ema limit (unfilt)           1829     0.50 % realistic      500      0        0        —                   
ema limit (unfilt)           1829     0.50 % conservative   451      49       0        max_dd (49)         
ema limit (unfilt)           1829     0.75 % realistic      467      33       0        max_dd (24)         
ema limit (unfilt)           1829     0.75 % conservative   355      145      0        max_dd (145)        
ema limit (unfilt)           1829     1.00 % realistic      439      61       0        max_dd (54)         
ema limit (unfilt)           1829     1.00 % conservative   274      226      0        max_dd (226)        
rsi limit (unfilt)           1174     0.25 % realistic      493      0        7        —                   
rsi limit (unfilt)           1174     0.25 % conservative   493      0        7        —                   
rsi limit (unfilt)           1174     0.50 % realistic      496      4        0        max_dd (4)          
rsi limit (unfilt)           1174     0.50 % conservative   494      6        0        max_dd (6)          
rsi limit (unfilt)           1174     0.75 % realistic      480      20       0        max_dd (20)         
rsi limit (unfilt)           1174     0.75 % conservative   416      84       0        max_dd (84)         
rsi limit (unfilt)           1174     1.00 % realistic      462      38       0        max_dd (38)         
rsi limit (unfilt)           1174     1.00 % conservative   343      157      0        max_dd (157)        
ichimoku limit (unfilt)      167      0.25 % realistic      0        0        500      —                   
ichimoku limit (unfilt)      167      0.25 % conservative   0        0        500      —                   
ichimoku limit (unfilt)      167      0.50 % realistic      248      0        252      —                   
ichimoku limit (unfilt)      167      0.50 % conservative   248      0        252      —                   
ichimoku limit (unfilt)      167      0.75 % realistic      361      0        139      —                   
ichimoku limit (unfilt)      167      0.75 % conservative   361      0        139      —                   
ichimoku limit (unfilt)      167      1.00 % realistic      429      2        69       max_dd (2)          
ichimoku limit (unfilt)      167      1.00 % conservative   415      16       69       max_dd (16)         

Per-portfolio results → /root/BlueHorseshoe/research/ftmo_sizing_sim/per_portfolio_results.csv

==============================================================================================================
COMBINED PORTFOLIO PASS RATES
==============================================================================================================
Combined: 135012 trades from 14 portfolios, date range 2016-01-04 to 2026-04-15

SIZE     INTRA          PASS     FAIL     IN_PROG  MEDIAN_DAYS    TOP_FAIL            
--------------------------------------------------------------------------------------------------------------
0.25   % realistic      430      70       0        7              daily_dd (67)       
0.25   % conservative   0        500      0        —              daily_dd (495)      
0.50   % realistic      382      118      0        5              daily_dd (115)      
0.50   % conservative   0        500      0        —              daily_dd (500)      
0.75   % realistic      324      176      0        5              daily_dd (173)      
0.75   % conservative   0        500      0        —              daily_dd (500)      
1.00   % realistic      308      192      0        5              daily_dd (183)      
1.00   % conservative   0        500      0        —              daily_dd (500)      

Combined results → /root/BlueHorseshoe/research/ftmo_sizing_sim/combined_results.csv
