==== P0 CO-FIRE FEASIBILITY (strict-AND, same-direction) ====
pairs=17  evaluators=10  n_floor=40
evaluator-pair x direction combos: 90

solo fresh-fire counts (summed across all 17 pairs, ~16k bars each):
  stoch     long= 28714  short= 30547
  bb        long=  5518  short=  5571
  macd      long= 16586  short= 16583
  sma       long=  4470  short=  4604
  ema       long=  5543  short=  5710
  rsi       long= 11889  short= 12396
  cci       long= 19689  short= 20256
  atr       long= 68294  short= 67792
  ichimoku  long=  6498  short=  6446
  candle    long=  7334  short=     0

evaluator-pair x direction combos with >=1 testable forex-pair cell (>= 40 same-dir co-fires): 37 / 90

TOP 20 combos by best single forex-pair cell:
  A         B         dir   best_cell   total testable_cells
  stoch     atr       short      1224   18597             17
  stoch     atr       long       1127   17625             17
  rsi       atr       short       760   10716             17
  cci       atr       short       739   11632             17
  cci       atr       long        728   11451             17
  rsi       atr       long        673   10265             17
  stoch     rsi       short       573    7656             17
  stoch     cci       short       571    9025             17
  stoch     cci       long        554    8580             17
  stoch     rsi       long        510    7189             17
  atr       candle    long        478    7210             17
  macd      atr       long        408    6094             17
  macd      atr       short       401    6364             17
  rsi       cci       short       353    5252             17
  rsi       cci       long        333    5110             17
  bb        ema       short       173    2280             17
  bb        ema       long        163    2233             17
  stoch     candle    long        158    2241             17
  stoch     macd      short       142    1800             17
  macd      rsi       short       124    1499             17

distinct evaluator pairs testable in >=1 (forex_pair,direction) cell: 21 / 45
evaluator pairs with NO testable cell in either direction: 24
  - bb + atr
  - bb + candle
  - bb + cci
  - bb + ichimoku
  - bb + macd
  - bb + rsi
  - cci + ichimoku
  - ema + atr
  - ema + candle
  - ema + cci
  - ema + ichimoku
  - ema + rsi
  - ichimoku + candle
  - macd + ema
  - macd + ichimoku
  - macd + sma
  - rsi + ichimoku
  - sma + atr
  - sma + candle
  - sma + cci
  - sma + ichimoku
  - sma + rsi
  - stoch + ichimoku
  - stoch + sma

saved -> /root/worktrees/confluence-p0-factor-grouping/research/confluence_v1/co_fire_counts.csv
