==== P0 FACTOR GROUPING ====
deployed cells: 33
deployed pairs: 17
evaluator pairs evaluated: 45
threshold: abs(corr)>=0.50

clusters:
  C1: atr
  C2: bb
  C3: candle
  C4: cci
  C5: ema
  C6: ichimoku
  C7: macd
  C8: rsi
  C9: sma
  C10: stoch

cross-cluster shortlist: 45 evaluator pairs
redundant-by-design: 0 evaluator pairs
stoch nearest neighbor: rsi (corr=0.300)

top absolute correlations:
  bb        ema       pooled= 0.379 range=[ 0.331,  0.437]
  stoch     rsi       pooled= 0.300 range=[ 0.268,  0.328]
  rsi       cci       pooled= 0.249 range=[ 0.230,  0.272]
  rsi       atr       pooled= 0.233 range=[ 0.189,  0.264]
  stoch     cci       pooled= 0.227 range=[ 0.206,  0.246]
  atr       candle    pooled= 0.162 range=[ 0.148,  0.171]
  stoch     atr       pooled= 0.145 range=[ 0.130,  0.165]
  cci       atr       pooled= 0.117 range=[ 0.087,  0.142]
  bb        sma       pooled= 0.079 range=[ 0.055,  0.108]
  stoch     macd      pooled=-0.075 range=[-0.091, -0.059]
  sma       ema       pooled= 0.072 range=[ 0.048,  0.099]
  ema       rsi       pooled=-0.063 range=[-0.071, -0.056]

saved matrix -> /root/worktrees/confluence-p0-factor-grouping/research/confluence_v1/factor_grouping.csv
saved per-pair ranges -> /root/worktrees/confluence-p0-factor-grouping/research/confluence_v1/factor_grouping_pair_ranges.csv
saved report -> /root/worktrees/confluence-p0-factor-grouping/research/confluence_v1/P0_FACTOR_GROUPING.md
