Universe: 1718 symbols  |  Dates: 592  |  Strategies: ['baseline', 'mean_reversion']  |  Workers: 8
Phase A: preloading indicators...
  [100/1718] cached=100 elapsed=0.1m
  [200/1718] cached=200 elapsed=0.1m
  [300/1718] cached=300 elapsed=0.2m
  [400/1718] cached=400 elapsed=0.2m
  [500/1718] cached=500 elapsed=0.3m
  [600/1718] cached=600 elapsed=0.4m
  [700/1718] cached=700 elapsed=0.5m
  [800/1718] cached=800 elapsed=0.5m
  [900/1718] cached=900 elapsed=0.6m
  [1000/1718] cached=1000 elapsed=0.7m
  [1100/1718] cached=1100 elapsed=0.8m
  [1200/1718] cached=1200 elapsed=0.9m
  [1300/1718] cached=1300 elapsed=1.0m
  [1400/1718] cached=1400 elapsed=1.0m
  [1500/1718] cached=1500 elapsed=1.1m
  [1600/1718] cached=1600 elapsed=1.2m
  [1700/1718] cached=1700 elapsed=1.2m
  [1718/1718] cached=1718 elapsed=1.2m
Phase A done: 1718 symbols cached in 1.2m
Phase B: writing ledger to research/weekend_flatten_equities_v1/baseline_ledger_weekly.csv  (max_workers=8)
  [25/592] last=2015-06-25  elapsed 12.7m  rate 0.03 dates/s  eta 288.0m  written 486
  [50/592] last=2015-12-10  elapsed 22.9m  rate 0.04 dates/s  eta 247.8m  written 970
  [75/592] last=2016-06-02  elapsed 33.8m  rate 0.04 dates/s  eta 233.0m  written 1434
  [100/592] last=2016-11-17  elapsed 44.8m  rate 0.04 dates/s  eta 220.2m  written 1917
  [125/592] last=2017-05-25  elapsed 56.0m  rate 0.04 dates/s  eta 209.2m  written 2389
  [150/592] last=2017-11-09  elapsed 67.6m  rate 0.04 dates/s  eta 199.2m  written 2863
  [175/592] last=2018-05-03  elapsed 80.2m  rate 0.04 dates/s  eta 191.2m  written 3338
  [200/592] last=2018-10-25  elapsed 93.4m  rate 0.04 dates/s  eta 183.0m  written 3821
  [225/592] last=2019-04-18  elapsed 106.8m  rate 0.04 dates/s  eta 174.2m  written 4301
  [250/592] last=2019-10-10  elapsed 121.3m  rate 0.03 dates/s  eta 166.0m  written 4772
  [275/592] last=2020-04-02  elapsed 135.1m  rate 0.03 dates/s  eta 155.8m  written 5227
  [300/592] last=2020-09-17  elapsed 149.7m  rate 0.03 dates/s  eta 145.7m  written 5689
  [325/592] last=2021-03-18  elapsed 165.4m  rate 0.03 dates/s  eta 135.9m  written 6150
  [350/592] last=2021-09-09  elapsed 181.5m  rate 0.03 dates/s  eta 125.5m  written 6613
  [375/592] last=2022-03-10  elapsed 197.5m  rate 0.03 dates/s  eta 114.3m  written 7090
  [400/592] last=2022-09-01  elapsed 214.3m  rate 0.03 dates/s  eta 102.9m  written 7574
  [425/592] last=2023-02-16  elapsed 231.7m  rate 0.03 dates/s  eta 91.0m  written 8051
  [450/592] last=2023-08-10  elapsed 251.2m  rate 0.03 dates/s  eta 79.3m  written 8510
  [475/592] last=2024-02-08  elapsed 269.6m  rate 0.03 dates/s  eta 66.4m  written 8981
  [500/592] last=2024-08-01  elapsed 288.5m  rate 0.03 dates/s  eta 53.1m  written 9454
  [525/592] last=2025-01-16  elapsed 307.5m  rate 0.03 dates/s  eta 39.2m  written 9917
  [550/592] last=2025-07-10  elapsed 328.0m  rate 0.03 dates/s  eta 25.0m  written 10396
  [575/592] last=2026-01-01  elapsed 347.5m  rate 0.03 dates/s  eta 10.3m  written 10864
  [592/592] last=2026-04-23  elapsed 360.0m  rate 0.03 dates/s  eta 0.0m  written 11163

Done. Wrote 11163 trades to research/weekend_flatten_equities_v1/baseline_ledger_weekly.csv
